Archive member included to satisfy reference by file (symbol)

/opt/st/stm32cubeclt_1.20.0/GNU-tools-for-STM32/bin/../lib/gcc/arm-none-eabi/13.3.1/../../../../arm-none-eabi/lib/thumb/v8-m.main+fp/hard/libc_nano.a(libc_a-exit.o)
                              /opt/st/stm32cubeclt_1.20.0/GNU-tools-for-STM32/bin/../lib/gcc/arm-none-eabi/13.3.1/../../../../arm-none-eabi/lib/thumb/v8-m.main+fp/hard/crt0.o (exit)
/opt/st/stm32cubeclt_1.20.0/GNU-tools-for-STM32/bin/../lib/gcc/arm-none-eabi/13.3.1/../../../../arm-none-eabi/lib/thumb/v8-m.main+fp/hard/libc_nano.a(libc_a-strtol.o)
                              build/lora.o (strtol)
/opt/st/stm32cubeclt_1.20.0/GNU-tools-for-STM32/bin/../lib/gcc/arm-none-eabi/13.3.1/../../../../arm-none-eabi/lib/thumb/v8-m.main+fp/hard/libc_nano.a(libc_a-ctype_.o)
                              /opt/st/stm32cubeclt_1.20.0/GNU-tools-for-STM32/bin/../lib/gcc/arm-none-eabi/13.3.1/../../../../arm-none-eabi/lib/thumb/v8-m.main+fp/hard/libc_nano.a(libc_a-strtol.o) (_ctype_)
/opt/st/stm32cubeclt_1.20.0/GNU-tools-for-STM32/bin/../lib/gcc/arm-none-eabi/13.3.1/../../../../arm-none-eabi/lib/thumb/v8-m.main+fp/hard/libc_nano.a(libc_a-nano-vfprintf_float.o)
                              (_printf_float)
/opt/st/stm32cubeclt_1.20.0/GNU-tools-for-STM32/bin/../lib/gcc/arm-none-eabi/13.3.1/../../../../arm-none-eabi/lib/thumb/v8-m.main+fp/hard/libc_nano.a(libc_a-nano-vfprintf_i.o)
                              /opt/st/stm32cubeclt_1.20.0/GNU-tools-for-STM32/bin/../lib/gcc/arm-none-eabi/13.3.1/../../../../arm-none-eabi/lib/thumb/v8-m.main+fp/hard/libc_nano.a(libc_a-nano-vfprintf_float.o) (_printf_common)
/opt/st/stm32cubeclt_1.20.0/GNU-tools-for-STM32/bin/../lib/gcc/arm-none-eabi/13.3.1/../../../../arm-none-eabi/lib/thumb/v8-m.main+fp/hard/libc_nano.a(libc_a-findfp.o)
                              /opt/st/stm32cubeclt_1.20.0/GNU-tools-for-STM32/bin/../lib/gcc/arm-none-eabi/13.3.1/../../../../arm-none-eabi/lib/thumb/v8-m.main+fp/hard/libc_nano.a(libc_a-exit.o) (__stdio_exit_handler)
/opt/st/stm32cubeclt_1.20.0/GNU-tools-for-STM32/bin/../lib/gcc/arm-none-eabi/13.3.1/../../../../arm-none-eabi/lib/thumb/v8-m.main+fp/hard/libc_nano.a(libc_a-fwalk.o)
                              /opt/st/stm32cubeclt_1.20.0/GNU-tools-for-STM32/bin/../lib/gcc/arm-none-eabi/13.3.1/../../../../arm-none-eabi/lib/thumb/v8-m.main+fp/hard/libc_nano.a(libc_a-findfp.o) (_fwalk_sglue)
/opt/st/stm32cubeclt_1.20.0/GNU-tools-for-STM32/bin/../lib/gcc/arm-none-eabi/13.3.1/../../../../arm-none-eabi/lib/thumb/v8-m.main+fp/hard/libc_nano.a(libc_a-printf.o)
                              build/main.o (printf)
/opt/st/stm32cubeclt_1.20.0/GNU-tools-for-STM32/bin/../lib/gcc/arm-none-eabi/13.3.1/../../../../arm-none-eabi/lib/thumb/v8-m.main+fp/hard/libc_nano.a(libc_a-puts.o)
                              build/main.o (puts)
/opt/st/stm32cubeclt_1.20.0/GNU-tools-for-STM32/bin/../lib/gcc/arm-none-eabi/13.3.1/../../../../arm-none-eabi/lib/thumb/v8-m.main+fp/hard/libc_nano.a(libc_a-snprintf.o)
                              build/lora.o (snprintf)
/opt/st/stm32cubeclt_1.20.0/GNU-tools-for-STM32/bin/../lib/gcc/arm-none-eabi/13.3.1/../../../../arm-none-eabi/lib/thumb/v8-m.main+fp/hard/libc_nano.a(libc_a-stdio.o)
                              /opt/st/stm32cubeclt_1.20.0/GNU-tools-for-STM32/bin/../lib/gcc/arm-none-eabi/13.3.1/../../../../arm-none-eabi/lib/thumb/v8-m.main+fp/hard/libc_nano.a(libc_a-findfp.o) (__sread)
/opt/st/stm32cubeclt_1.20.0/GNU-tools-for-STM32/bin/../lib/gcc/arm-none-eabi/13.3.1/../../../../arm-none-eabi/lib/thumb/v8-m.main+fp/hard/libc_nano.a(libc_a-vsnprintf.o)
                              build/sht40x_driver_interface.o (vsnprintf)
/opt/st/stm32cubeclt_1.20.0/GNU-tools-for-STM32/bin/../lib/gcc/arm-none-eabi/13.3.1/../../../../arm-none-eabi/lib/thumb/v8-m.main+fp/hard/libc_nano.a(libc_a-wbuf.o)
                              /opt/st/stm32cubeclt_1.20.0/GNU-tools-for-STM32/bin/../lib/gcc/arm-none-eabi/13.3.1/../../../../arm-none-eabi/lib/thumb/v8-m.main+fp/hard/libc_nano.a(libc_a-puts.o) (__swbuf_r)
/opt/st/stm32cubeclt_1.20.0/GNU-tools-for-STM32/bin/../lib/gcc/arm-none-eabi/13.3.1/../../../../arm-none-eabi/lib/thumb/v8-m.main+fp/hard/libc_nano.a(libc_a-wsetup.o)
                              /opt/st/stm32cubeclt_1.20.0/GNU-tools-for-STM32/bin/../lib/gcc/arm-none-eabi/13.3.1/../../../../arm-none-eabi/lib/thumb/v8-m.main+fp/hard/libc_nano.a(libc_a-puts.o) (__swsetup_r)
/opt/st/stm32cubeclt_1.20.0/GNU-tools-for-STM32/bin/../lib/gcc/arm-none-eabi/13.3.1/../../../../arm-none-eabi/lib/thumb/v8-m.main+fp/hard/libc_nano.a(libc_a-memset.o)
                              /opt/st/stm32cubeclt_1.20.0/GNU-tools-for-STM32/bin/../lib/gcc/arm-none-eabi/13.3.1/../../../../arm-none-eabi/lib/thumb/v8-m.main+fp/hard/crt0.o (memset)
/opt/st/stm32cubeclt_1.20.0/GNU-tools-for-STM32/bin/../lib/gcc/arm-none-eabi/13.3.1/../../../../arm-none-eabi/lib/thumb/v8-m.main+fp/hard/libc_nano.a(libc_a-strncpy.o)
                              build/sht40x_driver.o (strncpy)
[...]
Memory Configuration

Name             Origin             Length             Attributes
RAM              0x20000000         0x00040000         xrw
SRAM4            0x28000000         0x00004000         xrw
FLASH            0x08000000         0x00080000         xr
*default*        0x00000000         0xffffffff

Linker script and memory map

LOAD /opt/st/stm32cubeclt_1.20.0/GNU-tools-for-STM32/bin/../lib/gcc/arm-none-eabi/13.3.1/thumb/v8-m.main+fp/hard/crti.o
LOAD /opt/st/stm32cubeclt_1.20.0/GNU-tools-for-STM32/bin/../lib/gcc/arm-none-eabi/13.3.1/thumb/v8-m.main+fp/hard/crtbegin.o
LOAD /opt/st/stm32cubeclt_1.20.0/GNU-tools-for-STM32/bin/../lib/gcc/arm-none-eabi/13.3.1/../../../../arm-none-eabi/lib/thumb/v8-m.main+fp/hard/crt0.o
LOAD build/main.o
LOAD build/stm32u5xx_it.o
LOAD build/stm32u5xx_hal_msp.o
LOAD build/stm32u5xx_nucleo.o
LOAD build/stts22h.o
LOAD build/stts22h_reg.o
LOAD build/stts22h_app.o
LOAD build/sht40x_driver_basic.o
LOAD build/sht40x_driver_interface.o
LOAD build/sht40x_driver.o
LOAD build/lps22df_reg.o
LOAD build/lps22df_app.o
LOAD build/lora.o
LOAD build/syscalls.o
LOAD build/stm32u5xx_hal_cortex.o
LOAD build/stm32u5xx_hal_icache.o
LOAD build/stm32u5xx_hal.o
LOAD build/stm32u5xx_hal_i2c.o
LOAD build/stm32u5xx_hal_i2c_ex.o
LOAD build/stm32u5xx_hal_rcc.o
LOAD build/stm32u5xx_hal_rcc_ex.o
LOAD build/stm32u5xx_hal_flash.o
LOAD build/stm32u5xx_hal_flash_ex.o
LOAD build/stm32u5xx_hal_gpio.o
LOAD build/stm32u5xx_hal_dma.o
LOAD build/stm32u5xx_hal_dma_ex.o
LOAD build/stm32u5xx_hal_exti.o
LOAD build/stm32u5xx_hal_pwr.o
LOAD build/stm32u5xx_hal_pwr_ex.o
LOAD build/stm32u5xx_hal_gtzc.o
LOAD build/stm32u5xx_hal_usart.o
LOAD build/stm32u5xx_hal_usart_ex.o
LOAD build/stm32u5xx_hal_uart_ex.o
LOAD build/stm32u5xx_hal_uart.o
LOAD build/system_stm32u5xx.o
LOAD build/network_data_params.o
LOAD build/network_data.o
LOAD build/network.o
LOAD build/app_x-cube-ai.o
LOAD build/startup_stm32u545xx.o
START GROUP
LOAD /opt/st/stm32cubeclt_1.20.0/GNU-tools-for-STM32/bin/../lib/gcc/arm-none-eabi/13.3.1/../../../../arm-none-eabi/lib/thumb/v8-m.main+fp/hard/libc_nano.a
LOAD /opt/st/stm32cubeclt_1.20.0/GNU-tools-for-STM32/bin/../lib/gcc/arm-none-eabi/13.3.1/../../../../arm-none-eabi/lib/thumb/v8-m.main+fp/hard/libm.a
LOAD /opt/st/stm32cubeclt_1.20.0/GNU-tools-for-STM32/bin/../lib/gcc/arm-none-eabi/13.3.1/../../../../arm-none-eabi/lib/thumb/v8-m.main+fp/hard/libnosys.a
LOAD Middlewares/ST/AI/Lib/NetworkRuntime1020_CM33_GCC.a
END GROUP
START GROUP
LOAD /opt/st/stm32cubeclt_1.20.0/GNU-tools-for-STM32/bin/../lib/gcc/arm-none-eabi/13.3.1/thumb/v8-m.main+fp/hard/libgcc.a
LOAD /opt/st/stm32cubeclt_1.20.0/GNU-tools-for-STM32/bin/../lib/gcc/arm-none-eabi/13.3.1/../../../../arm-none-eabi/lib/thumb/v8-m.main+fp/hard/libc_nano.a
END GROUP
START GROUP
LOAD /opt/st/stm32cubeclt_1.20.0/GNU-tools-for-STM32/bin/../lib/gcc/arm-none-eabi/13.3.1/thumb/v8-m.main+fp/hard/libgcc.a
LOAD /opt/st/stm32cubeclt_1.20.0/GNU-tools-for-STM32/bin/../lib/gcc/arm-none-eabi/13.3.1/../../../../arm-none-eabi/lib/thumb/v8-m.main+fp/hard/libc_nano.a
END GROUP
LOAD /opt/st/stm32cubeclt_1.20.0/GNU-tools-for-STM32/bin/../lib/gcc/arm-none-eabi/13.3.1/thumb/v8-m.main+fp/hard/crtend.o
LOAD /opt/st/stm32cubeclt_1.20.0/GNU-tools-for-STM32/bin/../lib/gcc/arm-none-eabi/13.3.1/thumb/v8-m.main+fp/hard/crtn.o
                0x20040000                        _estack = (ORIGIN (RAM) + LENGTH (RAM))
                0x00000800                        _Min_Heap_Size = 0x800
                0x00000800                        _Min_Stack_Size = 0x800

.isr_vector     0x08000000      0x238
 *(.isr_vector)
 .isr_vector    0x08000000      0x238 build/startup_stm32u545xx.o
                0x08000000                g_pfnVectors

.text           0x08000238     0xeab8
 *(.text)
 .text          0x08000238       0x40 /opt/st/stm32cubeclt_1.20.0/GNU-tools-for-STM32/bin/../lib/gcc/arm-none-eabi/13.3.1/thumb/v8-m.main+fp/hard/crtbegin.o
 .text          0x08000278       0x10 /opt/st/stm32cubeclt_1.20.0/GNU-tools-for-STM32/bin/../lib/gcc/arm-none-eabi/13.3.1/../../../../arm-none-eabi/lib/thumb/v8-m.main+fp/hard/libc_nano.a(libc_a-strlen.o)
                0x08000278                strlen
 .text          0x08000288      0x378 /opt/st/stm32cubeclt_1.20.0/GNU-tools-for-STM32/bin/../lib/gcc/arm-none-eabi/13.3.1/thumb/v8-m.main+fp/hard/libgcc.a(_arm_addsubdf3.o)
                0x08000288                __aeabi_drsub
                0x08000290                __aeabi_dsub
                0x08000290                __subdf3
                0x08000294                __adddf3
                0x08000294                __aeabi_dadd
                0x0800050c                __aeabi_ui2d
                0x0800050c                __floatunsidf
                0x0800052c                __floatsidf
                0x0800052c                __aeabi_i2d
                0x08000550                __extendsfdf2
                0x08000550                __aeabi_f2d
                0x08000594                __aeabi_ul2d
                0x08000594                __floatundidf
                0x080005a4                __floatdidf
                0x080005a4                __aeabi_l2d
 .text          0x08000600      0x424 /opt/st/stm32cubeclt_1.20.0/GNU-tools-for-STM32/bin/../lib/gcc/arm-none-eabi/13.3.1/thumb/v8-m.main+fp/hard/libgcc.a(_arm_muldivdf3.o)
                0x08000600                __aeabi_dmul
                0x08000600                __muldf3
                0x08000854                __aeabi_ddiv
                0x08000854                __divdf3
 .text          0x08000a24      0x110 /opt/st/stm32cubeclt_1.20.0/GNU-tools-for-STM32/bin/../lib/gcc/arm-none-eabi/13.3.1/thumb/v8-m.main+fp/hard/libgcc.a(_arm_cmpdf2.o)
                0x08000a24                __gtdf2
                0x08000a24                __gedf2
                0x08000a2c                __ltdf2
                0x08000a2c                __ledf2
                0x08000a34                __cmpdf2
                0x08000a34                __eqdf2
                0x08000a34                __nedf2
                0x08000ab0                __aeabi_cdrcmple
                0x08000ac0                __aeabi_cdcmple
                0x08000ac0                __aeabi_cdcmpeq
                0x08000ad0                __aeabi_dcmpeq
                0x08000ae4                __aeabi_dcmplt
                0x08000af8                __aeabi_dcmple
                0x08000b0c                __aeabi_dcmpge
                0x08000b20                __aeabi_dcmpgt
 .text          0x08000b34       0x2c /opt/st/stm32cubeclt_1.20.0/GNU-tools-for-STM32/bin/../lib/gcc/arm-none-eabi/13.3.1/thumb/v8-m.main+fp/hard/libgcc.a(_arm_unorddf2.o)
                0x08000b34                __aeabi_dcmpun
                0x08000b34                __unorddf2
 .text          0x08000b60       0x50 /opt/st/stm32cubeclt_1.20.0/GNU-tools-for-STM32/bin/../lib/gcc/arm-none-eabi/13.3.1/thumb/v8-m.main+fp/hard/libgcc.a(_arm_fixdfsi.o)
                0x08000b60                __fixdfsi
                0x08000b60                __aeabi_d2iz
 .text          0x08000bb0       0xa0 /opt/st/stm32cubeclt_1.20.0/GNU-tools-for-STM32/bin/../lib/gcc/arm-none-eabi/13.3.1/thumb/v8-m.main+fp/hard/libgcc.a(_arm_truncdfsf2.o)
                0x08000bb0                __aeabi_d2f
                0x08000bb0                __truncdfsf2
 .text          0x08000c50       0x30 /opt/st/stm32cubeclt_1.20.0/GNU-tools-for-STM32/bin/../lib/gcc/arm-none-eabi/13.3.1/thumb/v8-m.main+fp/hard/libgcc.a(_aeabi_uldivmod.o)
                0x08000c50                __aeabi_uldivmod
 .text          0x08000c80      0x348 /opt/st/stm32cubeclt_1.20.0/GNU-tools-for-STM32/bin/../lib/gcc/arm-none-eabi/13.3.1/thumb/v8-m.main+fp/hard/libgcc.a(_udivmoddi4.o)
                0x08000c80                __udivmoddi4
 .text          0x08000fc8        0x4 /opt/st/stm32cubeclt_1.20.0/GNU-tools-for-STM32/bin/../lib/gcc/arm-none-eabi/13.3.1/thumb/v8-m.main+fp/hard/libgcc.a(_dvmd_tls.o)
                0x08000fc8                __aeabi_ldiv0
                0x08000fc8                __aeabi_idiv0
 *(.text*)
 .text.MX_GPIO_Init
                0x08000fcc       0x3c build/main.o
 .text.__io_putchar
                0x08001008       0x20 build/main.o
                0x08001008                __io_putchar
 .text.BSP_PB_Callback
                0x08001028       0x10 build/main.o
                0x08001028                BSP_PB_Callback
 .text.Error_Handler
                0x08001038        0x4 build/main.o
                0x08001038                Error_Handler
 .text.SystemPower_Config
                0x0800103c       0x10 build/main.o
 .text.MX_ICACHE_Init
                0x0800104c       0x1a build/main.o
 *fill*         0x08001066        0x2 
 .text.MX_I2C1_Init
                0x08001068       0x50 build/main.o
 .text.MX_LPUART1_UART_Init
                0x080010b8       0x60 build/main.o
 .text.MX_USART1_UART_Init
                0x08001118       0x60 build/main.o
 .text.SystemClock_Config
                0x08001178       0x68 build/main.o
                0x08001178                SystemClock_Config
 .text.main     0x080011e0      0x388 build/main.o
                0x080011e0                main
 .text.NMI_Handler
                0x08001568        0x2 build/stm32u5xx_it.o
                0x08001568                NMI_Handler
 .text.HardFault_Handler
                0x0800156a        0x2 build/stm32u5xx_it.o
                0x0800156a                HardFault_Handler
 .text.MemManage_Handler
                0x0800156c        0x2 build/stm32u5xx_it.o
                0x0800156c                MemManage_Handler
 .text.BusFault_Handler
                0x0800156e        0x2 build/stm32u5xx_it.o
                0x0800156e                BusFault_Handler
 .text.UsageFault_Handler
                0x08001570        0x2 build/stm32u5xx_it.o
                0x08001570                UsageFault_Handler
 .text.SVC_Handler
                0x08001572        0x2 build/stm32u5xx_it.o
                0x08001572                SVC_Handler
 .text.DebugMon_Handler
                0x08001574        0x2 build/stm32u5xx_it.o
                0x08001574                DebugMon_Handler
 .text.PendSV_Handler
                0x08001576        0x2 build/stm32u5xx_it.o
                0x08001576                PendSV_Handler
 .text.SysTick_Handler
                0x08001578        0x8 build/stm32u5xx_it.o
                0x08001578                SysTick_Handler
 .text.EXTI13_IRQHandler
                0x08001580        0xa build/stm32u5xx_it.o
                0x08001580                EXTI13_IRQHandler
 *fill*         0x0800158a        0x2 
 .text.HAL_MspInit
                0x0800158c       0x24 build/stm32u5xx_hal_msp.o
                0x0800158c                HAL_MspInit
 .text.HAL_I2C_MspInit
                0x080015b0       0x98 build/stm32u5xx_hal_msp.o
                0x080015b0                HAL_I2C_MspInit
 .text.HAL_UART_MspInit
                0x08001648      0x108 build/stm32u5xx_hal_msp.o
                0x08001648                HAL_UART_MspInit
 .text.BSP_LED_Init
                0x08001750       0x4c build/stm32u5xx_nucleo.o
                0x08001750                BSP_LED_Init
 .text.BSP_LED_On
                0x0800179c       0x1c build/stm32u5xx_nucleo.o
                0x0800179c                BSP_LED_On
 .text.BSP_LED_Off
                0x080017b8       0x1c build/stm32u5xx_nucleo.o
                0x080017b8                BSP_LED_Off
 .text.BSP_PB_Init
                0x080017d4       0x94 build/stm32u5xx_nucleo.o
                0x080017d4                BSP_PB_Init
 .text.BSP_PB_IRQHandler
                0x08001868       0x18 build/stm32u5xx_nucleo.o
                0x08001868                BSP_PB_IRQHandler
 .text.BUTTON_USER_EXTI_Callback
                0x08001880        0xa build/stm32u5xx_nucleo.o
 .text.ReadRegWrap
                0x0800188a       0x44 build/stts22h.o
 .text.WriteRegWrap
                0x080018ce       0x44 build/stts22h.o
 .text.STTS22H_Init
                0x08001912       0x50 build/stts22h.o
                0x08001912                STTS22H_Init
 *fill*         0x08001962        0x2 
 .text.STTS22H_TEMP_SetOutputDataRate
                0x08001964       0x64 build/stts22h.o
                0x08001964                STTS22H_TEMP_SetOutputDataRate
 .text.STTS22H_TEMP_Enable
                0x080019c8       0x28 build/stts22h.o
                0x080019c8                STTS22H_TEMP_Enable
 .text.STTS22H_TEMP_GetTemperature
                0x080019f0       0x2c build/stts22h.o
                0x080019f0                STTS22H_TEMP_GetTemperature
 .text.STTS22H_RegisterBusIO
                0x08001a1c       0x4c build/stts22h.o
                0x08001a1c                STTS22H_RegisterBusIO
 .text.stts22h_read_reg
                0x08001a68        0xa build/stts22h_reg.o
                0x08001a68                stts22h_read_reg
 .text.stts22h_write_reg
                0x08001a72        0xa build/stts22h_reg.o
                0x08001a72                stts22h_write_reg
 .text.stts22h_from_lsb_to_celsius
                0x08001a7c       0x18 build/stts22h_reg.o
                0x08001a7c                stts22h_from_lsb_to_celsius
 .text.stts22h_temp_data_rate_set
                0x08001a94      0x168 build/stts22h_reg.o
                0x08001a94                stts22h_temp_data_rate_set
 .text.stts22h_block_data_update_set
                0x08001bfc       0x32 build/stts22h_reg.o
                0x08001bfc                stts22h_block_data_update_set
 .text.stts22h_temperature_raw_get
                0x08001c2e       0x24 build/stts22h_reg.o
                0x08001c2e                stts22h_temperature_raw_get
 .text.stts22h_auto_increment_set
                0x08001c52       0x32 build/stts22h_reg.o
                0x08001c52                stts22h_auto_increment_set
 .text.STTS22H_I2C_Init
                0x08001c84        0x4 build/stts22h_app.o
 .text.STTS22H_I2C_DeInit
                0x08001c88        0x4 build/stts22h_app.o
 .text.STTS22H_I2C_Delay
                0x08001c8c        0x8 build/stts22h_app.o
 .text.STTS22H_I2C_GetTick
                0x08001c94        0x8 build/stts22h_app.o
 .text.STTS22H_I2C_ReadReg
                0x08001c9c       0x2c build/stts22h_app.o
 .text.STTS22H_I2C_WriteReg
                0x08001cc8       0x2c build/stts22h_app.o
 .text.STTS22H_App_Init
                0x08001cf4       0x9c build/stts22h_app.o
                0x08001cf4                STTS22H_App_Init
 .text.STTS22H_App_ReadTemperature
                0x08001d90       0x18 build/stts22h_app.o
                0x08001d90                STTS22H_App_ReadTemperature
 .text.Temperature_Init
                0x08001da8       0x28 build/stts22h_app.o
                0x08001da8                Temperature_Init
 .text.Temperature_Read
                0x08001dd0       0x18 build/stts22h_app.o
                0x08001dd0                Temperature_Read
 .text.sht40x_basic_initialize
                0x08001de8       0x78 build/sht40x_driver_basic.o
                0x08001de8                sht40x_basic_initialize
 .text.sht40x_basic_get_temp_rh
                0x08001e60       0x14 build/sht40x_driver_basic.o
                0x08001e60                sht40x_basic_get_temp_rh
 .text.sht40x_interface_i2c_init
                0x08001e74        0x4 build/sht40x_driver_interface.o
                0x08001e74                sht40x_interface_i2c_init
 .text.sht40x_interface_i2c_deinit
                0x08001e78        0x4 build/sht40x_driver_interface.o
                0x08001e78                sht40x_interface_i2c_deinit
 .text.sht40x_interface_i2c_read
                0x08001e7c       0x28 build/sht40x_driver_interface.o
                0x08001e7c                sht40x_interface_i2c_read
 .text.sht40x_interface_i2c_write
                0x08001ea4       0x28 build/sht40x_driver_interface.o
                0x08001ea4                sht40x_interface_i2c_write
 .text.sht40x_interface_delay_ms
                0x08001ecc        0x8 build/sht40x_driver_interface.o
                0x08001ecc                sht40x_interface_delay_ms
 .text.sht40x_interface_debug_print
                0x08001ed4       0x30 build/sht40x_driver_interface.o
                0x08001ed4                sht40x_interface_debug_print
 .text.Humidity_Temperature_Read
                0x08001f04       0x30 build/sht40x_driver_interface.o
                0x08001f04                Humidity_Temperature_Read
 .text.a_sht40x_i2c_write
                0x08001f34       0x20 build/sht40x_driver.o
                0x08001f34                a_sht40x_i2c_write
 .text.a_sht40x_i2c_read
                0x08001f54       0x14 build/sht40x_driver.o
                0x08001f54                a_sht40x_i2c_read
 .text.a_sht40x_print_error_msg
                0x08001f68       0x10 build/sht40x_driver.o
                0x08001f68                a_sht40x_print_error_msg
 .text.sht40x_init
                0x08001f78       0x7c build/sht40x_driver.o
                0x08001f78                sht40x_init
 .text.sht40x_set_addr
                0x08001ff4       0x18 build/sht40x_driver.o
                0x08001ff4                sht40x_set_addr
 .text.sht40x_set_variant
                0x0800200c       0x42 build/sht40x_driver.o
                0x0800200c                sht40x_set_variant
 *fill*         0x0800204e        0x2 
 .text.sht40x_get_temp_rh
                0x08002050      0x174 build/sht40x_driver.o
                0x08002050                sht40x_get_temp_rh
 .text.bytecpy  0x080021c4        0xa build/lps22df_reg.o
 .text.lps22df_read_reg
                0x080021ce       0x12 build/lps22df_reg.o
                0x080021ce                lps22df_read_reg
 .text.lps22df_write_reg
                0x080021e0       0x12 build/lps22df_reg.o
                0x080021e0                lps22df_write_reg
 *fill*         0x080021f2        0x2 
 .text.lps22df_from_lsb_to_hPa
                0x080021f4       0x18 build/lps22df_reg.o
                0x080021f4                lps22df_from_lsb_to_hPa
 .text.lps22df_from_lsb_to_celsius
                0x0800220c       0x18 build/lps22df_reg.o
                0x0800220c                lps22df_from_lsb_to_celsius
 .text.lps22df_id_get
                0x08002224       0x22 build/lps22df_reg.o
                0x08002224                lps22df_id_get
 .text.lps22df_status_get
                0x08002246       0xd8 build/lps22df_reg.o
                0x08002246                lps22df_status_get
 .text.lps22df_init_set
                0x0800231e      0x164 build/lps22df_reg.o
                0x0800231e                lps22df_init_set
 .text.lps22df_mode_set
                0x08002482       0x8a build/lps22df_reg.o
                0x08002482                lps22df_mode_set
 .text.lps22df_data_get
                0x0800250c       0x60 build/lps22df_reg.o
                0x0800250c                lps22df_data_get
 .text.LPS22DF_I2C_Delay
                0x0800256c        0x8 build/lps22df_app.o
 .text.LPS22DF_I2C_WriteReg
                0x08002574       0x24 build/lps22df_app.o
 .text.LPS22DF_I2C_ReadReg
                0x08002598       0x24 build/lps22df_app.o
 .text.LPS22DF_App_Init
                0x080025bc       0x9c build/lps22df_app.o
                0x080025bc                LPS22DF_App_Init
 .text.LPS22DF_App_ReadData
                0x08002658       0x28 build/lps22df_app.o
                0x08002658                LPS22DF_App_ReadData
 .text.Pressure_Init
                0x08002680       0x28 build/lps22df_app.o
                0x08002680                Pressure_Init
 .text.Pressure_Read
                0x080026a8       0x30 build/lps22df_app.o
                0x080026a8                Pressure_Read
 .text.lora_flush_rx
                0x080026d8       0x4c build/lora.o
                0x080026d8                lora_flush_rx
 .text.lora_ShowResponse
                0x08002724       0x40 build/lora.o
                0x08002724                lora_ShowResponse
 .text.lora_SendCommand
                0x08002764       0x28 build/lora.o
                0x08002764                lora_SendCommand
 .text.lora_Sleep
                0x0800278c       0x10 build/lora.o
                0x0800278c                lora_Sleep
 .text.lora_WakeUp
                0x0800279c       0x34 build/lora.o
                0x0800279c                lora_WakeUp
 .text.lora_ReceiveDownlink
                0x080027d0      0x154 build/lora.o
                0x080027d0                lora_ReceiveDownlink
 .text.send_at_command_until
                0x08002924       0xc0 build/lora.o
                0x08002924                send_at_command_until
 .text.send_at_command
                0x080029e4       0x12 build/lora.o
                0x080029e4                send_at_command
 *fill*         0x080029f6        0x2 
 .text.config_Lora
                0x080029f8       0xc8 build/lora.o
                0x080029f8                config_Lora
 .text.lora_envoi_data
                0x08002ac0       0x6c build/lora.o
                0x08002ac0                lora_envoi_data
 .text.lora_envoi_prediction
                0x08002b2c       0x80 build/lora.o
                0x08002b2c                lora_envoi_prediction
 .text._getpid  0x08002bac        0x4 build/syscalls.o
                0x08002bac                _getpid
 .text._kill    0x08002bb0       0x10 build/syscalls.o
                0x08002bb0                _kill
 .text._exit    0x08002bc0        0xc build/syscalls.o
                0x08002bc0                _exit
 .text._read    0x08002bcc       0x20 build/syscalls.o
                0x08002bcc                _read
 .text._write   0x08002bec       0x1c build/syscalls.o
                0x08002bec                _write
 .text._close   0x08002c08        0x6 build/syscalls.o
                0x08002c08                _close
 .text._fstat   0x08002c0e        0xa build/syscalls.o
                0x08002c0e                _fstat
 .text._isatty  0x08002c18        0x4 build/syscalls.o
                0x08002c18                _isatty
 .text._lseek   0x08002c1c        0x4 build/syscalls.o
                0x08002c1c                _lseek
 .text.__NVIC_EnableIRQ
                0x08002c20       0x1c build/stm32u5xx_hal_cortex.o
 .text.__NVIC_SetPriority
                0x08002c3c       0x28 build/stm32u5xx_hal_cortex.o
 .text.NVIC_EncodePriority
                0x08002c64       0x3e build/stm32u5xx_hal_cortex.o
 *fill*         0x08002ca2        0x2 
 .text.HAL_NVIC_SetPriorityGrouping
                0x08002ca4       0x24 build/stm32u5xx_hal_cortex.o
                0x08002ca4                HAL_NVIC_SetPriorityGrouping
 .text.HAL_NVIC_SetPriority
                0x08002cc8       0x20 build/stm32u5xx_hal_cortex.o
                0x08002cc8                HAL_NVIC_SetPriority
 .text.HAL_NVIC_EnableIRQ
                0x08002ce8        0x8 build/stm32u5xx_hal_cortex.o
                0x08002ce8                HAL_NVIC_EnableIRQ
 .text.HAL_SYSTICK_Config
                0x08002cf0       0x20 build/stm32u5xx_hal_cortex.o
                0x08002cf0                HAL_SYSTICK_Config
 .text.HAL_SYSTICK_CLKSourceConfig
                0x08002d10       0x7c build/stm32u5xx_hal_cortex.o
                0x08002d10                HAL_SYSTICK_CLKSourceConfig
 .text.HAL_SYSTICK_GetCLKSourceConfig
                0x08002d8c       0x34 build/stm32u5xx_hal_cortex.o
                0x08002d8c                HAL_SYSTICK_GetCLKSourceConfig
 .text.HAL_ICACHE_ConfigAssociativityMode
                0x08002dc0       0x24 build/stm32u5xx_hal_icache.o
                0x08002dc0                HAL_ICACHE_ConfigAssociativityMode
 .text.HAL_ICACHE_Enable
                0x08002de4       0x14 build/stm32u5xx_hal_icache.o
                0x08002de4                HAL_ICACHE_Enable
 .text.HAL_InitTick
                0x08002df8       0xac build/stm32u5xx_hal.o
                0x08002df8                HAL_InitTick
 .text.HAL_Init
                0x08002ea4       0x54 build/stm32u5xx_hal.o
                0x08002ea4                HAL_Init
 .text.HAL_IncTick
                0x08002ef8       0x18 build/stm32u5xx_hal.o
                0x08002ef8                HAL_IncTick
 .text.HAL_GetTick
                0x08002f10        0xc build/stm32u5xx_hal.o
                0x08002f10                HAL_GetTick
 .text.HAL_Delay
                0x08002f1c       0x28 build/stm32u5xx_hal.o
                0x08002f1c                HAL_Delay
 .text.I2C_Flush_TXDR
                0x08002f44       0x22 build/stm32u5xx_hal_i2c.o
 .text.I2C_TransferConfig
                0x08002f66       0x3c build/stm32u5xx_hal_i2c.o
 .text.I2C_IsErrorOccurred
                0x08002fa2      0x114 build/stm32u5xx_hal_i2c.o
 .text.I2C_WaitOnTXISFlagUntilTimeout
                0x080030b6       0x60 build/stm32u5xx_hal_i2c.o
 .text.I2C_WaitOnFlagUntilTimeout
                0x08003116       0x7c build/stm32u5xx_hal_i2c.o
 *fill*         0x08003192        0x2 
 .text.I2C_RequestMemoryWrite
                0x08003194       0x7c build/stm32u5xx_hal_i2c.o
 .text.I2C_RequestMemoryRead
                0x08003210       0x78 build/stm32u5xx_hal_i2c.o
 .text.I2C_WaitOnSTOPFlagUntilTimeout
                0x08003288       0x5e build/stm32u5xx_hal_i2c.o
 .text.I2C_WaitOnRXNEFlagUntilTimeout
                0x080032e6       0xaa build/stm32u5xx_hal_i2c.o
 .text.HAL_I2C_Init
                0x08003390       0xc8 build/stm32u5xx_hal_i2c.o
                0x08003390                HAL_I2C_Init
 .text.HAL_I2C_Master_Transmit
                0x08003458      0x17c build/stm32u5xx_hal_i2c.o
                0x08003458                HAL_I2C_Master_Transmit
 .text.HAL_I2C_Master_Receive
                0x080035d4      0x17c build/stm32u5xx_hal_i2c.o
                0x080035d4                HAL_I2C_Master_Receive
 .text.HAL_I2C_Mem_Write
                0x08003750      0x1a8 build/stm32u5xx_hal_i2c.o
                0x08003750                HAL_I2C_Mem_Write
 .text.HAL_I2C_Mem_Read
                0x080038f8      0x1b0 build/stm32u5xx_hal_i2c.o
                0x080038f8                HAL_I2C_Mem_Read
 .text.HAL_I2CEx_ConfigAnalogFilter
                0x08003aa8       0x5c build/stm32u5xx_hal_i2c_ex.o
                0x08003aa8                HAL_I2CEx_ConfigAnalogFilter
 .text.HAL_I2CEx_ConfigDigitalFilter
                0x08003b04       0x58 build/stm32u5xx_hal_i2c_ex.o
                0x08003b04                HAL_I2CEx_ConfigDigitalFilter
 .text.RCC_SetFlashLatencyFromMSIRange
                0x08003b5c       0xc4 build/stm32u5xx_hal_rcc.o
 .text.HAL_RCC_GetSysClockFreq
                0x08003c20      0x184 build/stm32u5xx_hal_rcc.o
                0x08003c20                HAL_RCC_GetSysClockFreq
 .text.HAL_RCC_ClockConfig
                0x08003da4      0x30c build/stm32u5xx_hal_rcc.o
                0x08003da4                HAL_RCC_ClockConfig
 .text.HAL_RCC_GetHCLKFreq
                0x080040b0       0x28 build/stm32u5xx_hal_rcc.o
                0x080040b0                HAL_RCC_GetHCLKFreq
 .text.HAL_RCC_OscConfig
                0x080040d8      0xaa0 build/stm32u5xx_hal_rcc.o
                0x080040d8                HAL_RCC_OscConfig
 .text.HAL_RCC_GetPCLK1Freq
                0x08004b78       0x20 build/stm32u5xx_hal_rcc.o
                0x08004b78                HAL_RCC_GetPCLK1Freq
 .text.HAL_RCC_GetPCLK2Freq
                0x08004b98       0x20 build/stm32u5xx_hal_rcc.o
                0x08004b98                HAL_RCC_GetPCLK2Freq
 .text.HAL_RCC_GetPCLK3Freq
                0x08004bb8       0x20 build/stm32u5xx_hal_rcc.o
                0x08004bb8                HAL_RCC_GetPCLK3Freq
 .text.RCCEx_PLL3_Config
                0x08004bd8       0xe0 build/stm32u5xx_hal_rcc_ex.o
 .text.RCCEx_PLL2_Config
                0x08004cb8       0xe0 build/stm32u5xx_hal_rcc_ex.o
 .text.HAL_RCCEx_PeriphCLKConfig
                0x08004d98      0x5fc build/stm32u5xx_hal_rcc_ex.o
                0x08004d98                HAL_RCCEx_PeriphCLKConfig
 .text.HAL_RCCEx_GetPLL1ClockFreq
                0x08005394      0x21c build/stm32u5xx_hal_rcc_ex.o
                0x08005394                HAL_RCCEx_GetPLL1ClockFreq
 .text.HAL_RCCEx_GetPLL2ClockFreq
                0x080055b0      0x21c build/stm32u5xx_hal_rcc_ex.o
                0x080055b0                HAL_RCCEx_GetPLL2ClockFreq
 .text.HAL_RCCEx_GetPLL3ClockFreq
                0x080057cc      0x21c build/stm32u5xx_hal_rcc_ex.o
                0x080057cc                HAL_RCCEx_GetPLL3ClockFreq
 .text.HAL_RCCEx_GetPeriphCLKFreq
                0x080059e8      0xebc build/stm32u5xx_hal_rcc_ex.o
                0x080059e8                HAL_RCCEx_GetPeriphCLKFreq
 .text.HAL_GPIO_Init
                0x080068a4      0x228 build/stm32u5xx_hal_gpio.o
                0x080068a4                HAL_GPIO_Init
 .text.HAL_GPIO_WritePin
                0x08006acc        0xa build/stm32u5xx_hal_gpio.o
                0x08006acc                HAL_GPIO_WritePin
 .text.HAL_EXTI_RegisterCallback
                0x08006ad6       0x22 build/stm32u5xx_hal_exti.o
                0x08006ad6                HAL_EXTI_RegisterCallback
 .text.HAL_EXTI_GetHandle
                0x08006af8        0xc build/stm32u5xx_hal_exti.o
                0x08006af8                HAL_EXTI_GetHandle
 .text.HAL_EXTI_IRQHandler
                0x08006b04       0x40 build/stm32u5xx_hal_exti.o
                0x08006b04                HAL_EXTI_IRQHandler
 .text.HAL_PWREx_ControlVoltageScaling
                0x08006b44       0xa0 build/stm32u5xx_hal_pwr_ex.o
                0x08006b44                HAL_PWREx_ControlVoltageScaling
 .text.HAL_PWREx_GetVoltageRange
                0x08006be4       0x10 build/stm32u5xx_hal_pwr_ex.o
                0x08006be4                HAL_PWREx_GetVoltageRange
 .text.HAL_PWREx_ConfigSupply
                0x08006bf4       0x6c build/stm32u5xx_hal_pwr_ex.o
                0x08006bf4                HAL_PWREx_ConfigSupply
 .text.UARTEx_SetNbDataToProcess
                0x08006c60       0x4c build/stm32u5xx_hal_uart_ex.o
 .text.HAL_UARTEx_DisableFifoMode
                0x08006cac       0x3e build/stm32u5xx_hal_uart_ex.o
                0x08006cac                HAL_UARTEx_DisableFifoMode
 .text.HAL_UARTEx_SetTxFifoThreshold
                0x08006cea       0x4a build/stm32u5xx_hal_uart_ex.o
                0x08006cea                HAL_UARTEx_SetTxFifoThreshold
 .text.HAL_UARTEx_SetRxFifoThreshold
                0x08006d34       0x4a build/stm32u5xx_hal_uart_ex.o
                0x08006d34                HAL_UARTEx_SetRxFifoThreshold
 .text.UART_EndRxTransfer
                0x08006d7e       0x56 build/stm32u5xx_hal_uart.o
 .text.UART_SetConfig
                0x08006dd4      0x1c8 build/stm32u5xx_hal_uart.o
                0x08006dd4                UART_SetConfig
 .text.UART_AdvFeatureConfig
                0x08006f9c       0xca build/stm32u5xx_hal_uart.o
                0x08006f9c                UART_AdvFeatureConfig
 .text.UART_WaitOnFlagUntilTimeout
                0x08007066       0x9e build/stm32u5xx_hal_uart.o
                0x08007066                UART_WaitOnFlagUntilTimeout
 .text.HAL_UART_Transmit
                0x08007104       0xd2 build/stm32u5xx_hal_uart.o
                0x08007104                HAL_UART_Transmit
 .text.HAL_UART_Receive
                0x080071d6      0x118 build/stm32u5xx_hal_uart.o
                0x080071d6                HAL_UART_Receive
 .text.UART_CheckIdleState
                0x080072ee       0xca build/stm32u5xx_hal_uart.o
                0x080072ee                UART_CheckIdleState
 .text.HAL_UART_Init
                0x080073b8       0x66 build/stm32u5xx_hal_uart.o
                0x080073b8                HAL_UART_Init
 *fill*         0x0800741e        0x2 
 .text.SystemInit
                0x08007420       0x44 build/system_stm32u5xx.o
                0x08007420                SystemInit
 .text.ai_network_data_params_get
                0x08007464       0x38 build/network_data.o
                0x08007464                ai_network_data_params_get
 .text.network_configure_weights
                0x0800749c      0x200 build/network.o
 .text.network_configure_activations
                0x0800769c      0x16c build/network.o
 .text.ai_network_get_report
                0x08007808       0xac build/network.o
                0x08007808                ai_network_get_report
 .text.ai_network_get_error
                0x080078b4        0x8 build/network.o
                0x080078b4                ai_network_get_error
 .text.ai_network_create
                0x080078bc       0x20 build/network.o
                0x080078bc                ai_network_create
 .text.ai_network_init
                0x080078dc       0x30 build/network.o
                0x080078dc                ai_network_init
 .text.ai_network_create_and_init
                0x0800790c       0x8e build/network.o
                0x0800790c                ai_network_create_and_init
 .text.ai_network_run
                0x0800799a        0x8 build/network.o
                0x0800799a                ai_network_run
 *fill*         0x080079a2        0x2 
 .text.METAI_normalize
                0x080079a4       0x74 build/app_x-cube-ai.o
 .text.METAI_quantize_input
                0x08007a18       0x70 build/app_x-cube-ai.o
 .text.metai_build_features
                0x08007a88       0x38 build/app_x-cube-ai.o
 .text.MX_X_CUBE_AI_Init
                0x08007ac0       0xac build/app_x-cube-ai.o
                0x08007ac0                MX_X_CUBE_AI_Init
 .text.MetAI_PushSample
                0x08007b6c       0x28 build/app_x-cube-ai.o
                0x08007b6c                MetAI_PushSample
 .text.MetAI_SeedHistory
                0x08007b94       0x50 build/app_x-cube-ai.o
                0x08007b94                MetAI_SeedHistory
 .text.MX_X_CUBE_AI_Process
                0x08007be4      0x130 build/app_x-cube-ai.o
                0x08007be4                MX_X_CUBE_AI_Process
 .text.Reset_Handler
                0x08007d14       0x50 build/startup_stm32u545xx.o
                0x08007d14                Reset_Handler
 .text.Default_Handler
                0x08007d64        0x2 build/startup_stm32u545xx.o
                0x08007d64                EXTI2_IRQHandler
                0x08007d64                TIM8_TRG_COM_IRQHandler
                0x08007d64                TIM8_CC_IRQHandler
                0x08007d64                EXTI5_IRQHandler
                0x08007d64                FLASH_S_IRQHandler
                0x08007d64                TIM1_CC_IRQHandler
                0x08007d64                TSC_IRQHandler
                0x08007d64                TAMP_IRQHandler
                0x08007d64                TIM6_IRQHandler
                0x08007d64                EXTI12_IRQHandler
                0x08007d64                CORDIC_IRQHandler
                0x08007d64                EXTI3_IRQHandler
                0x08007d64                LPTIM4_IRQHandler
                0x08007d64                GPDMA1_Channel5_IRQHandler
                0x08007d64                EXTI8_IRQHandler
                0x08007d64                LPTIM2_IRQHandler
                0x08007d64                I2C3_ER_IRQHandler
                0x08007d64                PWR_S3WU_IRQHandler
                0x08007d64                LPDMA1_Channel3_IRQHandler
                0x08007d64                LPTIM3_IRQHandler
                0x08007d64                EXTI0_IRQHandler
                0x08007d64                I2C2_EV_IRQHandler
                0x08007d64                FPU_IRQHandler
                0x08007d64                GPDMA1_Channel3_IRQHandler
                0x08007d64                GPDMA1_Channel7_IRQHandler
                0x08007d64                FDCAN1_IT1_IRQHandler
                0x08007d64                RAMCFG_IRQHandler
                0x08007d64                GPDMA1_Channel9_IRQHandler
                0x08007d64                DCACHE1_IRQHandler
                0x08007d64                SPI1_IRQHandler
                0x08007d64                OCTOSPI1_IRQHandler
                0x08007d64                GPDMA1_Channel2_IRQHandler
                0x08007d64                TIM8_UP_IRQHandler
                0x08007d64                RCC_S_IRQHandler
                0x08007d64                MDF1_FLT1_IRQHandler
                0x08007d64                ADC1_IRQHandler
                0x08007d64                PKA_IRQHandler
                0x08007d64                EXTI15_IRQHandler
                0x08007d64                TIM17_IRQHandler
                0x08007d64                USART3_IRQHandler
                0x08007d64                RTC_IRQHandler
                0x08007d64                EXTI9_IRQHandler
                0x08007d64                UART5_IRQHandler
                0x08007d64                TIM4_IRQHandler
                0x08007d64                I2C1_EV_IRQHandler
                0x08007d64                GPDMA1_Channel12_IRQHandler
                0x08007d64                GPDMA1_Channel1_IRQHandler
                0x08007d64                TIM16_IRQHandler
                0x08007d64                GPDMA1_Channel15_IRQHandler
                0x08007d64                UART4_IRQHandler
                0x08007d64                SecureFault_Handler
                0x08007d64                TIM3_IRQHandler
                0x08007d64                RCC_IRQHandler
                0x08007d64                TIM1_TRG_COM_IRQHandler
                0x08007d64                Default_Handler
                0x08007d64                GPDMA1_Channel8_IRQHandler
                0x08007d64                FMAC_IRQHandler
                0x08007d64                OTFDEC1_IRQHandler
                0x08007d64                GPDMA1_Channel11_IRQHandler
                0x08007d64                TIM7_IRQHandler
                0x08007d64                SDMMC1_IRQHandler
                0x08007d64                SAES_IRQHandler
                0x08007d64                TIM5_IRQHandler
                0x08007d64                GPDMA1_Channel0_IRQHandler
                0x08007d64                TIM15_IRQHandler
                0x08007d64                I2C3_EV_IRQHandler
                0x08007d64                USB_IRQHandler
                0x08007d64                LPDMA1_Channel0_IRQHandler
                0x08007d64                PVD_PVM_IRQHandler
                0x08007d64                SPI2_IRQHandler
                0x08007d64                LPDMA1_Channel1_IRQHandler
                0x08007d64                EXTI14_IRQHandler
                0x08007d64                EXTI11_IRQHandler
                0x08007d64                CRS_IRQHandler
                0x08007d64                GPDMA1_Channel14_IRQHandler
                0x08007d64                LSECSSD_IRQHandler
                0x08007d64                EXTI4_IRQHandler
                0x08007d64                RTC_S_IRQHandler
                0x08007d64                GPDMA1_Channel13_IRQHandler
                0x08007d64                RNG_IRQHandler
                0x08007d64                COMP_IRQHandler
                0x08007d64                TIM1_UP_IRQHandler
                0x08007d64                ADC4_IRQHandler
                0x08007d64                WWDG_IRQHandler
                0x08007d64                I2C4_EV_IRQHandler
                0x08007d64                ADF1_IRQHandler
                0x08007d64                IWDG_IRQHandler
                0x08007d64                LPUART1_IRQHandler
                0x08007d64                MDF1_FLT0_IRQHandler
                0x08007d64                FDCAN1_IT0_IRQHandler
                0x08007d64                TIM2_IRQHandler
                0x08007d64                GPDMA1_Channel4_IRQHandler
                0x08007d64                EXTI7_IRQHandler
                0x08007d64                TIM1_BRK_IRQHandler
                0x08007d64                EXTI1_IRQHandler
                0x08007d64                AES_IRQHandler
                0x08007d64                DAC1_IRQHandler
                0x08007d64                GTZC_IRQHandler
                0x08007d64                GPDMA1_Channel6_IRQHandler
                0x08007d64                I2C2_ER_IRQHandler
                0x08007d64                TIM8_BRK_IRQHandler
                0x08007d64                FLASH_IRQHandler
                0x08007d64                USART1_IRQHandler
                0x08007d64                EXTI10_IRQHandler
                0x08007d64                SPI3_IRQHandler
                0x08007d64                LPDMA1_Channel2_IRQHandler
                0x08007d64                I2C1_ER_IRQHandler
                0x08007d64                EXTI6_IRQHandler
                0x08007d64                LPTIM1_IRQHandler
                0x08007d64                DCMI_PSSI_IRQHandler
                0x08007d64                I2C4_ER_IRQHandler
                0x08007d64                GPDMA1_Channel10_IRQHandler
                0x08007d64                ICACHE_IRQHandler
                0x08007d64                SAI1_IRQHandler
                0x08007d64                HASH_IRQHandler
 *fill*         0x08007d66        0x2 
 .text._strtol_l.isra.0
                0x08007d68       0xf4 /opt/st/stm32cubeclt_1.20.0/GNU-tools-for-STM32/bin/../lib/gcc/arm-none-eabi/13.3.1/../../../../arm-none-eabi/lib/thumb/v8-m.main+fp/hard/libc_nano.a(libc_a-strtol.o)
 .text.strtol   0x08007e5c       0x14 /opt/st/stm32cubeclt_1.20.0/GNU-tools-for-STM32/bin/../lib/gcc/arm-none-eabi/13.3.1/../../../../arm-none-eabi/lib/thumb/v8-m.main+fp/hard/libc_nano.a(libc_a-strtol.o)
                0x08007e5c                strtol
 .text.__cvt    0x08007e70       0xca /opt/st/stm32cubeclt_1.20.0/GNU-tools-for-STM32/bin/../lib/gcc/arm-none-eabi/13.3.1/../../../../arm-none-eabi/lib/thumb/v8-m.main+fp/hard/libc_nano.a(libc_a-nano-vfprintf_float.o)
                0x08007e70                __cvt
 .text.__exponent
                0x08007f3a       0x72 /opt/st/stm32cubeclt_1.20.0/GNU-tools-for-STM32/bin/../lib/gcc/arm-none-eabi/13.3.1/../../../../arm-none-eabi/lib/thumb/v8-m.main+fp/hard/libc_nano.a(libc_a-nano-vfprintf_float.o)
                0x08007f3a                __exponent
 .text._printf_float
                0x08007fac      0x454 /opt/st/stm32cubeclt_1.20.0/GNU-tools-for-STM32/bin/../lib/gcc/arm-none-eabi/13.3.1/../../../../arm-none-eabi/lib/thumb/v8-m.main+fp/hard/libc_nano.a(libc_a-nano-vfprintf_float.o)
                0x08007fac                _printf_float
 .text._printf_common
                0x08008400       0xe4 /opt/st/stm32cubeclt_1.20.0/GNU-tools-for-STM32/bin/../lib/gcc/arm-none-eabi/13.3.1/../../../../arm-none-eabi/lib/thumb/v8-m.main+fp/hard/libc_nano.a(libc_a-nano-vfprintf_i.o)
                0x08008400                _printf_common
 .text._printf_i
                0x080084e4      0x23c /opt/st/stm32cubeclt_1.20.0/GNU-tools-for-STM32/bin/../lib/gcc/arm-none-eabi/13.3.1/../../../../arm-none-eabi/lib/thumb/v8-m.main+fp/hard/libc_nano.a(libc_a-nano-vfprintf_i.o)
                0x080084e4                _printf_i
 .text.std      0x08008720       0x6c /opt/st/stm32cubeclt_1.20.0/GNU-tools-for-STM32/bin/../lib/gcc/arm-none-eabi/13.3.1/../../../../arm-none-eabi/lib/thumb/v8-m.main+fp/hard/libc_nano.a(libc_a-findfp.o)
 .text.stdio_exit_handler
                0x0800878c       0x18 /opt/st/stm32cubeclt_1.20.0/GNU-tools-for-STM32/bin/../lib/gcc/arm-none-eabi/13.3.1/../../../../arm-none-eabi/lib/thumb/v8-m.main+fp/hard/libc_nano.a(libc_a-findfp.o)
 .text.cleanup_stdio
                0x080087a4       0x40 /opt/st/stm32cubeclt_1.20.0/GNU-tools-for-STM32/bin/../lib/gcc/arm-none-eabi/13.3.1/../../../../arm-none-eabi/lib/thumb/v8-m.main+fp/hard/libc_nano.a(libc_a-findfp.o)
 .text.global_stdio_init.part.0
                0x080087e4       0x3c /opt/st/stm32cubeclt_1.20.0/GNU-tools-for-STM32/bin/../lib/gcc/arm-none-eabi/13.3.1/../../../../arm-none-eabi/lib/thumb/v8-m.main+fp/hard/libc_nano.a(libc_a-findfp.o)
 .text.__sfp_lock_acquire
                0x08008820        0xc /opt/st/stm32cubeclt_1.20.0/GNU-tools-for-STM32/bin/../lib/gcc/arm-none-eabi/13.3.1/../../../../arm-none-eabi/lib/thumb/v8-m.main+fp/hard/libc_nano.a(libc_a-findfp.o)
                0x08008820                __sfp_lock_acquire
 .text.__sfp_lock_release
                0x0800882c        0xc /opt/st/stm32cubeclt_1.20.0/GNU-tools-for-STM32/bin/../lib/gcc/arm-none-eabi/13.3.1/../../../../arm-none-eabi/lib/thumb/v8-m.main+fp/hard/libc_nano.a(libc_a-findfp.o)
                0x0800882c                __sfp_lock_release
 .text.__sinit  0x08008838       0x30 /opt/st/stm32cubeclt_1.20.0/GNU-tools-for-STM32/bin/../lib/gcc/arm-none-eabi/13.3.1/../../../../arm-none-eabi/lib/thumb/v8-m.main+fp/hard/libc_nano.a(libc_a-findfp.o)
                0x08008838                __sinit
 .text._fwalk_sglue
                0x08008868       0x3c /opt/st/stm32cubeclt_1.20.0/GNU-tools-for-STM32/bin/../lib/gcc/arm-none-eabi/13.3.1/../../../../arm-none-eabi/lib/thumb/v8-m.main+fp/hard/libc_nano.a(libc_a-fwalk.o)
                0x08008868                _fwalk_sglue
 .text.printf   0x080088a4       0x24 /opt/st/stm32cubeclt_1.20.0/GNU-tools-for-STM32/bin/../lib/gcc/arm-none-eabi/13.3.1/../../../../arm-none-eabi/lib/thumb/v8-m.main+fp/hard/libc_nano.a(libc_a-printf.o)
                0x080088a4                printf
                0x080088a4                iprintf
 .text._puts_r  0x080088c8       0xaa /opt/st/stm32cubeclt_1.20.0/GNU-tools-for-STM32/bin/../lib/gcc/arm-none-eabi/13.3.1/../../../../arm-none-eabi/lib/thumb/v8-m.main+fp/hard/libc_nano.a(libc_a-puts.o)
                0x080088c8                _puts_r
 *fill*         0x08008972        0x2 
 .text.puts     0x08008974       0x10 /opt/st/stm32cubeclt_1.20.0/GNU-tools-for-STM32/bin/../lib/gcc/arm-none-eabi/13.3.1/../../../../arm-none-eabi/lib/thumb/v8-m.main+fp/hard/libc_nano.a(libc_a-puts.o)
                0x08008974                puts
 .text.snprintf
                0x08008984       0x6c /opt/st/stm32cubeclt_1.20.0/GNU-tools-for-STM32/bin/../lib/gcc/arm-none-eabi/13.3.1/../../../../arm-none-eabi/lib/thumb/v8-m.main+fp/hard/libc_nano.a(libc_a-snprintf.o)
                0x08008984                snprintf
                0x08008984                sniprintf
 .text.__sread  0x080089f0       0x22 /opt/st/stm32cubeclt_1.20.0/GNU-tools-for-STM32/bin/../lib/gcc/arm-none-eabi/13.3.1/../../../../arm-none-eabi/lib/thumb/v8-m.main+fp/hard/libc_nano.a(libc_a-stdio.o)
                0x080089f0                __sread
 .text.__swrite
                0x08008a12       0x38 /opt/st/stm32cubeclt_1.20.0/GNU-tools-for-STM32/bin/../lib/gcc/arm-none-eabi/13.3.1/../../../../arm-none-eabi/lib/thumb/v8-m.main+fp/hard/libc_nano.a(libc_a-stdio.o)
                0x08008a12                __swrite
 .text.__sseek  0x08008a4a       0x24 /opt/st/stm32cubeclt_1.20.0/GNU-tools-for-STM32/bin/../lib/gcc/arm-none-eabi/13.3.1/../../../../arm-none-eabi/lib/thumb/v8-m.main+fp/hard/libc_nano.a(libc_a-stdio.o)
                0x08008a4a                __sseek
 .text.__sclose
                0x08008a6e        0x8 /opt/st/stm32cubeclt_1.20.0/GNU-tools-for-STM32/bin/../lib/gcc/arm-none-eabi/13.3.1/../../../../arm-none-eabi/lib/thumb/v8-m.main+fp/hard/libc_nano.a(libc_a-stdio.o)
                0x08008a6e                __sclose
 .text._vsnprintf_r
                0x08008a76       0x5c /opt/st/stm32cubeclt_1.20.0/GNU-tools-for-STM32/bin/../lib/gcc/arm-none-eabi/13.3.1/../../../../arm-none-eabi/lib/thumb/v8-m.main+fp/hard/libc_nano.a(libc_a-vsnprintf.o)
                0x08008a76                _vsnprintf_r
                0x08008a76                _vsniprintf_r
 *fill*         0x08008ad2        0x2 
 .text.vsnprintf
                0x08008ad4       0x1c /opt/st/stm32cubeclt_1.20.0/GNU-tools-for-STM32/bin/../lib/gcc/arm-none-eabi/13.3.1/../../../../arm-none-eabi/lib/thumb/v8-m.main+fp/hard/libc_nano.a(libc_a-vsnprintf.o)
                0x08008ad4                vsnprintf
                0x08008ad4                vsniprintf
 .text.__swbuf_r
                0x08008af0       0x7c /opt/st/stm32cubeclt_1.20.0/GNU-tools-for-STM32/bin/../lib/gcc/arm-none-eabi/13.3.1/../../../../arm-none-eabi/lib/thumb/v8-m.main+fp/hard/libc_nano.a(libc_a-wbuf.o)
                0x08008af0                __swbuf_r
 .text.__swsetup_r
                0x08008b6c       0xac /opt/st/stm32cubeclt_1.20.0/GNU-tools-for-STM32/bin/../lib/gcc/arm-none-eabi/13.3.1/../../../../arm-none-eabi/lib/thumb/v8-m.main+fp/hard/libc_nano.a(libc_a-wsetup.o)
                0x08008b6c                __swsetup_r
 .text.memset   0x08008c18       0x10 /opt/st/stm32cubeclt_1.20.0/GNU-tools-for-STM32/bin/../lib/gcc/arm-none-eabi/13.3.1/../../../../arm-none-eabi/lib/thumb/v8-m.main+fp/hard/libc_nano.a(libc_a-memset.o)
                0x08008c18                memset
 .text.strstr   0x08008c28       0x2c /opt/st/stm32cubeclt_1.20.0/GNU-tools-for-STM32/bin/../lib/gcc/arm-none-eabi/13.3.1/../../../../arm-none-eabi/lib/thumb/v8-m.main+fp/hard/libc_nano.a(libc_a-strstr.o)
                0x08008c28                strstr
 .text._localeconv_r
                0x08008c54        0x8 /opt/st/stm32cubeclt_1.20.0/GNU-tools-for-STM32/bin/../lib/gcc/arm-none-eabi/13.3.1/../../../../arm-none-eabi/lib/thumb/v8-m.main+fp/hard/libc_nano.a(libc_a-localeconv.o)
                0x08008c54                _localeconv_r
 .text._close_r
                0x08008c5c       0x20 /opt/st/stm32cubeclt_1.20.0/GNU-tools-for-STM32/bin/../lib/gcc/arm-none-eabi/13.3.1/../../../../arm-none-eabi/lib/thumb/v8-m.main+fp/hard/libc_nano.a(libc_a-closer.o)
                0x08008c5c                _close_r
 .text._lseek_r
                0x08008c7c       0x24 /opt/st/stm32cubeclt_1.20.0/GNU-tools-for-STM32/bin/../lib/gcc/arm-none-eabi/13.3.1/../../../../arm-none-eabi/lib/thumb/v8-m.main+fp/hard/libc_nano.a(libc_a-lseekr.o)
                0x08008c7c                _lseek_r
 .text._read_r  0x08008ca0       0x24 /opt/st/stm32cubeclt_1.20.0/GNU-tools-for-STM32/bin/../lib/gcc/arm-none-eabi/13.3.1/../../../../arm-none-eabi/lib/thumb/v8-m.main+fp/hard/libc_nano.a(libc_a-readr.o)
                0x08008ca0                _read_r
 .text._write_r
                0x08008cc4       0x24 /opt/st/stm32cubeclt_1.20.0/GNU-tools-for-STM32/bin/../lib/gcc/arm-none-eabi/13.3.1/../../../../arm-none-eabi/lib/thumb/v8-m.main+fp/hard/libc_nano.a(libc_a-writer.o)
                0x08008cc4                _write_r
 .text.__errno  0x08008ce8        0xc /opt/st/stm32cubeclt_1.20.0/GNU-tools-for-STM32/bin/../lib/gcc/arm-none-eabi/13.3.1/../../../../arm-none-eabi/lib/thumb/v8-m.main+fp/hard/libc_nano.a(libc_a-errno.o)
                0x08008ce8                __errno
 .text.__libc_init_array
                0x08008cf4       0x48 /opt/st/stm32cubeclt_1.20.0/GNU-tools-for-STM32/bin/../lib/gcc/arm-none-eabi/13.3.1/../../../../arm-none-eabi/lib/thumb/v8-m.main+fp/hard/libc_nano.a(libc_a-init.o)
                0x08008cf4                __libc_init_array
 .text.__retarget_lock_init_recursive
                0x08008d3c        0x2 /opt/st/stm32cubeclt_1.20.0/GNU-tools-for-STM32/bin/../lib/gcc/arm-none-eabi/13.3.1/../../../../arm-none-eabi/lib/thumb/v8-m.main+fp/hard/libc_nano.a(libc_a-lock.o)
                0x08008d3c                __retarget_lock_init_recursive
 .text.__retarget_lock_acquire_recursive
                0x08008d3e        0x2 /opt/st/stm32cubeclt_1.20.0/GNU-tools-for-STM32/bin/../lib/gcc/arm-none-eabi/13.3.1/../../../../arm-none-eabi/lib/thumb/v8-m.main+fp/hard/libc_nano.a(libc_a-lock.o)
                0x08008d3e                __retarget_lock_acquire_recursive
 .text.__retarget_lock_release_recursive
                0x08008d40        0x2 /opt/st/stm32cubeclt_1.20.0/GNU-tools-for-STM32/bin/../lib/gcc/arm-none-eabi/13.3.1/../../../../arm-none-eabi/lib/thumb/v8-m.main+fp/hard/libc_nano.a(libc_a-lock.o)
                0x08008d40                __retarget_lock_release_recursive
 .text.memchr   0x08008d42       0x1c /opt/st/stm32cubeclt_1.20.0/GNU-tools-for-STM32/bin/../lib/gcc/arm-none-eabi/13.3.1/../../../../arm-none-eabi/lib/thumb/v8-m.main+fp/hard/libc_nano.a(libc_a-memchr-stub.o)
                0x08008d42                memchr
 .text.memcpy   0x08008d5e       0x1a /opt/st/stm32cubeclt_1.20.0/GNU-tools-for-STM32/bin/../lib/gcc/arm-none-eabi/13.3.1/../../../../arm-none-eabi/lib/thumb/v8-m.main+fp/hard/libc_nano.a(libc_a-memcpy-stub.o)
                0x08008d5e                memcpy
 .text.quorem   0x08008d78      0x11a /opt/st/stm32cubeclt_1.20.0/GNU-tools-for-STM32/bin/../lib/gcc/arm-none-eabi/13.3.1/../../../../arm-none-eabi/lib/thumb/v8-m.main+fp/hard/libc_nano.a(libc_a-dtoa.o)
 *fill*         0x08008e92        0x6 
 .text._dtoa_r  0x08008e98      0xba4 /opt/st/stm32cubeclt_1.20.0/GNU-tools-for-STM32/bin/../lib/gcc/arm-none-eabi/13.3.1/../../../../arm-none-eabi/lib/thumb/v8-m.main+fp/hard/libc_nano.a(libc_a-dtoa.o)
                0x08008e98                _dtoa_r
 .text._free_r  0x08009a3c       0x94 /opt/st/stm32cubeclt_1.20.0/GNU-tools-for-STM32/bin/../lib/gcc/arm-none-eabi/13.3.1/../../../../arm-none-eabi/lib/thumb/v8-m.main+fp/hard/libc_nano.a(libc_a-freer.o)
                0x08009a3c                _free_r
 .text.malloc   0x08009ad0       0x10 /opt/st/stm32cubeclt_1.20.0/GNU-tools-for-STM32/bin/../lib/gcc/arm-none-eabi/13.3.1/../../../../arm-none-eabi/lib/thumb/v8-m.main+fp/hard/libc_nano.a(libc_a-malloc.o)
                0x08009ad0                malloc
 .text.sbrk_aligned
                0x08009ae0       0x44 /opt/st/stm32cubeclt_1.20.0/GNU-tools-for-STM32/bin/../lib/gcc/arm-none-eabi/13.3.1/../../../../arm-none-eabi/lib/thumb/v8-m.main+fp/hard/libc_nano.a(libc_a-mallocr.o)
 .text._malloc_r
                0x08009b24      0x100 /opt/st/stm32cubeclt_1.20.0/GNU-tools-for-STM32/bin/../lib/gcc/arm-none-eabi/13.3.1/../../../../arm-none-eabi/lib/thumb/v8-m.main+fp/hard/libc_nano.a(libc_a-mallocr.o)
                0x08009b24                _malloc_r
 .text.__malloc_lock
                0x08009c24        0xc /opt/st/stm32cubeclt_1.20.0/GNU-tools-for-STM32/bin/../lib/gcc/arm-none-eabi/13.3.1/../../../../arm-none-eabi/lib/thumb/v8-m.main+fp/hard/libc_nano.a(libc_a-mlock.o)
                0x08009c24                __malloc_lock
 .text.__malloc_unlock
                0x08009c30        0xc /opt/st/stm32cubeclt_1.20.0/GNU-tools-for-STM32/bin/../lib/gcc/arm-none-eabi/13.3.1/../../../../arm-none-eabi/lib/thumb/v8-m.main+fp/hard/libc_nano.a(libc_a-mlock.o)
                0x08009c30                __malloc_unlock
 .text._Balloc  0x08009c3c       0x80 /opt/st/stm32cubeclt_1.20.0/GNU-tools-for-STM32/bin/../lib/gcc/arm-none-eabi/13.3.1/../../../../arm-none-eabi/lib/thumb/v8-m.main+fp/hard/libc_nano.a(libc_a-mprec.o)
                0x08009c3c                _Balloc
 .text._Bfree   0x08009cbc       0x44 /opt/st/stm32cubeclt_1.20.0/GNU-tools-for-STM32/bin/../lib/gcc/arm-none-eabi/13.3.1/../../../../arm-none-eabi/lib/thumb/v8-m.main+fp/hard/libc_nano.a(libc_a-mprec.o)
                0x08009cbc                _Bfree
 .text.__multadd
                0x08009d00       0x90 /opt/st/stm32cubeclt_1.20.0/GNU-tools-for-STM32/bin/../lib/gcc/arm-none-eabi/13.3.1/../../../../arm-none-eabi/lib/thumb/v8-m.main+fp/hard/libc_nano.a(libc_a-mprec.o)
                0x08009d00                __multadd
 .text.__hi0bits
                0x08009d90       0x3e /opt/st/stm32cubeclt_1.20.0/GNU-tools-for-STM32/bin/../lib/gcc/arm-none-eabi/13.3.1/../../../../arm-none-eabi/lib/thumb/v8-m.main+fp/hard/libc_nano.a(libc_a-mprec.o)
                0x08009d90                __hi0bits
 .text.__lo0bits
                0x08009dce       0x5a /opt/st/stm32cubeclt_1.20.0/GNU-tools-for-STM32/bin/../lib/gcc/arm-none-eabi/13.3.1/../../../../arm-none-eabi/lib/thumb/v8-m.main+fp/hard/libc_nano.a(libc_a-mprec.o)
                0x08009dce                __lo0bits
 .text.__i2b    0x08009e28       0x2c /opt/st/stm32cubeclt_1.20.0/GNU-tools-for-STM32/bin/../lib/gcc/arm-none-eabi/13.3.1/../../../../arm-none-eabi/lib/thumb/v8-m.main+fp/hard/libc_nano.a(libc_a-mprec.o)
                0x08009e28                __i2b
 .text.__multiply
                0x08009e54      0x148 /opt/st/stm32cubeclt_1.20.0/GNU-tools-for-STM32/bin/../lib/gcc/arm-none-eabi/13.3.1/../../../../arm-none-eabi/lib/thumb/v8-m.main+fp/hard/libc_nano.a(libc_a-mprec.o)
                0x08009e54                __multiply
 .text.__pow5mult
                0x08009f9c       0xb4 /opt/st/stm32cubeclt_1.20.0/GNU-tools-for-STM32/bin/../lib/gcc/arm-none-eabi/13.3.1/../../../../arm-none-eabi/lib/thumb/v8-m.main+fp/hard/libc_nano.a(libc_a-mprec.o)
                0x08009f9c                __pow5mult
 .text.__lshift
                0x0800a050       0xd8 /opt/st/stm32cubeclt_1.20.0/GNU-tools-for-STM32/bin/../lib/gcc/arm-none-eabi/13.3.1/../../../../arm-none-eabi/lib/thumb/v8-m.main+fp/hard/libc_nano.a(libc_a-mprec.o)
                0x0800a050                __lshift
 .text.__mcmp   0x0800a128       0x36 /opt/st/stm32cubeclt_1.20.0/GNU-tools-for-STM32/bin/../lib/gcc/arm-none-eabi/13.3.1/../../../../arm-none-eabi/lib/thumb/v8-m.main+fp/hard/libc_nano.a(libc_a-mprec.o)
                0x0800a128                __mcmp
 *fill*         0x0800a15e        0x2 
 .text.__mdiff  0x0800a160      0x130 /opt/st/stm32cubeclt_1.20.0/GNU-tools-for-STM32/bin/../lib/gcc/arm-none-eabi/13.3.1/../../../../arm-none-eabi/lib/thumb/v8-m.main+fp/hard/libc_nano.a(libc_a-mprec.o)
                0x0800a160                __mdiff
 .text.__d2b    0x0800a290       0xb0 /opt/st/stm32cubeclt_1.20.0/GNU-tools-for-STM32/bin/../lib/gcc/arm-none-eabi/13.3.1/../../../../arm-none-eabi/lib/thumb/v8-m.main+fp/hard/libc_nano.a(libc_a-mprec.o)
                0x0800a290                __d2b
 .text.__ssputs_r
                0x0800a340       0xb6 /opt/st/stm32cubeclt_1.20.0/GNU-tools-for-STM32/bin/../lib/gcc/arm-none-eabi/13.3.1/../../../../arm-none-eabi/lib/thumb/v8-m.main+fp/hard/libc_nano.a(libc_a-nano-svfprintf.o)
                0x0800a340                __ssputs_r
 *fill*         0x0800a3f6        0x2 
 .text._svfprintf_r
                0x0800a3f8      0x1f8 /opt/st/stm32cubeclt_1.20.0/GNU-tools-for-STM32/bin/../lib/gcc/arm-none-eabi/13.3.1/../../../../arm-none-eabi/lib/thumb/v8-m.main+fp/hard/libc_nano.a(libc_a-nano-svfprintf.o)
                0x0800a3f8                _svfprintf_r
                0x0800a3f8                _svfiprintf_r
 .text.__sfputc_r
                0x0800a5f0       0x2e /opt/st/stm32cubeclt_1.20.0/GNU-tools-for-STM32/bin/../lib/gcc/arm-none-eabi/13.3.1/../../../../arm-none-eabi/lib/thumb/v8-m.main+fp/hard/libc_nano.a(libc_a-nano-vfprintf.o)
 .text.__sfputs_r
                0x0800a61e       0x24 /opt/st/stm32cubeclt_1.20.0/GNU-tools-for-STM32/bin/../lib/gcc/arm-none-eabi/13.3.1/../../../../arm-none-eabi/lib/thumb/v8-m.main+fp/hard/libc_nano.a(libc_a-nano-vfprintf.o)
                0x0800a61e                __sfputs_r
 *fill*         0x0800a642        0x2 
 .text._vfprintf_r
                0x0800a644      0x230 /opt/st/stm32cubeclt_1.20.0/GNU-tools-for-STM32/bin/../lib/gcc/arm-none-eabi/13.3.1/../../../../arm-none-eabi/lib/thumb/v8-m.main+fp/hard/libc_nano.a(libc_a-nano-vfprintf.o)
                0x0800a644                _vfiprintf_r
                0x0800a644                _vfprintf_r
 .text.__sflush_r
                0x0800a874      0x108 /opt/st/stm32cubeclt_1.20.0/GNU-tools-for-STM32/bin/../lib/gcc/arm-none-eabi/13.3.1/../../../../arm-none-eabi/lib/thumb/v8-m.main+fp/hard/libc_nano.a(libc_a-fflush.o)
                0x0800a874                __sflush_r
 .text._fflush_r
                0x0800a97c       0x50 /opt/st/stm32cubeclt_1.20.0/GNU-tools-for-STM32/bin/../lib/gcc/arm-none-eabi/13.3.1/../../../../arm-none-eabi/lib/thumb/v8-m.main+fp/hard/libc_nano.a(libc_a-fflush.o)
                0x0800a97c                _fflush_r
 .text.__swhatbuf_r
                0x0800a9cc       0x4a /opt/st/stm32cubeclt_1.20.0/GNU-tools-for-STM32/bin/../lib/gcc/arm-none-eabi/13.3.1/../../../../arm-none-eabi/lib/thumb/v8-m.main+fp/hard/libc_nano.a(libc_a-makebuf.o)
                0x0800a9cc                __swhatbuf_r
 .text.__smakebuf_r
                0x0800aa16       0x78 /opt/st/stm32cubeclt_1.20.0/GNU-tools-for-STM32/bin/../lib/gcc/arm-none-eabi/13.3.1/../../../../arm-none-eabi/lib/thumb/v8-m.main+fp/hard/libc_nano.a(libc_a-makebuf.o)
                0x0800aa16                __smakebuf_r
 .text.memmove  0x0800aa8e       0x34 /opt/st/stm32cubeclt_1.20.0/GNU-tools-for-STM32/bin/../lib/gcc/arm-none-eabi/13.3.1/../../../../arm-none-eabi/lib/thumb/v8-m.main+fp/hard/libc_nano.a(libc_a-memmove.o)
                0x0800aa8e                memmove
 *fill*         0x0800aac2        0x2 
 .text._fstat_r
                0x0800aac4       0x24 /opt/st/stm32cubeclt_1.20.0/GNU-tools-for-STM32/bin/../lib/gcc/arm-none-eabi/13.3.1/../../../../arm-none-eabi/lib/thumb/v8-m.main+fp/hard/libc_nano.a(libc_a-fstatr.o)
                0x0800aac4                _fstat_r
 .text._isatty_r
                0x0800aae8       0x20 /opt/st/stm32cubeclt_1.20.0/GNU-tools-for-STM32/bin/../lib/gcc/arm-none-eabi/13.3.1/../../../../arm-none-eabi/lib/thumb/v8-m.main+fp/hard/libc_nano.a(libc_a-isattyr.o)
                0x0800aae8                _isatty_r
 .text._sbrk_r  0x0800ab08       0x20 /opt/st/stm32cubeclt_1.20.0/GNU-tools-for-STM32/bin/../lib/gcc/arm-none-eabi/13.3.1/../../../../arm-none-eabi/lib/thumb/v8-m.main+fp/hard/libc_nano.a(libc_a-sbrkr.o)
                0x0800ab08                _sbrk_r
 .text.__assert_func
                0x0800ab28       0x3c /opt/st/stm32cubeclt_1.20.0/GNU-tools-for-STM32/bin/../lib/gcc/arm-none-eabi/13.3.1/../../../../arm-none-eabi/lib/thumb/v8-m.main+fp/hard/libc_nano.a(libc_a-assert.o)
                0x0800ab28                __assert_func
 .text._calloc_r
                0x0800ab64       0x28 /opt/st/stm32cubeclt_1.20.0/GNU-tools-for-STM32/bin/../lib/gcc/arm-none-eabi/13.3.1/../../../../arm-none-eabi/lib/thumb/v8-m.main+fp/hard/libc_nano.a(libc_a-callocr.o)
                0x0800ab64                _calloc_r
 .text.__ascii_mbtowc
                0x0800ab8c       0x24 /opt/st/stm32cubeclt_1.20.0/GNU-tools-for-STM32/bin/../lib/gcc/arm-none-eabi/13.3.1/../../../../arm-none-eabi/lib/thumb/v8-m.main+fp/hard/libc_nano.a(libc_a-mbtowc_r.o)
                0x0800ab8c                __ascii_mbtowc
 .text._realloc_r
                0x0800abb0       0x5c /opt/st/stm32cubeclt_1.20.0/GNU-tools-for-STM32/bin/../lib/gcc/arm-none-eabi/13.3.1/../../../../arm-none-eabi/lib/thumb/v8-m.main+fp/hard/libc_nano.a(libc_a-reallocr.o)
                0x0800abb0                _realloc_r
 .text.__ascii_wctomb
                0x0800ac0c       0x1a /opt/st/stm32cubeclt_1.20.0/GNU-tools-for-STM32/bin/../lib/gcc/arm-none-eabi/13.3.1/../../../../arm-none-eabi/lib/thumb/v8-m.main+fp/hard/libc_nano.a(libc_a-wctomb_r.o)
                0x0800ac0c                __ascii_wctomb
 *fill*         0x0800ac26        0x2 
 .text.fprintf  0x0800ac28       0x24 /opt/st/stm32cubeclt_1.20.0/GNU-tools-for-STM32/bin/../lib/gcc/arm-none-eabi/13.3.1/../../../../arm-none-eabi/lib/thumb/v8-m.main+fp/hard/libc_nano.a(libc_a-fprintf.o)
                0x0800ac28                fprintf
                0x0800ac28                fiprintf
 .text.abort    0x0800ac4c        0xe /opt/st/stm32cubeclt_1.20.0/GNU-tools-for-STM32/bin/../lib/gcc/arm-none-eabi/13.3.1/../../../../arm-none-eabi/lib/thumb/v8-m.main+fp/hard/libc_nano.a(libc_a-abort.o)
                0x0800ac4c                abort
 .text._malloc_usable_size_r
                0x0800ac5a       0x10 /opt/st/stm32cubeclt_1.20.0/GNU-tools-for-STM32/bin/../lib/gcc/arm-none-eabi/13.3.1/../../../../arm-none-eabi/lib/thumb/v8-m.main+fp/hard/libc_nano.a(libc_a-msizer.o)
                0x0800ac5a                _malloc_usable_size_r
 .text._raise_r
                0x0800ac6a       0x50 /opt/st/stm32cubeclt_1.20.0/GNU-tools-for-STM32/bin/../lib/gcc/arm-none-eabi/13.3.1/../../../../arm-none-eabi/lib/thumb/v8-m.main+fp/hard/libc_nano.a(libc_a-signal.o)
                0x0800ac6a                _raise_r
 *fill*         0x0800acba        0x2 
 .text.raise    0x0800acbc       0x10 /opt/st/stm32cubeclt_1.20.0/GNU-tools-for-STM32/bin/../lib/gcc/arm-none-eabi/13.3.1/../../../../arm-none-eabi/lib/thumb/v8-m.main+fp/hard/libc_nano.a(libc_a-signal.o)
                0x0800acbc                raise
 .text._kill_r  0x0800accc       0x24 /opt/st/stm32cubeclt_1.20.0/GNU-tools-for-STM32/bin/../lib/gcc/arm-none-eabi/13.3.1/../../../../arm-none-eabi/lib/thumb/v8-m.main+fp/hard/libc_nano.a(libc_a-signalr.o)
                0x0800accc                _kill_r
 .text._getpid_r
                0x0800acf0        0x4 /opt/st/stm32cubeclt_1.20.0/GNU-tools-for-STM32/bin/../lib/gcc/arm-none-eabi/13.3.1/../../../../arm-none-eabi/lib/thumb/v8-m.main+fp/hard/libc_nano.a(libc_a-signalr.o)
                0x0800acf0                _getpid_r
 .text.expf     0x0800acf4       0x6c /opt/st/stm32cubeclt_1.20.0/GNU-tools-for-STM32/bin/../lib/gcc/arm-none-eabi/13.3.1/../../../../arm-none-eabi/lib/thumb/v8-m.main+fp/hard/libm.a(libm_a-wf_exp.o)
                0x0800acf4                expf
 .text.powf     0x0800ad60       0xae /opt/st/stm32cubeclt_1.20.0/GNU-tools-for-STM32/bin/../lib/gcc/arm-none-eabi/13.3.1/../../../../arm-none-eabi/lib/thumb/v8-m.main+fp/hard/libm.a(libm_a-wf_pow.o)
                0x0800ad60                powf
 .text.finitef  0x0800ae0e       0x14 /opt/st/stm32cubeclt_1.20.0/GNU-tools-for-STM32/bin/../lib/gcc/arm-none-eabi/13.3.1/../../../../arm-none-eabi/lib/thumb/v8-m.main+fp/hard/libm.a(libm_a-sf_finite.o)
                0x0800ae0e                finitef
 *fill*         0x0800ae22        0x2 
 .text.__ieee754_expf
                0x0800ae24      0x19c /opt/st/stm32cubeclt_1.20.0/GNU-tools-for-STM32/bin/../lib/gcc/arm-none-eabi/13.3.1/../../../../arm-none-eabi/lib/thumb/v8-m.main+fp/hard/libm.a(libm_a-ef_exp.o)
                0x0800ae24                __ieee754_expf
 .text.__ieee754_powf
                0x0800afc0      0x5a0 /opt/st/stm32cubeclt_1.20.0/GNU-tools-for-STM32/bin/../lib/gcc/arm-none-eabi/13.3.1/../../../../arm-none-eabi/lib/thumb/v8-m.main+fp/hard/libm.a(libm_a-ef_pow.o)
                0x0800afc0                __ieee754_powf
 .text.fabsf    0x0800b560        0xe /opt/st/stm32cubeclt_1.20.0/GNU-tools-for-STM32/bin/../lib/gcc/arm-none-eabi/13.3.1/../../../../arm-none-eabi/lib/thumb/v8-m.main+fp/hard/libm.a(libm_a-sf_fabs.o)
                0x0800b560                fabsf
 *fill*         0x0800b56e        0x2 
 .text.scalbnf  0x0800b570       0xc8 /opt/st/stm32cubeclt_1.20.0/GNU-tools-for-STM32/bin/../lib/gcc/arm-none-eabi/13.3.1/../../../../arm-none-eabi/lib/thumb/v8-m.main+fp/hard/libm.a(libm_a-sf_scalbn.o)
                0x0800b570                scalbnf
 .text.with_errnof
                0x0800b638       0x1c /opt/st/stm32cubeclt_1.20.0/GNU-tools-for-STM32/bin/../lib/gcc/arm-none-eabi/13.3.1/../../../../arm-none-eabi/lib/thumb/v8-m.main+fp/hard/libm.a(libm_a-math_errf.o)
 .text.xflowf   0x0800b654       0x16 /opt/st/stm32cubeclt_1.20.0/GNU-tools-for-STM32/bin/../lib/gcc/arm-none-eabi/13.3.1/../../../../arm-none-eabi/lib/thumb/v8-m.main+fp/hard/libm.a(libm_a-math_errf.o)
 *fill*         0x0800b66a        0x2 
 .text.__math_uflowf
                0x0800b66c        0xc /opt/st/stm32cubeclt_1.20.0/GNU-tools-for-STM32/bin/../lib/gcc/arm-none-eabi/13.3.1/../../../../arm-none-eabi/lib/thumb/v8-m.main+fp/hard/libm.a(libm_a-math_errf.o)
                0x0800b66c                __math_uflowf
 .text.__math_oflowf
                0x0800b678        0xc /opt/st/stm32cubeclt_1.20.0/GNU-tools-for-STM32/bin/../lib/gcc/arm-none-eabi/13.3.1/../../../../arm-none-eabi/lib/thumb/v8-m.main+fp/hard/libm.a(libm_a-math_errf.o)
                0x0800b678                __math_oflowf
 .text.__ieee754_sqrtf
                0x0800b684        0x6 /opt/st/stm32cubeclt_1.20.0/GNU-tools-for-STM32/bin/../lib/gcc/arm-none-eabi/13.3.1/../../../../arm-none-eabi/lib/thumb/v8-m.main+fp/hard/libm.a(libm_a-ef_sqrt.o)
                0x0800b684                __ieee754_sqrtf
 *fill*         0x0800b68a        0x2 
 .text._sbrk    0x0800b68c       0x1c /opt/st/stm32cubeclt_1.20.0/GNU-tools-for-STM32/bin/../lib/gcc/arm-none-eabi/13.3.1/../../../../arm-none-eabi/lib/thumb/v8-m.main+fp/hard/libnosys.a(sbrk.o)
                0x0800b68c                _sbrk
 .text.ai_buffer_get_size
                0x0800b6a8       0x64 Middlewares/ST/AI/Lib/NetworkRuntime1020_CM33_GCC.a(ai_platform.o)
                0x0800b6a8                ai_buffer_get_size
 .text.ai_buffer_array_sane
                0x0800b70c       0x14 Middlewares/ST/AI/Lib/NetworkRuntime1020_CM33_GCC.a(ai_platform.o)
                0x0800b70c                ai_buffer_array_sane
 .text.ai_buffer_array_item_set_address
                0x0800b720       0x1c Middlewares/ST/AI/Lib/NetworkRuntime1020_CM33_GCC.a(ai_platform.o)
                0x0800b720                ai_buffer_array_item_set_address
 .text.ai_platform_get_weights_map
                0x0800b73c       0xa0 Middlewares/ST/AI/Lib/NetworkRuntime1020_CM33_GCC.a(ai_platform_interface.o)
                0x0800b73c                ai_platform_get_weights_map
 .text.ai_platform_get_activations_map
                0x0800b7dc       0xa4 Middlewares/ST/AI/Lib/NetworkRuntime1020_CM33_GCC.a(ai_platform_interface.o)
                0x0800b7dc                ai_platform_get_activations_map
 .text.ai_platform_bind_network_params
                0x0800b880       0x44 Middlewares/ST/AI/Lib/NetworkRuntime1020_CM33_GCC.a(ai_platform_interface.o)
                0x0800b880                ai_platform_bind_network_params
 .text.ai_platform_runtime_get_revision
                0x0800b8c4        0x8 Middlewares/ST/AI/Lib/NetworkRuntime1020_CM33_GCC.a(ai_platform_interface.o)
                0x0800b8c4                ai_platform_runtime_get_revision
 .text.ai_platform_runtime_get_version
                0x0800b8cc       0x30 Middlewares/ST/AI/Lib/NetworkRuntime1020_CM33_GCC.a(ai_platform_interface.o)
                0x0800b8cc                ai_platform_runtime_get_version
 .text.ai_platform_api_get_version
                0x0800b8fc       0x30 Middlewares/ST/AI/Lib/NetworkRuntime1020_CM33_GCC.a(ai_platform_interface.o)
                0x0800b8fc                ai_platform_api_get_version
 .text.ai_platform_interface_api_get_version
                0x0800b92c       0x30 Middlewares/ST/AI/Lib/NetworkRuntime1020_CM33_GCC.a(ai_platform_interface.o)
                0x0800b92c                ai_platform_interface_api_get_version
 .text.ai_platform_context_acquire
                0x0800b95c       0x10 Middlewares/ST/AI/Lib/NetworkRuntime1020_CM33_GCC.a(ai_platform_interface.o)
                0x0800b95c                ai_platform_context_acquire
 .text.ai_platform_network_get_error
                0x0800b96c       0x18 Middlewares/ST/AI/Lib/NetworkRuntime1020_CM33_GCC.a(ai_platform_interface.o)
                0x0800b96c                ai_platform_network_get_error
 .text.ai_platform_network_set_error
                0x0800b984        0xc Middlewares/ST/AI/Lib/NetworkRuntime1020_CM33_GCC.a(ai_platform_interface.o)
                0x0800b984                ai_platform_network_set_error
 .text.ai_platform_api_get_network_report
                0x0800b990      0x358 Middlewares/ST/AI/Lib/NetworkRuntime1020_CM33_GCC.a(ai_platform_interface.o)
                0x0800b990                ai_platform_api_get_network_report
 .text.ai_platform_network_create
                0x0800bce8       0x84 Middlewares/ST/AI/Lib/NetworkRuntime1020_CM33_GCC.a(ai_platform_interface.o)
                0x0800bce8                ai_platform_network_create
 .text.ai_platform_network_init
                0x0800bd6c      0x130 Middlewares/ST/AI/Lib/NetworkRuntime1020_CM33_GCC.a(ai_platform_interface.o)
                0x0800bd6c                ai_platform_network_init
 .text.ai_platform_network_post_init
                0x0800be9c       0x58 Middlewares/ST/AI/Lib/NetworkRuntime1020_CM33_GCC.a(ai_platform_interface.o)
                0x0800be9c                ai_platform_network_post_init
 .text.ai_platform_network_process
                0x0800bef4      0x438 Middlewares/ST/AI/Lib/NetworkRuntime1020_CM33_GCC.a(ai_platform_interface.o)
                0x0800bef4                ai_platform_network_process
 .text.core_init
                0x0800c32c        0x4 Middlewares/ST/AI/Lib/NetworkRuntime1020_CM33_GCC.a(core_common.o)
                0x0800c32c                core_init
 .text.core_get_error
                0x0800c330        0xc Middlewares/ST/AI/Lib/NetworkRuntime1020_CM33_GCC.a(core_common.o)
                0x0800c330                core_get_error
 .text.core_set_error
                0x0800c33c       0x18 Middlewares/ST/AI/Lib/NetworkRuntime1020_CM33_GCC.a(core_common.o)
                0x0800c33c                core_set_error
 .text.ai_check_custom_types
                0x0800c354       0x50 Middlewares/ST/AI/Lib/NetworkRuntime1020_CM33_GCC.a(layers.o)
                0x0800c354                ai_check_custom_types
 .text.ai_layers_init_all
                0x0800c3a4       0x20 Middlewares/ST/AI/Lib/NetworkRuntime1020_CM33_GCC.a(layers.o)
                0x0800c3a4                ai_layers_init_all
 .text.ai_layers_post_init_all
                0x0800c3c4       0x38 Middlewares/ST/AI/Lib/NetworkRuntime1020_CM33_GCC.a(layers.o)
                0x0800c3c4                ai_layers_post_init_all
 .text.ai_layers_forward_all
                0x0800c3fc       0x94 Middlewares/ST/AI/Lib/NetworkRuntime1020_CM33_GCC.a(layers.o)
                0x0800c3fc                ai_layers_forward_all
 .text.forward_dense_integer_SSSA_ch
                0x0800c490      0x1e4 Middlewares/ST/AI/Lib/NetworkRuntime1020_CM33_GCC.a(layers_conv2d_stm32_integer.o)
                0x0800c490                forward_dense_integer_SSSA_ch
 .text.forward_sm_integer
                0x0800c674       0xbc Middlewares/ST/AI/Lib/NetworkRuntime1020_CM33_GCC.a(layers_nl_stm32_integer.o)
                0x0800c674                forward_sm_integer
 .text.forward_eltwise_integer_INT8
                0x0800c730      0x39c Middlewares/ST/AI/Lib/NetworkRuntime1020_CM33_GCC.a(layers_stm32_integer.o)
                0x0800c730                forward_eltwise_integer_INT8
 .text.forward_lite_dense_is8os8ws8_ch
                0x0800cacc       0x80 Middlewares/ST/AI/Lib/NetworkRuntime1020_CM33_GCC.a(forward_lite_dense_is8os8ws8_ch.o)
                0x0800cacc                forward_lite_dense_is8os8ws8_ch
 .text.forward_lite_nl_softmax_is8os8
                0x0800cb4c       0x14 Middlewares/ST/AI/Lib/NetworkRuntime1020_CM33_GCC.a(lite_nl_generic_integer.o)
                0x0800cb4c                forward_lite_nl_softmax_is8os8
 .text.forward_lite_nl_softmax_iu8ou8
                0x0800cb60       0x14 Middlewares/ST/AI/Lib/NetworkRuntime1020_CM33_GCC.a(lite_nl_generic_integer.o)
                0x0800cb60                forward_lite_nl_softmax_iu8ou8
 .text.align_factor_ch
                0x0800cb74       0x60 Middlewares/ST/AI/Lib/NetworkRuntime1020_CM33_GCC.a(st_align_factor.o)
                0x0800cb74                align_factor_ch
 .text.st_sssa8_ch_fully_connected
                0x0800cbd4      0x510 Middlewares/ST/AI/Lib/NetworkRuntime1020_CM33_GCC.a(st_sssa8_ch_dense.o)
                0x0800cbd4                st_sssa8_ch_fully_connected
 .text.st_int8_copy
                0x0800d0e4      0x13c Middlewares/ST/AI/Lib/NetworkRuntime1020_CM33_GCC.a(st_int8_fill.o)
                0x0800d0e4                st_int8_copy
 .text.st_int8_reordered_no_shift_zero
                0x0800d220       0x68 Middlewares/ST/AI/Lib/NetworkRuntime1020_CM33_GCC.a(st_int8_reordered_no_shift.o)
                0x0800d220                st_int8_reordered_no_shift_zero
 .text.ai_sum_f32
                0x0800d288       0x14 Middlewares/ST/AI/Lib/NetworkRuntime1020_CM33_GCC.a(ai_math_helpers.o)
                0x0800d288                ai_sum_f32
 .text.ai_sum_buffer_INT8
                0x0800d29c      0x2c8 Middlewares/ST/AI/Lib/NetworkRuntime1020_CM33_GCC.a(ai_math_helpers.o)
                0x0800d29c                ai_sum_buffer_INT8
 .text.ai_array_to_buffer_fmt
                0x0800d564       0xe0 Middlewares/ST/AI/Lib/NetworkRuntime1020_CM33_GCC.a(ai_datatypes_format.o)
                0x0800d564                ai_array_to_buffer_fmt
 .text.ai_array_get_data_byte_size
                0x0800d644       0x20 Middlewares/ST/AI/Lib/NetworkRuntime1020_CM33_GCC.a(ai_datatypes_format.o)
                0x0800d644                ai_array_get_data_byte_size
 .text.ai_version_get
                0x0800d664        0xc Middlewares/ST/AI/Lib/NetworkRuntime1020_CM33_GCC.a(ai_datatypes_internal.o)
                0x0800d664                ai_version_get
 .text.ai_platform_version_get
                0x0800d670       0x24 Middlewares/ST/AI/Lib/NetworkRuntime1020_CM33_GCC.a(ai_datatypes_internal.o)
                0x0800d670                ai_platform_version_get
 .text.get_tensor_byte_size
                0x0800d694       0x30 Middlewares/ST/AI/Lib/NetworkRuntime1020_CM33_GCC.a(ai_datatypes_internal.o)
                0x0800d694                get_tensor_byte_size
 .text.core_get_broadcasted_shape
                0x0800d6c4       0x50 Middlewares/ST/AI/Lib/NetworkRuntime1020_CM33_GCC.a(core_utils.o)
                0x0800d6c4                core_get_broadcasted_shape
 .text.core_compute_offsets
                0x0800d714      0x12c Middlewares/ST/AI/Lib/NetworkRuntime1020_CM33_GCC.a(core_utils.o)
                0x0800d714                core_compute_offsets
 .text.ai_math_elementwise_sum_int8
                0x0800d840      0x1d4 Middlewares/ST/AI/Lib/NetworkRuntime1020_CM33_GCC.a(ai_math_elementwise_sum_int8.o)
                0x0800d840                ai_math_elementwise_sum_int8
 .text._lite_kernel_nl_softmax_is8os8
                0x0800da14      0xaf4 Middlewares/ST/AI/Lib/NetworkRuntime1020_CM33_GCC.a(lite_nl_softmax_is8os8.o)
                0x0800da14                _lite_kernel_nl_softmax_is8os8
 .text._lite_kernel_nl_softmax_iu8ou8
                0x0800e508      0x7d0 Middlewares/ST/AI/Lib/NetworkRuntime1020_CM33_GCC.a(lite_nl_softmax_iu8ou8.o)
                0x0800e508                _lite_kernel_nl_softmax_iu8ou8
 *(.glue_7)
 .glue_7        0x0800ecd8        0x0 linker stubs
 *(.glue_7t)
 .glue_7t       0x0800ecd8        0x0 linker stubs
 *(.eh_frame)
 .eh_frame      0x0800ecd8        0x0 /opt/st/stm32cubeclt_1.20.0/GNU-tools-for-STM32/bin/../lib/gcc/arm-none-eabi/13.3.1/thumb/v8-m.main+fp/hard/crtbegin.o
 *(.init)
 .init          0x0800ecd8        0x4 /opt/st/stm32cubeclt_1.20.0/GNU-tools-for-STM32/bin/../lib/gcc/arm-none-eabi/13.3.1/thumb/v8-m.main+fp/hard/crti.o
                0x0800ecd8                _init
 .init          0x0800ecdc        0x8 /opt/st/stm32cubeclt_1.20.0/GNU-tools-for-STM32/bin/../lib/gcc/arm-none-eabi/13.3.1/thumb/v8-m.main+fp/hard/crtn.o
 *(.fini)
 .fini          0x0800ece4        0x4 /opt/st/stm32cubeclt_1.20.0/GNU-tools-for-STM32/bin/../lib/gcc/arm-none-eabi/13.3.1/thumb/v8-m.main+fp/hard/crti.o
                0x0800ece4                _fini
 .fini          0x0800ece8        0x8 /opt/st/stm32cubeclt_1.20.0/GNU-tools-for-STM32/bin/../lib/gcc/arm-none-eabi/13.3.1/thumb/v8-m.main+fp/hard/crtn.o
                0x0800ecf0                        _etext = .

.vfp11_veneer   0x0800ecf0        0x0
 .vfp11_veneer  0x0800ecf0        0x0 linker stubs

.v4_bx          0x0800ecf0        0x0
 .v4_bx         0x0800ecf0        0x0 linker stubs

.iplt           0x0800ecf0        0x0
 .iplt          0x0800ecf0        0x0 /opt/st/stm32cubeclt_1.20.0/GNU-tools-for-STM32/bin/../lib/gcc/arm-none-eabi/13.3.1/thumb/v8-m.main+fp/hard/crtbegin.o

.rodata         0x0800ed00     0x467c
 *(.rodata)
 .rodata        0x0800ed00       0x30 build/network_data.o
 .rodata        0x0800ed30       0x10 Middlewares/ST/AI/Lib/NetworkRuntime1020_CM33_GCC.a(ai_platform_interface.o)
 *(.rodata*)
 .rodata.main.str1.4
                0x0800ed40      0x6da build/main.o
                                0x237 (size before relaxing)
 .rodata.Temperature_Init.str1.4
                0x0800f41a        0x0 build/stts22h_app.o
                                 0x51 (size before relaxing)
 .rodata.Temperature_Read.str1.4
                0x0800f41a        0x0 build/stts22h_app.o
                                 0x30 (size before relaxing)
 .rodata.sht40x_interface_debug_print.str1.4
                0x0800f41a        0x0 build/sht40x_driver_interface.o
                                  0x3 (size before relaxing)
 .rodata.Humidity_Temperature_Read.str1.4
                0x0800f41a        0x0 build/sht40x_driver_interface.o
                                 0x3b (size before relaxing)
 .rodata.a_sht40x_print_error_msg.str1.4
                0x0800f41a        0x0 build/sht40x_driver.o
                                 0x18 (size before relaxing)
 .rodata.sht40x_init.str1.4
                0x0800f41a        0x0 build/sht40x_driver.o
                                 0x9f (size before relaxing)
 .rodata.sht40x_get_temp_rh.str1.4
                0x0800f41a        0x0 build/sht40x_driver.o
                                 0x33 (size before relaxing)
 *fill*         0x0800f41a        0x2 
 .rodata.READ_PRECISION
                0x0800f41c        0x3 build/sht40x_driver.o
 .rodata.Pressure_Init.str1.4
                0x0800f41f        0x0 build/lps22df_app.o
                                 0x51 (size before relaxing)
 .rodata.Pressure_Read.str1.4
                0x0800f41f        0x0 build/lps22df_app.o
                                 0x29 (size before relaxing)
 .rodata.lora_Sleep.str1.4
                0x0800f41f        0x0 build/lora.o
                                  0xe (size before relaxing)
 .rodata.lora_WakeUp.str1.4
                0x0800f41f        0x0 build/lora.o
                                  0x5 (size before relaxing)
 .rodata.lora_ReceiveDownlink.str1.4
                0x0800f41f        0x0 build/lora.o
                                  0x6 (size before relaxing)
 .rodata.config_Lora.str1.4
                0x0800f41f        0x0 build/lora.o
                                 0xca (size before relaxing)
 .rodata.lora_envoi_data.str1.4
                0x0800f41f        0x0 build/lora.o
                                 0x2a (size before relaxing)
 .rodata.lora_envoi_prediction.str1.4
                0x0800f41f        0x0 build/lora.o
                                 0x2d (size before relaxing)
 *fill*         0x0800f41f        0x1 
 .rodata.LPGPIO_Map
                0x0800f420       0x80 build/stm32u5xx_hal_gpio.o
 .rodata.denominator.0
                0x0800f4a0        0x8 build/stm32u5xx_hal_uart_ex.o
 .rodata.numerator.1
                0x0800f4a8        0x8 build/stm32u5xx_hal_uart_ex.o
 .rodata.UARTPrescTable
                0x0800f4b0       0x18 build/stm32u5xx_hal_uart.o
                0x0800f4b0                UARTPrescTable
 .rodata.MSIRangeTable
                0x0800f4c8       0x40 build/system_stm32u5xx.o
                0x0800f4c8                MSIRangeTable
 .rodata.APBPrescTable
                0x0800f508        0x8 build/system_stm32u5xx.o
                0x0800f508                APBPrescTable
 .rodata.AHBPrescTable
                0x0800f510       0x10 build/system_stm32u5xx.o
                0x0800f510                AHBPrescTable
 .rodata.s_network_weights_array_u64
                0x0800f520     0x3198 build/network_data_params.o
                0x0800f520                s_network_weights_array_u64
 .rodata.ai_network_get_info.str1.4
                0x080126b8        0x0 build/network.o
                                 0x61 (size before relaxing)
 .rodata.gemm_0_chain
                0x080126b8        0x8 build/network.o
 .rodata.gemm_1_chain
                0x080126c0        0x8 build/network.o
 .rodata.gemm_2_chain
                0x080126c8        0x8 build/network.o
 .rodata.eltwise_3_chain
                0x080126d0        0x8 build/network.o
 .rodata.gemm_4_chain
                0x080126d8        0x8 build/network.o
 .rodata.gemm_5_chain
                0x080126e0        0x8 build/network.o
 .rodata.gemm_6_chain
                0x080126e8        0x8 build/network.o
 .rodata.eltwise_7_chain
                0x080126f0        0x8 build/network.o
 .rodata.gemm_8_chain
                0x080126f8        0x8 build/network.o
 .rodata.gemm_9_chain
                0x08012700        0x8 build/network.o
 .rodata.gemm_10_chain
                0x08012708        0x8 build/network.o
 .rodata.eltwise_11_chain
                0x08012710        0x8 build/network.o
 .rodata.gemm_12_chain
                0x08012718        0x8 build/network.o
 .rodata.nl_13_chain
                0x08012720        0x8 build/network.o
 .rodata.nl_13_nl_params
                0x08012728       0x10 build/network.o
 .rodata.nl_13_nl_params_data
                0x08012738        0xc build/network.o
 .rodata.serving_default_sensor_input0_output_array_intq
                0x08012744        0x8 build/network.o
 .rodata.__compound_literal.74
                0x0801274c        0x8 build/network.o
 .rodata.__compound_literal.73
                0x08012754        0x1 build/network.o
 *fill*         0x08012755        0x3 
 .rodata.__compound_literal.72
                0x08012758        0x4 build/network.o
 .rodata.nl_13_output_array_intq
                0x0801275c        0x8 build/network.o
 .rodata.__compound_literal.71
                0x08012764        0x8 build/network.o
 .rodata.__compound_literal.70
                0x0801276c        0x1 build/network.o
 *fill*         0x0801276d        0x3 
 .rodata.__compound_literal.69
                0x08012770        0x4 build/network.o
 .rodata.gemm_9_weights_array_intq
                0x08012774        0x8 build/network.o
 .rodata.__compound_literal.68
                0x0801277c        0x8 build/network.o
 .rodata.__compound_literal.67
                0x08012784       0x18 build/network.o
 .rodata.__compound_literal.66
                0x0801279c       0x60 build/network.o
 .rodata.gemm_9_output_array_intq
                0x080127fc        0x8 build/network.o
 .rodata.__compound_literal.65
                0x08012804        0x8 build/network.o
 .rodata.__compound_literal.64
                0x0801280c        0x1 build/network.o
 *fill*         0x0801280d        0x3 
 .rodata.__compound_literal.63
                0x08012810        0x4 build/network.o
 .rodata.gemm_8_weights_array_intq
                0x08012814        0x8 build/network.o
 .rodata.__compound_literal.62
                0x0801281c        0x8 build/network.o
 .rodata.__compound_literal.61
                0x08012824       0x18 build/network.o
 .rodata.__compound_literal.60
                0x0801283c       0x60 build/network.o
 .rodata.gemm_8_output_array_intq
                0x0801289c        0x8 build/network.o
 .rodata.__compound_literal.59
                0x080128a4        0x8 build/network.o
 .rodata.__compound_literal.58
                0x080128ac        0x1 build/network.o
 *fill*         0x080128ad        0x3 
 .rodata.__compound_literal.57
                0x080128b0        0x4 build/network.o
 .rodata.gemm_6_weights_array_intq
                0x080128b4        0x8 build/network.o
 .rodata.__compound_literal.56
                0x080128bc        0x8 build/network.o
 .rodata.__compound_literal.55
                0x080128c4       0x20 build/network.o
 .rodata.__compound_literal.54
                0x080128e4       0x80 build/network.o
 .rodata.gemm_6_output_array_intq
                0x08012964        0x8 build/network.o
 .rodata.__compound_literal.53
                0x0801296c        0x8 build/network.o
 .rodata.__compound_literal.52
                0x08012974        0x1 build/network.o
 *fill*         0x08012975        0x3 
 .rodata.__compound_literal.51
                0x08012978        0x4 build/network.o
 .rodata.gemm_5_weights_array_intq
                0x0801297c        0x8 build/network.o
 .rodata.__compound_literal.50
                0x08012984        0x8 build/network.o
 .rodata.__compound_literal.49
                0x0801298c       0x20 build/network.o
 .rodata.__compound_literal.48
                0x080129ac       0x80 build/network.o
 .rodata.gemm_5_output_array_intq
                0x08012a2c        0x8 build/network.o
 .rodata.__compound_literal.47
                0x08012a34        0x8 build/network.o
 .rodata.__compound_literal.46
                0x08012a3c        0x1 build/network.o
 *fill*         0x08012a3d        0x3 
 .rodata.__compound_literal.45
                0x08012a40        0x4 build/network.o
 .rodata.gemm_4_weights_array_intq
                0x08012a44        0x8 build/network.o
 .rodata.__compound_literal.44
                0x08012a4c        0x8 build/network.o
 .rodata.__compound_literal.43
                0x08012a54       0x20 build/network.o
 .rodata.__compound_literal.42
                0x08012a74       0x80 build/network.o
 .rodata.gemm_4_output_array_intq
                0x08012af4        0x8 build/network.o
 .rodata.__compound_literal.41
                0x08012afc        0x8 build/network.o
 .rodata.__compound_literal.40
                0x08012b04        0x1 build/network.o
 *fill*         0x08012b05        0x3 
 .rodata.__compound_literal.39
                0x08012b08        0x4 build/network.o
 .rodata.gemm_2_weights_array_intq
                0x08012b0c        0x8 build/network.o
 .rodata.__compound_literal.38
                0x08012b14        0x8 build/network.o
 .rodata.__compound_literal.37
                0x08012b1c       0x30 build/network.o
 .rodata.__compound_literal.36
                0x08012b4c       0xc0 build/network.o
 .rodata.gemm_2_output_array_intq
                0x08012c0c        0x8 build/network.o
 .rodata.__compound_literal.35
                0x08012c14        0x8 build/network.o
 .rodata.__compound_literal.34
                0x08012c1c        0x1 build/network.o
 *fill*         0x08012c1d        0x3 
 .rodata.__compound_literal.33
                0x08012c20        0x4 build/network.o
 .rodata.gemm_1_weights_array_intq
                0x08012c24        0x8 build/network.o
 .rodata.__compound_literal.32
                0x08012c2c        0x8 build/network.o
 .rodata.__compound_literal.31
                0x08012c34       0x30 build/network.o
 .rodata.__compound_literal.30
                0x08012c64       0xc0 build/network.o
 .rodata.gemm_1_output_array_intq
                0x08012d24        0x8 build/network.o
 .rodata.__compound_literal.29
                0x08012d2c        0x8 build/network.o
 .rodata.__compound_literal.28
                0x08012d34        0x1 build/network.o
 *fill*         0x08012d35        0x3 
 .rodata.__compound_literal.27
                0x08012d38        0x4 build/network.o
 .rodata.gemm_12_weights_array_intq
                0x08012d3c        0x8 build/network.o
 .rodata.__compound_literal.26
                0x08012d44        0x8 build/network.o
 .rodata.__compound_literal.25
                0x08012d4c        0x7 build/network.o
 *fill*         0x08012d53        0x1 
 .rodata.__compound_literal.24
                0x08012d54       0x1c build/network.o
 .rodata.gemm_12_output_array_intq
                0x08012d70        0x8 build/network.o
 .rodata.__compound_literal.23
                0x08012d78        0x8 build/network.o
 .rodata.__compound_literal.22
                0x08012d80        0x1 build/network.o
 *fill*         0x08012d81        0x3 
 .rodata.__compound_literal.21
                0x08012d84        0x4 build/network.o
 .rodata.gemm_10_weights_array_intq
                0x08012d88        0x8 build/network.o
 .rodata.__compound_literal.20
                0x08012d90        0x8 build/network.o
 .rodata.__compound_literal.19
                0x08012d98       0x18 build/network.o
 .rodata.__compound_literal.18
                0x08012db0       0x60 build/network.o
 .rodata.gemm_10_output_array_intq
                0x08012e10        0x8 build/network.o
 .rodata.__compound_literal.17
                0x08012e18        0x8 build/network.o
 .rodata.__compound_literal.16
                0x08012e20        0x1 build/network.o
 *fill*         0x08012e21        0x3 
 .rodata.__compound_literal.15
                0x08012e24        0x4 build/network.o
 .rodata.gemm_0_weights_array_intq
                0x08012e28        0x8 build/network.o
 .rodata.__compound_literal.14
                0x08012e30        0x8 build/network.o
 .rodata.__compound_literal.13
                0x08012e38       0x30 build/network.o
 .rodata.__compound_literal.12
                0x08012e68       0xc0 build/network.o
 .rodata.gemm_0_output_array_intq
                0x08012f28        0x8 build/network.o
 .rodata.__compound_literal.11
                0x08012f30        0x8 build/network.o
 .rodata.__compound_literal.10
                0x08012f38        0x1 build/network.o
 *fill*         0x08012f39        0x3 
 .rodata.__compound_literal.9
                0x08012f3c        0x4 build/network.o
 .rodata.eltwise_7_output_array_intq
                0x08012f40        0x8 build/network.o
 .rodata.__compound_literal.8
                0x08012f48        0x8 build/network.o
 .rodata.__compound_literal.7
                0x08012f50        0x1 build/network.o
 *fill*         0x08012f51        0x3 
 .rodata.__compound_literal.6
                0x08012f54        0x4 build/network.o
 .rodata.eltwise_3_output_array_intq
                0x08012f58        0x8 build/network.o
 .rodata.__compound_literal.5
                0x08012f60        0x8 build/network.o
 .rodata.__compound_literal.4
                0x08012f68        0x1 build/network.o
 *fill*         0x08012f69        0x3 
 .rodata.__compound_literal.3
                0x08012f6c        0x4 build/network.o
 .rodata.eltwise_11_output_array_intq
                0x08012f70        0x8 build/network.o
 .rodata.__compound_literal.2
                0x08012f78        0x8 build/network.o
 .rodata.__compound_literal.1
                0x08012f80        0x1 build/network.o
 *fill*         0x08012f81        0x3 
 .rodata.__compound_literal.0
                0x08012f84        0x4 build/network.o
 .rodata.MX_X_CUBE_AI_Init.str1.4
                0x08012f88        0x0 build/app_x-cube-ai.o
                                 0x7a (size before relaxing)
 .rodata.MX_X_CUBE_AI_Process.str1.4
                0x08012f88        0x0 build/app_x-cube-ai.o
                                 0x52 (size before relaxing)
 .rodata.METAI_X_RANGE
                0x08012f88       0x24 build/app_x-cube-ai.o
 .rodata.METAI_X_MIN
                0x08012fac       0x24 build/app_x-cube-ai.o
 .rodata._ctype_