ARM GAS  /tmp/ccKCgCNe.s 			page 1


   1              		.cpu cortex-m33
   2              		.arch armv8-m.main
   3              		.fpu fpv5-sp-d16
   4              		.arch_extension dsp
   5              		.eabi_attribute 27, 1
   6              		.eabi_attribute 28, 1
   7              		.eabi_attribute 20, 1
   8              		.eabi_attribute 21, 1
   9              		.eabi_attribute 23, 3
  10              		.eabi_attribute 24, 1
  11              		.eabi_attribute 25, 1
  12              		.eabi_attribute 26, 1
  13              		.eabi_attribute 30, 1
  14              		.eabi_attribute 34, 1
  15              		.eabi_attribute 18, 4
  16              		.file	"lps22df_app.c"
  17              		.text
  18              	.Ltext0:
  19              		.cfi_sections	.debug_frame
  20              		.file 1 "Drivers/Sensors/LPS22DF/lps22df_app.c"
  21              		.section	.text.LPS22DF_I2C_Delay,"ax",%progbits
  22              		.align	1
  23              		.syntax unified
  24              		.thumb
  25              		.thumb_func
  27              	LPS22DF_I2C_Delay:
  28              	.LVL0:
  29              	.LFB162:
   1:Drivers/Sensors/LPS22DF/lps22df_app.c **** /*
   2:Drivers/Sensors/LPS22DF/lps22df_app.c ****  ******************************************************************************
   3:Drivers/Sensors/LPS22DF/lps22df_app.c ****  * @file    lps22df_app.c
   4:Drivers/Sensors/LPS22DF/lps22df_app.c ****  * @brief   LPS22DF application helpers
   5:Drivers/Sensors/LPS22DF/lps22df_app.c ****  ******************************************************************************
   6:Drivers/Sensors/LPS22DF/lps22df_app.c ****  */
   7:Drivers/Sensors/LPS22DF/lps22df_app.c **** 
   8:Drivers/Sensors/LPS22DF/lps22df_app.c **** #include "lps22df_app.h"
   9:Drivers/Sensors/LPS22DF/lps22df_app.c **** 
  10:Drivers/Sensors/LPS22DF/lps22df_app.c **** static I2C_HandleTypeDef *lps22df_hi2c = NULL;
  11:Drivers/Sensors/LPS22DF/lps22df_app.c **** static stmdev_ctx_t lps22df_ctx = {0};
  12:Drivers/Sensors/LPS22DF/lps22df_app.c **** 
  13:Drivers/Sensors/LPS22DF/lps22df_app.c **** static int32_t LPS22DF_I2C_WriteReg(void *handle, uint8_t reg, const uint8_t *pData,
  14:Drivers/Sensors/LPS22DF/lps22df_app.c ****                                     uint16_t length)
  15:Drivers/Sensors/LPS22DF/lps22df_app.c **** {
  16:Drivers/Sensors/LPS22DF/lps22df_app.c ****   return (HAL_I2C_Mem_Write((I2C_HandleTypeDef *)handle, LPS22DF_I2C_ADD_H,
  17:Drivers/Sensors/LPS22DF/lps22df_app.c ****                             reg, I2C_MEMADD_SIZE_8BIT, (uint8_t *)pData,
  18:Drivers/Sensors/LPS22DF/lps22df_app.c ****                             length, HAL_MAX_DELAY) == HAL_OK) ? 0 : -1;
  19:Drivers/Sensors/LPS22DF/lps22df_app.c **** }
  20:Drivers/Sensors/LPS22DF/lps22df_app.c **** 
  21:Drivers/Sensors/LPS22DF/lps22df_app.c **** static int32_t LPS22DF_I2C_ReadReg(void *handle, uint8_t reg, uint8_t *pData,
  22:Drivers/Sensors/LPS22DF/lps22df_app.c ****                                    uint16_t length)
  23:Drivers/Sensors/LPS22DF/lps22df_app.c **** {
  24:Drivers/Sensors/LPS22DF/lps22df_app.c ****   return (HAL_I2C_Mem_Read((I2C_HandleTypeDef *)handle, LPS22DF_I2C_ADD_H,
  25:Drivers/Sensors/LPS22DF/lps22df_app.c ****                            reg, I2C_MEMADD_SIZE_8BIT, pData,
  26:Drivers/Sensors/LPS22DF/lps22df_app.c ****                            length, HAL_MAX_DELAY) == HAL_OK) ? 0 : -1;
  27:Drivers/Sensors/LPS22DF/lps22df_app.c **** }
  28:Drivers/Sensors/LPS22DF/lps22df_app.c **** 
  29:Drivers/Sensors/LPS22DF/lps22df_app.c **** static void LPS22DF_I2C_Delay(uint32_t Delay)
ARM GAS  /tmp/ccKCgCNe.s 			page 2


  30:Drivers/Sensors/LPS22DF/lps22df_app.c **** {
  30              		.loc 1 30 1 view -0
  31              		.cfi_startproc
  32              		@ args = 0, pretend = 0, frame = 0
  33              		@ frame_needed = 0, uses_anonymous_args = 0
  34              		.loc 1 30 1 is_stmt 0 view .LVU1
  35 0000 08B5     		push	{r3, lr}
  36              	.LCFI0:
  37              		.cfi_def_cfa_offset 8
  38              		.cfi_offset 3, -8
  39              		.cfi_offset 14, -4
  31:Drivers/Sensors/LPS22DF/lps22df_app.c ****   HAL_Delay(Delay);
  40              		.loc 1 31 3 is_stmt 1 view .LVU2
  41 0002 FFF7FEFF 		bl	HAL_Delay
  42              	.LVL1:
  32:Drivers/Sensors/LPS22DF/lps22df_app.c **** }
  43              		.loc 1 32 1 is_stmt 0 view .LVU3
  44 0006 08BD     		pop	{r3, pc}
  45              		.cfi_endproc
  46              	.LFE162:
  48              		.section	.text.LPS22DF_I2C_WriteReg,"ax",%progbits
  49              		.align	1
  50              		.syntax unified
  51              		.thumb
  52              		.thumb_func
  54              	LPS22DF_I2C_WriteReg:
  55              	.LVL2:
  56              	.LFB160:
  15:Drivers/Sensors/LPS22DF/lps22df_app.c ****   return (HAL_I2C_Mem_Write((I2C_HandleTypeDef *)handle, LPS22DF_I2C_ADD_H,
  57              		.loc 1 15 1 is_stmt 1 view -0
  58              		.cfi_startproc
  59              		@ args = 0, pretend = 0, frame = 0
  60              		@ frame_needed = 0, uses_anonymous_args = 0
  15:Drivers/Sensors/LPS22DF/lps22df_app.c ****   return (HAL_I2C_Mem_Write((I2C_HandleTypeDef *)handle, LPS22DF_I2C_ADD_H,
  61              		.loc 1 15 1 is_stmt 0 view .LVU5
  62 0000 10B5     		push	{r4, lr}
  63              	.LCFI1:
  64              		.cfi_def_cfa_offset 8
  65              		.cfi_offset 4, -8
  66              		.cfi_offset 14, -4
  67 0002 84B0     		sub	sp, sp, #16
  68              	.LCFI2:
  69              		.cfi_def_cfa_offset 24
  16:Drivers/Sensors/LPS22DF/lps22df_app.c ****                             reg, I2C_MEMADD_SIZE_8BIT, (uint8_t *)pData,
  70              		.loc 1 16 3 is_stmt 1 view .LVU6
  16:Drivers/Sensors/LPS22DF/lps22df_app.c ****                             reg, I2C_MEMADD_SIZE_8BIT, (uint8_t *)pData,
  71              		.loc 1 16 11 is_stmt 0 view .LVU7
  72 0004 4FF0FF34 		mov	r4, #-1
  73 0008 0294     		str	r4, [sp, #8]
  74 000a 0193     		str	r3, [sp, #4]
  75 000c 0092     		str	r2, [sp]
  76 000e 0123     		movs	r3, #1
  77              	.LVL3:
  16:Drivers/Sensors/LPS22DF/lps22df_app.c ****                             reg, I2C_MEMADD_SIZE_8BIT, (uint8_t *)pData,
  78              		.loc 1 16 11 view .LVU8
  79 0010 0A46     		mov	r2, r1
  80              	.LVL4:
ARM GAS  /tmp/ccKCgCNe.s 			page 3


  16:Drivers/Sensors/LPS22DF/lps22df_app.c ****                             reg, I2C_MEMADD_SIZE_8BIT, (uint8_t *)pData,
  81              		.loc 1 16 11 view .LVU9
  82 0012 BB21     		movs	r1, #187
  83              	.LVL5:
  16:Drivers/Sensors/LPS22DF/lps22df_app.c ****                             reg, I2C_MEMADD_SIZE_8BIT, (uint8_t *)pData,
  84              		.loc 1 16 11 view .LVU10
  85 0014 FFF7FEFF 		bl	HAL_I2C_Mem_Write
  86              	.LVL6:
  18:Drivers/Sensors/LPS22DF/lps22df_app.c **** }
  87              		.loc 1 18 67 view .LVU11
  88 0018 08B9     		cbnz	r0, .L7
  89              	.L3:
  19:Drivers/Sensors/LPS22DF/lps22df_app.c **** 
  90              		.loc 1 19 1 view .LVU12
  91 001a 04B0     		add	sp, sp, #16
  92              	.LCFI3:
  93              		.cfi_remember_state
  94              		.cfi_def_cfa_offset 8
  95              		@ sp needed
  96 001c 10BD     		pop	{r4, pc}
  97              	.L7:
  98              	.LCFI4:
  99              		.cfi_restore_state
  18:Drivers/Sensors/LPS22DF/lps22df_app.c **** }
 100              		.loc 1 18 67 discriminator 2 view .LVU13
 101 001e 4FF0FF30 		mov	r0, #-1
  18:Drivers/Sensors/LPS22DF/lps22df_app.c **** }
 102              		.loc 1 18 67 view .LVU14
 103 0022 FAE7     		b	.L3
 104              		.cfi_endproc
 105              	.LFE160:
 107              		.section	.text.LPS22DF_I2C_ReadReg,"ax",%progbits
 108              		.align	1
 109              		.syntax unified
 110              		.thumb
 111              		.thumb_func
 113              	LPS22DF_I2C_ReadReg:
 114              	.LVL7:
 115              	.LFB161:
  23:Drivers/Sensors/LPS22DF/lps22df_app.c ****   return (HAL_I2C_Mem_Read((I2C_HandleTypeDef *)handle, LPS22DF_I2C_ADD_H,
 116              		.loc 1 23 1 is_stmt 1 view -0
 117              		.cfi_startproc
 118              		@ args = 0, pretend = 0, frame = 0
 119              		@ frame_needed = 0, uses_anonymous_args = 0
  23:Drivers/Sensors/LPS22DF/lps22df_app.c ****   return (HAL_I2C_Mem_Read((I2C_HandleTypeDef *)handle, LPS22DF_I2C_ADD_H,
 120              		.loc 1 23 1 is_stmt 0 view .LVU16
 121 0000 10B5     		push	{r4, lr}
 122              	.LCFI5:
 123              		.cfi_def_cfa_offset 8
 124              		.cfi_offset 4, -8
 125              		.cfi_offset 14, -4
 126 0002 84B0     		sub	sp, sp, #16
 127              	.LCFI6:
 128              		.cfi_def_cfa_offset 24
  24:Drivers/Sensors/LPS22DF/lps22df_app.c ****                            reg, I2C_MEMADD_SIZE_8BIT, pData,
 129              		.loc 1 24 3 is_stmt 1 view .LVU17
  24:Drivers/Sensors/LPS22DF/lps22df_app.c ****                            reg, I2C_MEMADD_SIZE_8BIT, pData,
ARM GAS  /tmp/ccKCgCNe.s 			page 4


 130              		.loc 1 24 11 is_stmt 0 view .LVU18
 131 0004 4FF0FF34 		mov	r4, #-1
 132 0008 0294     		str	r4, [sp, #8]
 133 000a 0193     		str	r3, [sp, #4]
 134 000c 0092     		str	r2, [sp]
 135 000e 0123     		movs	r3, #1
 136              	.LVL8:
  24:Drivers/Sensors/LPS22DF/lps22df_app.c ****                            reg, I2C_MEMADD_SIZE_8BIT, pData,
 137              		.loc 1 24 11 view .LVU19
 138 0010 0A46     		mov	r2, r1
 139              	.LVL9:
  24:Drivers/Sensors/LPS22DF/lps22df_app.c ****                            reg, I2C_MEMADD_SIZE_8BIT, pData,
 140              		.loc 1 24 11 view .LVU20
 141 0012 BB21     		movs	r1, #187
 142              	.LVL10:
  24:Drivers/Sensors/LPS22DF/lps22df_app.c ****                            reg, I2C_MEMADD_SIZE_8BIT, pData,
 143              		.loc 1 24 11 view .LVU21
 144 0014 FFF7FEFF 		bl	HAL_I2C_Mem_Read
 145              	.LVL11:
  26:Drivers/Sensors/LPS22DF/lps22df_app.c **** }
 146              		.loc 1 26 66 view .LVU22
 147 0018 08B9     		cbnz	r0, .L12
 148              	.L8:
  27:Drivers/Sensors/LPS22DF/lps22df_app.c **** 
 149              		.loc 1 27 1 view .LVU23
 150 001a 04B0     		add	sp, sp, #16
 151              	.LCFI7:
 152              		.cfi_remember_state
 153              		.cfi_def_cfa_offset 8
 154              		@ sp needed
 155 001c 10BD     		pop	{r4, pc}
 156              	.L12:
 157              	.LCFI8:
 158              		.cfi_restore_state
  26:Drivers/Sensors/LPS22DF/lps22df_app.c **** }
 159              		.loc 1 26 66 discriminator 2 view .LVU24
 160 001e 4FF0FF30 		mov	r0, #-1
  26:Drivers/Sensors/LPS22DF/lps22df_app.c **** }
 161              		.loc 1 26 66 view .LVU25
 162 0022 FAE7     		b	.L8
 163              		.cfi_endproc
 164              	.LFE161:
 166              		.section	.text.LPS22DF_App_Init,"ax",%progbits
 167              		.align	1
 168              		.global	LPS22DF_App_Init
 169              		.syntax unified
 170              		.thumb
 171              		.thumb_func
 173              	LPS22DF_App_Init:
 174              	.LVL12:
 175              	.LFB163:
  33:Drivers/Sensors/LPS22DF/lps22df_app.c **** 
  34:Drivers/Sensors/LPS22DF/lps22df_app.c **** int32_t LPS22DF_App_Init(I2C_HandleTypeDef *hi2c)
  35:Drivers/Sensors/LPS22DF/lps22df_app.c **** {
 176              		.loc 1 35 1 is_stmt 1 view -0
 177              		.cfi_startproc
 178              		@ args = 0, pretend = 0, frame = 8
ARM GAS  /tmp/ccKCgCNe.s 			page 5


 179              		@ frame_needed = 0, uses_anonymous_args = 0
 180              		.loc 1 35 1 is_stmt 0 view .LVU27
 181 0000 00B5     		push	{lr}
 182              	.LCFI9:
 183              		.cfi_def_cfa_offset 4
 184              		.cfi_offset 14, -4
 185 0002 83B0     		sub	sp, sp, #12
 186              	.LCFI10:
 187              		.cfi_def_cfa_offset 16
  36:Drivers/Sensors/LPS22DF/lps22df_app.c ****   lps22df_id_t device_id = {0};
 188              		.loc 1 36 3 is_stmt 1 view .LVU28
 189              		.loc 1 36 16 is_stmt 0 view .LVU29
 190 0004 0023     		movs	r3, #0
 191 0006 8DF80430 		strb	r3, [sp, #4]
  37:Drivers/Sensors/LPS22DF/lps22df_app.c ****   lps22df_md_t mode = {0};
 192              		.loc 1 37 3 is_stmt 1 view .LVU30
 193              		.loc 1 37 16 is_stmt 0 view .LVU31
 194 000a ADF80030 		strh	r3, [sp]	@ movhi
 195 000e 8DF80230 		strb	r3, [sp, #2]
  38:Drivers/Sensors/LPS22DF/lps22df_app.c **** 
  39:Drivers/Sensors/LPS22DF/lps22df_app.c ****   if (hi2c == NULL)
 196              		.loc 1 39 3 is_stmt 1 view .LVU32
 197              		.loc 1 39 6 is_stmt 0 view .LVU33
 198 0012 48B3     		cbz	r0, .L15
 199 0014 0346     		mov	r3, r0
  40:Drivers/Sensors/LPS22DF/lps22df_app.c ****   {
  41:Drivers/Sensors/LPS22DF/lps22df_app.c ****     return -1;
  42:Drivers/Sensors/LPS22DF/lps22df_app.c ****   }
  43:Drivers/Sensors/LPS22DF/lps22df_app.c **** 
  44:Drivers/Sensors/LPS22DF/lps22df_app.c ****   lps22df_hi2c = hi2c;
 200              		.loc 1 44 3 is_stmt 1 view .LVU34
 201              		.loc 1 44 16 is_stmt 0 view .LVU35
 202 0016 1C4A     		ldr	r2, .L22
 203 0018 1060     		str	r0, [r2]
  45:Drivers/Sensors/LPS22DF/lps22df_app.c ****   lps22df_ctx.handle = lps22df_hi2c;
 204              		.loc 1 45 3 is_stmt 1 view .LVU36
 205              		.loc 1 45 22 is_stmt 0 view .LVU37
 206 001a 1C48     		ldr	r0, .L22+4
 207              	.LVL13:
 208              		.loc 1 45 22 view .LVU38
 209 001c C360     		str	r3, [r0, #12]
  46:Drivers/Sensors/LPS22DF/lps22df_app.c ****   lps22df_ctx.read_reg = LPS22DF_I2C_ReadReg;
 210              		.loc 1 46 3 is_stmt 1 view .LVU39
 211              		.loc 1 46 24 is_stmt 0 view .LVU40
 212 001e 1C4B     		ldr	r3, .L22+8
 213              	.LVL14:
 214              		.loc 1 46 24 view .LVU41
 215 0020 4360     		str	r3, [r0, #4]
  47:Drivers/Sensors/LPS22DF/lps22df_app.c ****   lps22df_ctx.write_reg = LPS22DF_I2C_WriteReg;
 216              		.loc 1 47 3 is_stmt 1 view .LVU42
 217              		.loc 1 47 25 is_stmt 0 view .LVU43
 218 0022 1C4B     		ldr	r3, .L22+12
 219 0024 0360     		str	r3, [r0]
  48:Drivers/Sensors/LPS22DF/lps22df_app.c ****   lps22df_ctx.mdelay = LPS22DF_I2C_Delay;
 220              		.loc 1 48 3 is_stmt 1 view .LVU44
 221              		.loc 1 48 22 is_stmt 0 view .LVU45
 222 0026 1C4B     		ldr	r3, .L22+16
ARM GAS  /tmp/ccKCgCNe.s 			page 6


 223 0028 8360     		str	r3, [r0, #8]
  49:Drivers/Sensors/LPS22DF/lps22df_app.c ****   lps22df_ctx.priv_data = NULL;
 224              		.loc 1 49 3 is_stmt 1 view .LVU46
 225              		.loc 1 49 25 is_stmt 0 view .LVU47
 226 002a 0023     		movs	r3, #0
 227 002c 0361     		str	r3, [r0, #16]
  50:Drivers/Sensors/LPS22DF/lps22df_app.c **** 
  51:Drivers/Sensors/LPS22DF/lps22df_app.c ****   if (lps22df_id_get(&lps22df_ctx, &device_id) != 0)
 228              		.loc 1 51 3 is_stmt 1 view .LVU48
 229              		.loc 1 51 7 is_stmt 0 view .LVU49
 230 002e 01A9     		add	r1, sp, #4
 231 0030 FFF7FEFF 		bl	lps22df_id_get
 232              	.LVL15:
 233              		.loc 1 51 6 discriminator 1 view .LVU50
 234 0034 D8B9     		cbnz	r0, .L16
  52:Drivers/Sensors/LPS22DF/lps22df_app.c ****   {
  53:Drivers/Sensors/LPS22DF/lps22df_app.c ****     return -1;
  54:Drivers/Sensors/LPS22DF/lps22df_app.c ****   }
  55:Drivers/Sensors/LPS22DF/lps22df_app.c **** 
  56:Drivers/Sensors/LPS22DF/lps22df_app.c ****   if (device_id.whoami != LPS22DF_ID)
 235              		.loc 1 56 3 is_stmt 1 view .LVU51
 236              		.loc 1 56 16 is_stmt 0 view .LVU52
 237 0036 9DF80430 		ldrb	r3, [sp, #4]	@ zero_extendqisi2
 238              		.loc 1 56 6 view .LVU53
 239 003a B42B     		cmp	r3, #180
 240 003c 1AD1     		bne	.L17
  57:Drivers/Sensors/LPS22DF/lps22df_app.c ****   {
  58:Drivers/Sensors/LPS22DF/lps22df_app.c ****     return -1;
  59:Drivers/Sensors/LPS22DF/lps22df_app.c ****   }
  60:Drivers/Sensors/LPS22DF/lps22df_app.c **** 
  61:Drivers/Sensors/LPS22DF/lps22df_app.c ****   if (lps22df_init_set(&lps22df_ctx, LPS22DF_DRV_RDY) != 0)
 241              		.loc 1 61 3 is_stmt 1 view .LVU54
 242              		.loc 1 61 7 is_stmt 0 view .LVU55
 243 003e 0021     		movs	r1, #0
 244 0040 1248     		ldr	r0, .L22+4
 245 0042 FFF7FEFF 		bl	lps22df_init_set
 246              	.LVL16:
 247              		.loc 1 61 6 discriminator 1 view .LVU56
 248 0046 C0B9     		cbnz	r0, .L18
  62:Drivers/Sensors/LPS22DF/lps22df_app.c ****   {
  63:Drivers/Sensors/LPS22DF/lps22df_app.c ****     return -1;
  64:Drivers/Sensors/LPS22DF/lps22df_app.c ****   }
  65:Drivers/Sensors/LPS22DF/lps22df_app.c **** 
  66:Drivers/Sensors/LPS22DF/lps22df_app.c ****   mode.odr = LPS22DF_25Hz;
 249              		.loc 1 66 3 is_stmt 1 view .LVU57
 250              		.loc 1 66 12 is_stmt 0 view .LVU58
 251 0048 0423     		movs	r3, #4
 252 004a 8DF80030 		strb	r3, [sp]
  67:Drivers/Sensors/LPS22DF/lps22df_app.c ****   mode.avg = LPS22DF_4_AVG;
 253              		.loc 1 67 3 is_stmt 1 view .LVU59
 254              		.loc 1 67 12 is_stmt 0 view .LVU60
 255 004e 0023     		movs	r3, #0
 256 0050 8DF80130 		strb	r3, [sp, #1]
  68:Drivers/Sensors/LPS22DF/lps22df_app.c ****   mode.lpf = LPS22DF_LPF_DISABLE;
 257              		.loc 1 68 3 is_stmt 1 view .LVU61
 258              		.loc 1 68 12 is_stmt 0 view .LVU62
 259 0054 8DF80230 		strb	r3, [sp, #2]
ARM GAS  /tmp/ccKCgCNe.s 			page 7


  69:Drivers/Sensors/LPS22DF/lps22df_app.c **** 
  70:Drivers/Sensors/LPS22DF/lps22df_app.c ****   if (lps22df_mode_set(&lps22df_ctx, &mode) != 0)
 260              		.loc 1 70 3 is_stmt 1 view .LVU63
 261              		.loc 1 70 7 is_stmt 0 view .LVU64
 262 0058 6946     		mov	r1, sp
 263 005a 0C48     		ldr	r0, .L22+4
 264 005c FFF7FEFF 		bl	lps22df_mode_set
 265              	.LVL17:
 266              		.loc 1 70 6 discriminator 1 view .LVU65
 267 0060 70B9     		cbnz	r0, .L21
 268              	.L13:
  71:Drivers/Sensors/LPS22DF/lps22df_app.c ****   {
  72:Drivers/Sensors/LPS22DF/lps22df_app.c ****     return -1;
  73:Drivers/Sensors/LPS22DF/lps22df_app.c ****   }
  74:Drivers/Sensors/LPS22DF/lps22df_app.c **** 
  75:Drivers/Sensors/LPS22DF/lps22df_app.c ****   return 0;
  76:Drivers/Sensors/LPS22DF/lps22df_app.c **** }
 269              		.loc 1 76 1 view .LVU66
 270 0062 03B0     		add	sp, sp, #12
 271              	.LCFI11:
 272              		.cfi_remember_state
 273              		.cfi_def_cfa_offset 4
 274              		@ sp needed
 275 0064 5DF804FB 		ldr	pc, [sp], #4
 276              	.LVL18:
 277              	.L15:
 278              	.LCFI12:
 279              		.cfi_restore_state
  41:Drivers/Sensors/LPS22DF/lps22df_app.c ****   }
 280              		.loc 1 41 12 view .LVU67
 281 0068 4FF0FF30 		mov	r0, #-1
 282              	.LVL19:
  41:Drivers/Sensors/LPS22DF/lps22df_app.c ****   }
 283              		.loc 1 41 12 view .LVU68
 284 006c F9E7     		b	.L13
 285              	.L16:
  53:Drivers/Sensors/LPS22DF/lps22df_app.c ****   }
 286              		.loc 1 53 12 view .LVU69
 287 006e 4FF0FF30 		mov	r0, #-1
 288 0072 F6E7     		b	.L13
 289              	.L17:
  58:Drivers/Sensors/LPS22DF/lps22df_app.c ****   }
 290              		.loc 1 58 12 view .LVU70
 291 0074 4FF0FF30 		mov	r0, #-1
 292 0078 F3E7     		b	.L13
 293              	.L18:
  63:Drivers/Sensors/LPS22DF/lps22df_app.c ****   }
 294              		.loc 1 63 12 view .LVU71
 295 007a 4FF0FF30 		mov	r0, #-1
 296 007e F0E7     		b	.L13
 297              	.L21:
  72:Drivers/Sensors/LPS22DF/lps22df_app.c ****   }
 298              		.loc 1 72 12 view .LVU72
 299 0080 4FF0FF30 		mov	r0, #-1
 300 0084 EDE7     		b	.L13
 301              	.L23:
 302 0086 00BF     		.align	2
ARM GAS  /tmp/ccKCgCNe.s 			page 8


 303              	.L22:
 304 0088 00000000 		.word	lps22df_hi2c
 305 008c 00000000 		.word	lps22df_ctx
 306 0090 00000000 		.word	LPS22DF_I2C_ReadReg
 307 0094 00000000 		.word	LPS22DF_I2C_WriteReg
 308 0098 00000000 		.word	LPS22DF_I2C_Delay
 309              		.cfi_endproc
 310              	.LFE163:
 312              		.section	.text.LPS22DF_App_ReadData,"ax",%progbits
 313              		.align	1
 314              		.global	LPS22DF_App_ReadData
 315              		.syntax unified
 316              		.thumb
 317              		.thumb_func
 319              	LPS22DF_App_ReadData:
 320              	.LVL20:
 321              	.LFB164:
  77:Drivers/Sensors/LPS22DF/lps22df_app.c **** 
  78:Drivers/Sensors/LPS22DF/lps22df_app.c **** int32_t LPS22DF_App_ReadData(lps22df_data_t *data)
  79:Drivers/Sensors/LPS22DF/lps22df_app.c **** {
 322              		.loc 1 79 1 is_stmt 1 view -0
 323              		.cfi_startproc
 324              		@ args = 0, pretend = 0, frame = 0
 325              		@ frame_needed = 0, uses_anonymous_args = 0
  80:Drivers/Sensors/LPS22DF/lps22df_app.c ****   if ((data == NULL) || (lps22df_hi2c == NULL))
 326              		.loc 1 80 3 view .LVU74
 327              		.loc 1 80 6 is_stmt 0 view .LVU75
 328 0000 40B1     		cbz	r0, .L26
  79:Drivers/Sensors/LPS22DF/lps22df_app.c ****   if ((data == NULL) || (lps22df_hi2c == NULL))
 329              		.loc 1 79 1 view .LVU76
 330 0002 08B5     		push	{r3, lr}
 331              	.LCFI13:
 332              		.cfi_def_cfa_offset 8
 333              		.cfi_offset 3, -8
 334              		.cfi_offset 14, -4
 335 0004 0146     		mov	r1, r0
 336              		.loc 1 80 39 discriminator 1 view .LVU77
 337 0006 064B     		ldr	r3, .L32
 338 0008 1B68     		ldr	r3, [r3]
 339              		.loc 1 80 22 discriminator 1 view .LVU78
 340 000a 33B1     		cbz	r3, .L27
  81:Drivers/Sensors/LPS22DF/lps22df_app.c ****   {
  82:Drivers/Sensors/LPS22DF/lps22df_app.c ****     return -1;
  83:Drivers/Sensors/LPS22DF/lps22df_app.c ****   }
  84:Drivers/Sensors/LPS22DF/lps22df_app.c **** 
  85:Drivers/Sensors/LPS22DF/lps22df_app.c ****   return lps22df_data_get(&lps22df_ctx, data);
 341              		.loc 1 85 3 is_stmt 1 view .LVU79
 342              		.loc 1 85 10 is_stmt 0 view .LVU80
 343 000c 0548     		ldr	r0, .L32+4
 344              	.LVL21:
 345              		.loc 1 85 10 view .LVU81
 346 000e FFF7FEFF 		bl	lps22df_data_get
 347              	.LVL22:
 348              	.L24:
  86:Drivers/Sensors/LPS22DF/lps22df_app.c **** }
 349              		.loc 1 86 1 view .LVU82
 350 0012 08BD     		pop	{r3, pc}
ARM GAS  /tmp/ccKCgCNe.s 			page 9


 351              	.LVL23:
 352              	.L26:
 353              	.LCFI14:
 354              		.cfi_def_cfa_offset 0
 355              		.cfi_restore 3
 356              		.cfi_restore 14
  82:Drivers/Sensors/LPS22DF/lps22df_app.c ****   }
 357              		.loc 1 82 12 view .LVU83
 358 0014 4FF0FF30 		mov	r0, #-1
 359              	.LVL24:
 360              		.loc 1 86 1 view .LVU84
 361 0018 7047     		bx	lr
 362              	.LVL25:
 363              	.L27:
 364              	.LCFI15:
 365              		.cfi_def_cfa_offset 8
 366              		.cfi_offset 3, -8
 367              		.cfi_offset 14, -4
  82:Drivers/Sensors/LPS22DF/lps22df_app.c ****   }
 368              		.loc 1 82 12 view .LVU85
 369 001a 4FF0FF30 		mov	r0, #-1
 370              	.LVL26:
  82:Drivers/Sensors/LPS22DF/lps22df_app.c ****   }
 371              		.loc 1 82 12 view .LVU86
 372 001e F8E7     		b	.L24
 373              	.L33:
 374              		.align	2
 375              	.L32:
 376 0020 00000000 		.word	lps22df_hi2c
 377 0024 00000000 		.word	lps22df_ctx
 378              		.cfi_endproc
 379              	.LFE164:
 381              		.section	.text.LPS22DF_App_ReadPressure,"ax",%progbits
 382              		.align	1
 383              		.global	LPS22DF_App_ReadPressure
 384              		.syntax unified
 385              		.thumb
 386              		.thumb_func
 388              	LPS22DF_App_ReadPressure:
 389              	.LVL27:
 390              	.LFB165:
  87:Drivers/Sensors/LPS22DF/lps22df_app.c **** 
  88:Drivers/Sensors/LPS22DF/lps22df_app.c **** int32_t LPS22DF_App_ReadPressure(float *pressure_hpa)
  89:Drivers/Sensors/LPS22DF/lps22df_app.c **** {
 391              		.loc 1 89 1 is_stmt 1 view -0
 392              		.cfi_startproc
 393              		@ args = 0, pretend = 0, frame = 16
 394              		@ frame_needed = 0, uses_anonymous_args = 0
 395              		.loc 1 89 1 is_stmt 0 view .LVU88
 396 0000 10B5     		push	{r4, lr}
 397              	.LCFI16:
 398              		.cfi_def_cfa_offset 8
 399              		.cfi_offset 4, -8
 400              		.cfi_offset 14, -4
 401 0002 84B0     		sub	sp, sp, #16
 402              	.LCFI17:
 403              		.cfi_def_cfa_offset 24
ARM GAS  /tmp/ccKCgCNe.s 			page 10


  90:Drivers/Sensors/LPS22DF/lps22df_app.c ****   lps22df_data_t data = {0};
 404              		.loc 1 90 3 is_stmt 1 view .LVU89
 405              		.loc 1 90 18 is_stmt 0 view .LVU90
 406 0004 0023     		movs	r3, #0
 407 0006 0093     		str	r3, [sp]
 408 0008 0193     		str	r3, [sp, #4]
 409 000a 0293     		str	r3, [sp, #8]
 410 000c 0393     		str	r3, [sp, #12]
  91:Drivers/Sensors/LPS22DF/lps22df_app.c **** 
  92:Drivers/Sensors/LPS22DF/lps22df_app.c ****   if (pressure_hpa == NULL)
 411              		.loc 1 92 3 is_stmt 1 view .LVU91
 412              		.loc 1 92 6 is_stmt 0 view .LVU92
 413 000e 40B1     		cbz	r0, .L36
 414 0010 0446     		mov	r4, r0
  93:Drivers/Sensors/LPS22DF/lps22df_app.c ****   {
  94:Drivers/Sensors/LPS22DF/lps22df_app.c ****     return -1;
  95:Drivers/Sensors/LPS22DF/lps22df_app.c ****   }
  96:Drivers/Sensors/LPS22DF/lps22df_app.c **** 
  97:Drivers/Sensors/LPS22DF/lps22df_app.c ****   if (LPS22DF_App_ReadData(&data) != 0)
 415              		.loc 1 97 3 is_stmt 1 view .LVU93
 416              		.loc 1 97 7 is_stmt 0 view .LVU94
 417 0012 6846     		mov	r0, sp
 418              	.LVL28:
 419              		.loc 1 97 7 view .LVU95
 420 0014 FFF7FEFF 		bl	LPS22DF_App_ReadData
 421              	.LVL29:
 422              		.loc 1 97 6 discriminator 1 view .LVU96
 423 0018 30B9     		cbnz	r0, .L37
  98:Drivers/Sensors/LPS22DF/lps22df_app.c ****   {
  99:Drivers/Sensors/LPS22DF/lps22df_app.c ****     return -1;
 100:Drivers/Sensors/LPS22DF/lps22df_app.c ****   }
 101:Drivers/Sensors/LPS22DF/lps22df_app.c **** 
 102:Drivers/Sensors/LPS22DF/lps22df_app.c ****   *pressure_hpa = data.pressure.hpa;
 424              		.loc 1 102 3 is_stmt 1 view .LVU97
 425              		.loc 1 102 32 is_stmt 0 view .LVU98
 426 001a 009B     		ldr	r3, [sp]	@ float
 427              		.loc 1 102 17 view .LVU99
 428 001c 2360     		str	r3, [r4]	@ float
 103:Drivers/Sensors/LPS22DF/lps22df_app.c **** 
 104:Drivers/Sensors/LPS22DF/lps22df_app.c ****   return 0;
 429              		.loc 1 104 3 is_stmt 1 view .LVU100
 430              	.LVL30:
 431              	.L34:
 105:Drivers/Sensors/LPS22DF/lps22df_app.c **** }
 432              		.loc 1 105 1 is_stmt 0 view .LVU101
 433 001e 04B0     		add	sp, sp, #16
 434              	.LCFI18:
 435              		.cfi_remember_state
 436              		.cfi_def_cfa_offset 8
 437              		@ sp needed
 438 0020 10BD     		pop	{r4, pc}
 439              	.LVL31:
 440              	.L36:
 441              	.LCFI19:
 442              		.cfi_restore_state
  94:Drivers/Sensors/LPS22DF/lps22df_app.c ****   }
 443              		.loc 1 94 12 view .LVU102
ARM GAS  /tmp/ccKCgCNe.s 			page 11


 444 0022 4FF0FF30 		mov	r0, #-1
 445              	.LVL32:
  94:Drivers/Sensors/LPS22DF/lps22df_app.c ****   }
 446              		.loc 1 94 12 view .LVU103
 447 0026 FAE7     		b	.L34
 448              	.LVL33:
 449              	.L37:
  99:Drivers/Sensors/LPS22DF/lps22df_app.c ****   }
 450              		.loc 1 99 12 view .LVU104
 451 0028 4FF0FF30 		mov	r0, #-1
 452 002c F7E7     		b	.L34
 453              		.cfi_endproc
 454              	.LFE165:
 456              		.section	.text.LPS22DF_App_ReadTemperature,"ax",%progbits
 457              		.align	1
 458              		.global	LPS22DF_App_ReadTemperature
 459              		.syntax unified
 460              		.thumb
 461              		.thumb_func
 463              	LPS22DF_App_ReadTemperature:
 464              	.LVL34:
 465              	.LFB166:
 106:Drivers/Sensors/LPS22DF/lps22df_app.c **** 
 107:Drivers/Sensors/LPS22DF/lps22df_app.c **** int32_t LPS22DF_App_ReadTemperature(float *temperature_c)
 108:Drivers/Sensors/LPS22DF/lps22df_app.c **** {
 466              		.loc 1 108 1 is_stmt 1 view -0
 467              		.cfi_startproc
 468              		@ args = 0, pretend = 0, frame = 16
 469              		@ frame_needed = 0, uses_anonymous_args = 0
 470              		.loc 1 108 1 is_stmt 0 view .LVU106
 471 0000 10B5     		push	{r4, lr}
 472              	.LCFI20:
 473              		.cfi_def_cfa_offset 8
 474              		.cfi_offset 4, -8
 475              		.cfi_offset 14, -4
 476 0002 84B0     		sub	sp, sp, #16
 477              	.LCFI21:
 478              		.cfi_def_cfa_offset 24
 109:Drivers/Sensors/LPS22DF/lps22df_app.c ****   lps22df_data_t data = {0};
 479              		.loc 1 109 3 is_stmt 1 view .LVU107
 480              		.loc 1 109 18 is_stmt 0 view .LVU108
 481 0004 0023     		movs	r3, #0
 482 0006 0093     		str	r3, [sp]
 483 0008 0193     		str	r3, [sp, #4]
 484 000a 0293     		str	r3, [sp, #8]
 485 000c 0393     		str	r3, [sp, #12]
 110:Drivers/Sensors/LPS22DF/lps22df_app.c **** 
 111:Drivers/Sensors/LPS22DF/lps22df_app.c ****   if (temperature_c == NULL)
 486              		.loc 1 111 3 is_stmt 1 view .LVU109
 487              		.loc 1 111 6 is_stmt 0 view .LVU110
 488 000e 40B1     		cbz	r0, .L41
 489 0010 0446     		mov	r4, r0
 112:Drivers/Sensors/LPS22DF/lps22df_app.c ****   {
 113:Drivers/Sensors/LPS22DF/lps22df_app.c ****     return -1;
 114:Drivers/Sensors/LPS22DF/lps22df_app.c ****   }
 115:Drivers/Sensors/LPS22DF/lps22df_app.c **** 
 116:Drivers/Sensors/LPS22DF/lps22df_app.c ****   if (LPS22DF_App_ReadData(&data) != 0)
ARM GAS  /tmp/ccKCgCNe.s 			page 12


 490              		.loc 1 116 3 is_stmt 1 view .LVU111
 491              		.loc 1 116 7 is_stmt 0 view .LVU112
 492 0012 6846     		mov	r0, sp
 493              	.LVL35:
 494              		.loc 1 116 7 view .LVU113
 495 0014 FFF7FEFF 		bl	LPS22DF_App_ReadData
 496              	.LVL36:
 497              		.loc 1 116 6 discriminator 1 view .LVU114
 498 0018 30B9     		cbnz	r0, .L42
 117:Drivers/Sensors/LPS22DF/lps22df_app.c ****   {
 118:Drivers/Sensors/LPS22DF/lps22df_app.c ****     return -1;
 119:Drivers/Sensors/LPS22DF/lps22df_app.c ****   }
 120:Drivers/Sensors/LPS22DF/lps22df_app.c **** 
 121:Drivers/Sensors/LPS22DF/lps22df_app.c ****   *temperature_c = data.heat.deg_c;
 499              		.loc 1 121 3 is_stmt 1 view .LVU115
 500              		.loc 1 121 29 is_stmt 0 view .LVU116
 501 001a 029B     		ldr	r3, [sp, #8]	@ float
 502              		.loc 1 121 18 view .LVU117
 503 001c 2360     		str	r3, [r4]	@ float
 122:Drivers/Sensors/LPS22DF/lps22df_app.c **** 
 123:Drivers/Sensors/LPS22DF/lps22df_app.c ****   return 0;
 504              		.loc 1 123 3 is_stmt 1 view .LVU118
 505              	.LVL37:
 506              	.L39:
 124:Drivers/Sensors/LPS22DF/lps22df_app.c **** }
 507              		.loc 1 124 1 is_stmt 0 view .LVU119
 508 001e 04B0     		add	sp, sp, #16
 509              	.LCFI22:
 510              		.cfi_remember_state
 511              		.cfi_def_cfa_offset 8
 512              		@ sp needed
 513 0020 10BD     		pop	{r4, pc}
 514              	.LVL38:
 515              	.L41:
 516              	.LCFI23:
 517              		.cfi_restore_state
 113:Drivers/Sensors/LPS22DF/lps22df_app.c ****   }
 518              		.loc 1 113 12 view .LVU120
 519 0022 4FF0FF30 		mov	r0, #-1
 520              	.LVL39:
 113:Drivers/Sensors/LPS22DF/lps22df_app.c ****   }
 521              		.loc 1 113 12 view .LVU121
 522 0026 FAE7     		b	.L39
 523              	.LVL40:
 524              	.L42:
 118:Drivers/Sensors/LPS22DF/lps22df_app.c ****   }
 525              		.loc 1 118 12 view .LVU122
 526 0028 4FF0FF30 		mov	r0, #-1
 527 002c F7E7     		b	.L39
 528              		.cfi_endproc
 529              	.LFE166:
 531              		.section	.rodata.Pressure_Init.str1.4,"aMS",%progbits,1
 532              		.align	2
 533              	.LC0:
 534 0000 4661696C 		.ascii	"Failed to initialize LPS22DF sensor\015\000"
 534      65642074 
 534      6F20696E 
ARM GAS  /tmp/ccKCgCNe.s 			page 13


 534      69746961 
 534      6C697A65 
 535 0025 000000   		.align	2
 536              	.LC1:
 537 0028 4C505332 		.ascii	"LPS22DF sensor initialized successfully\015\000"
 537      32444620 
 537      73656E73 
 537      6F722069 
 537      6E697469 
 538              		.section	.text.Pressure_Init,"ax",%progbits
 539              		.align	1
 540              		.global	Pressure_Init
 541              		.syntax unified
 542              		.thumb
 543              		.thumb_func
 545              	Pressure_Init:
 546              	.LFB167:
 125:Drivers/Sensors/LPS22DF/lps22df_app.c **** 
 126:Drivers/Sensors/LPS22DF/lps22df_app.c **** void Pressure_Init(void)
 127:Drivers/Sensors/LPS22DF/lps22df_app.c **** {
 547              		.loc 1 127 1 is_stmt 1 view -0
 548              		.cfi_startproc
 549              		@ args = 0, pretend = 0, frame = 0
 550              		@ frame_needed = 0, uses_anonymous_args = 0
 551 0000 08B5     		push	{r3, lr}
 552              	.LCFI24:
 553              		.cfi_def_cfa_offset 8
 554              		.cfi_offset 3, -8
 555              		.cfi_offset 14, -4
 128:Drivers/Sensors/LPS22DF/lps22df_app.c ****   if (LPS22DF_App_Init(&hi2c1) != 0)
 556              		.loc 1 128 3 view .LVU124
 557              		.loc 1 128 7 is_stmt 0 view .LVU125
 558 0002 0648     		ldr	r0, .L48
 559 0004 FFF7FEFF 		bl	LPS22DF_App_Init
 560              	.LVL41:
 561              		.loc 1 128 6 discriminator 1 view .LVU126
 562 0008 18B1     		cbz	r0, .L45
 129:Drivers/Sensors/LPS22DF/lps22df_app.c ****   {
 130:Drivers/Sensors/LPS22DF/lps22df_app.c ****     printf("Failed to initialize LPS22DF sensor\r\n");
 563              		.loc 1 130 5 is_stmt 1 view .LVU127
 564 000a 0548     		ldr	r0, .L48+4
 565 000c FFF7FEFF 		bl	puts
 566              	.LVL42:
 567              	.L44:
 131:Drivers/Sensors/LPS22DF/lps22df_app.c ****   }
 132:Drivers/Sensors/LPS22DF/lps22df_app.c ****   else
 133:Drivers/Sensors/LPS22DF/lps22df_app.c ****   {
 134:Drivers/Sensors/LPS22DF/lps22df_app.c ****     printf("LPS22DF sensor initialized successfully\r\n");
 135:Drivers/Sensors/LPS22DF/lps22df_app.c ****   }
 136:Drivers/Sensors/LPS22DF/lps22df_app.c **** }
 568              		.loc 1 136 1 is_stmt 0 view .LVU128
 569 0010 08BD     		pop	{r3, pc}
 570              	.L45:
 134:Drivers/Sensors/LPS22DF/lps22df_app.c ****   }
 571              		.loc 1 134 5 is_stmt 1 view .LVU129
 572 0012 0448     		ldr	r0, .L48+8
 573 0014 FFF7FEFF 		bl	puts
ARM GAS  /tmp/ccKCgCNe.s 			page 14


 574              	.LVL43:
 575              		.loc 1 136 1 is_stmt 0 view .LVU130
 576 0018 FAE7     		b	.L44
 577              	.L49:
 578 001a 00BF     		.align	2
 579              	.L48:
 580 001c 00000000 		.word	hi2c1
 581 0020 00000000 		.word	.LC0
 582 0024 28000000 		.word	.LC1
 583              		.cfi_endproc
 584              	.LFE167:
 586              		.section	.rodata.Pressure_Read.str1.4,"aMS",%progbits,1
 587              		.align	2
 588              	.LC2:
 589 0000 4661696C 		.ascii	"Failed to read data from LPS22DF sensor\015\000"
 589      65642074 
 589      6F207265 
 589      61642064 
 589      61746120 
 590              		.section	.text.Pressure_Read,"ax",%progbits
 591              		.align	1
 592              		.global	Pressure_Read
 593              		.syntax unified
 594              		.thumb
 595              		.thumb_func
 597              	Pressure_Read:
 598              	.LVL44:
 599              	.LFB168:
 137:Drivers/Sensors/LPS22DF/lps22df_app.c **** 
 138:Drivers/Sensors/LPS22DF/lps22df_app.c **** void Pressure_Read(lps22df_data_t lps22df_data, float *pressure, float *temperature_c)
 139:Drivers/Sensors/LPS22DF/lps22df_app.c **** {
 600              		.loc 1 139 1 is_stmt 1 view -0
 601              		.cfi_startproc
 602              		@ args = 8, pretend = 0, frame = 16
 603              		@ frame_needed = 0, uses_anonymous_args = 0
 604              		.loc 1 139 1 is_stmt 0 view .LVU132
 605 0000 00B5     		push	{lr}
 606              	.LCFI25:
 607              		.cfi_def_cfa_offset 4
 608              		.cfi_offset 14, -4
 609 0002 85B0     		sub	sp, sp, #20
 610              	.LCFI26:
 611              		.cfi_def_cfa_offset 24
 612 0004 EC46     		mov	ip, sp
 613 0006 8CE80F00 		stm	ip, {r0, r1, r2, r3}
 140:Drivers/Sensors/LPS22DF/lps22df_app.c ****   if (LPS22DF_App_ReadData(&lps22df_data) == 0)
 614              		.loc 1 140 3 is_stmt 1 view .LVU133
 615              		.loc 1 140 7 is_stmt 0 view .LVU134
 616 000a 6046     		mov	r0, ip
 617 000c FFF7FEFF 		bl	LPS22DF_App_ReadData
 618              	.LVL45:
 619              		.loc 1 140 6 discriminator 1 view .LVU135
 620 0010 40B9     		cbnz	r0, .L51
 141:Drivers/Sensors/LPS22DF/lps22df_app.c ****     {
 142:Drivers/Sensors/LPS22DF/lps22df_app.c ****       *pressure = lps22df_data.pressure.hpa;
 621              		.loc 1 142 7 is_stmt 1 view .LVU136
 622              		.loc 1 142 40 is_stmt 0 view .LVU137
ARM GAS  /tmp/ccKCgCNe.s 			page 15


 623 0012 009A     		ldr	r2, [sp]	@ float
 624              		.loc 1 142 17 view .LVU138
 625 0014 069B     		ldr	r3, [sp, #24]
 626 0016 1A60     		str	r2, [r3]	@ float
 143:Drivers/Sensors/LPS22DF/lps22df_app.c ****       *temperature_c = lps22df_data.heat.deg_c;
 627              		.loc 1 143 7 is_stmt 1 view .LVU139
 628              		.loc 1 143 41 is_stmt 0 view .LVU140
 629 0018 029A     		ldr	r2, [sp, #8]	@ float
 630              		.loc 1 143 22 view .LVU141
 631 001a 079B     		ldr	r3, [sp, #28]
 632 001c 1A60     		str	r2, [r3]	@ float
 633              	.L50:
 144:Drivers/Sensors/LPS22DF/lps22df_app.c ****       //printf("Pressure: %.2f hPa, Temperature: %.2f C\r\n",*pressure, *temperature_c);
 145:Drivers/Sensors/LPS22DF/lps22df_app.c ****     }
 146:Drivers/Sensors/LPS22DF/lps22df_app.c ****     else
 147:Drivers/Sensors/LPS22DF/lps22df_app.c ****     {
 148:Drivers/Sensors/LPS22DF/lps22df_app.c ****       printf("Failed to read data from LPS22DF sensor\r\n");
 149:Drivers/Sensors/LPS22DF/lps22df_app.c ****     }
 150:Drivers/Sensors/LPS22DF/lps22df_app.c **** }...
 634              		.loc 1 150 1 view .LVU142
 635 001e 05B0     		add	sp, sp, #20
 636              	.LCFI27:
 637              		.cfi_remember_state
 638              		.cfi_def_cfa_offset 4
 639              		@ sp needed
 640 0020 5DF804FB 		ldr	pc, [sp], #4
 641              	.LVL46:
 642              	.L51:
 643              	.LCFI28:
 644              		.cfi_restore_state
 148:Drivers/Sensors/LPS22DF/lps22df_app.c ****       printf("Failed to read data from LPS22DF sensor\r\n");
 645              		.loc 1 148 7 is_stmt 1 view .LVU143
 646 0024 0148     		ldr	r0, .L54
 647 0026 FFF7FEFF 		bl	puts
 648              	.LVL47:
 649              		.loc 1 150 1 is_stmt 0 view .LVU144
 650 002a F8E7     		b	.L50
 651              	.L55:
 652              		.align	2
 653              	.L54:
 654 002c 00000000 		.word	.LC2
 655              		.cfi_endproc
 656              	.LFE168:
 658              		.section	.bss.lps22df_ctx,"aw",%nobits
 659              		.align	2
 662              	lps22df_ctx:
 663 0000 00000000 		.space	20
 663      00000000 
 663      00000000 
 663      00000000 
 663      00000000 
 664              		.section	.bss.lps22df_hi2c,"aw",%nobits
 665              		.align	2
 668              	lps22df_hi2c:
 669 0000 00000000 		.space	4
 670              		.text
 671              	.Letext0:
ARM GAS  /tmp/ccKCgCNe.s 			page 16


 672              		.file 2 "/opt/st/stm32cubeclt_1.20.0/GNU-tools-for-STM32/arm-none-eabi/include/machine/_default_ty
 673              		.file 3 "/opt/st/stm32cubeclt_1.20.0/GNU-tools-for-STM32/arm-none-eabi/include/sys/_stdint.h"
 674              		.file 4 "Drivers/CMSIS/Device/ST/STM32U5xx/Include/stm32u545xx.h"
 675              		.file 5 "/opt/st/stm32cubeclt_1.20.0/GNU-tools-for-STM32/arm-none-eabi/include/math.h"
 676              		.file 6 "Drivers/STM32U5xx_HAL_Driver/Inc/stm32u5xx_hal_def.h"
 677              		.file 7 "Drivers/STM32U5xx_HAL_Driver/Inc/stm32u5xx_hal_dma.h"
 678              		.file 8 "Drivers/STM32U5xx_HAL_Driver/Inc/stm32u5xx_hal_dma_ex.h"
 679              		.file 9 "Drivers/STM32U5xx_HAL_Driver/Inc/stm32u5xx_hal_i2c.h"
 680              		.file 10 "Drivers/Sensors/LPS22DF/lps22df_reg.h"
 681              		.file 11 "Drivers/Sensors/LPS22DF/lps22df_app.h"
 682              		.file 12 "Drivers/STM32U5xx_HAL_Driver/Inc/stm32u5xx_hal.h"
 683              		.file 13 "<built-in>"
ARM GAS  /tmp/ccKCgCNe.s 			page 17


DEFINED SYMBOLS
                            *ABS*:00000000 lps22df_app.c
     /tmp/ccKCgCNe.s:22     .text.LPS22DF_I2C_Delay:00000000 $t
     /tmp/ccKCgCNe.s:27     .text.LPS22DF_I2C_Delay:00000000 LPS22DF_I2C_Delay
     /tmp/ccKCgCNe.s:49     .text.LPS22DF_I2C_WriteReg:00000000 $t
     /tmp/ccKCgCNe.s:54     .text.LPS22DF_I2C_WriteReg:00000000 LPS22DF_I2C_WriteReg
     /tmp/ccKCgCNe.s:108    .text.LPS22DF_I2C_ReadReg:00000000 $t
     /tmp/ccKCgCNe.s:113    .text.LPS22DF_I2C_ReadReg:00000000 LPS22DF_I2C_ReadReg
     /tmp/ccKCgCNe.s:167    .text.LPS22DF_App_Init:00000000 $t
     /tmp/ccKCgCNe.s:173    .text.LPS22DF_App_Init:00000000 LPS22DF_App_Init
     /tmp/ccKCgCNe.s:304    .text.LPS22DF_App_Init:00000088 $d
     /tmp/ccKCgCNe.s:668    .bss.lps22df_hi2c:00000000 lps22df_hi2c
     /tmp/ccKCgCNe.s:662    .bss.lps22df_ctx:00000000 lps22df_ctx
     /tmp/ccKCgCNe.s:313    .text.LPS22DF_App_ReadData:00000000 $t
     /tmp/ccKCgCNe.s:319    .text.LPS22DF_App_ReadData:00000000 LPS22DF_App_ReadData
     /tmp/ccKCgCNe.s:376    .text.LPS22DF_App_ReadData:00000020 $d
     /tmp/ccKCgCNe.s:382    .text.LPS22DF_App_ReadPressure:00000000 $t
     /tmp/ccKCgCNe.s:388    .text.LPS22DF_App_ReadPressure:00000000 LPS22DF_App_ReadPressure
     /tmp/ccKCgCNe.s:457    .text.LPS22DF_App_ReadTemperature:00000000 $t
     /tmp/ccKCgCNe.s:463    .text.LPS22DF_App_ReadTemperature:00000000 LPS22DF_App_ReadTemperature
     /tmp/ccKCgCNe.s:532    .rodata.Pressure_Init.str1.4:00000000 $d
     /tmp/ccKCgCNe.s:539    .text.Pressure_Init:00000000 $t
     /tmp/ccKCgCNe.s:545    .text.Pressure_Init:00000000 Pressure_Init
     /tmp/ccKCgCNe.s:580    .text.Pressure_Init:0000001c $d
     /tmp/ccKCgCNe.s:587    .rodata.Pressure_Read.str1.4:00000000 $d
     /tmp/ccKCgCNe.s:591    .text.Pressure_Read:00000000 $t
     /tmp/ccKCgCNe.s:597    .text.Pressure_Read:00000000 Pressure_Read
     /tmp/ccKCgCNe.s:654    .text.Pressure_Read:0000002c $d
     /tmp/ccKCgCNe.s:659    .bss.lps22df_ctx:00000000 $d
     /tmp/ccKCgCNe.s:665    .bss.lps22df_hi2c:00000000 $d

UNDEFINED SYMBOLS
HAL_Delay
HAL_I2C_Mem_Write
HAL_I2C_Mem_Read
lps22df_id_get
lps22df_init_set
lps22df_mode_set
lps22df_data_get
puts
hi2c1
