ARM GAS  /tmp/ccC0HTjB.s 			page 1


   1              		.cpu cortex-m33
   2              		.arch armv8-m.main
   3              		.fpu fpv5-sp-d16
   4              		.arch_extension dsp
   5              		.eabi_attribute 27, 1
   6              		.eabi_attribute 28, 1
   7              		.eabi_attribute 20, 1
   8              		.eabi_attribute 21, 1
   9              		.eabi_attribute 23, 3
  10              		.eabi_attribute 24, 1
  11              		.eabi_attribute 25, 1
  12              		.eabi_attribute 26, 1
  13              		.eabi_attribute 30, 1
  14              		.eabi_attribute 34, 1
  15              		.eabi_attribute 18, 4
  16              		.file	"stm32u5xx_hal_msp.c"
  17              		.text
  18              	.Ltext0:
  19              		.cfi_sections	.debug_frame
  20              		.file 1 "Core/Src/stm32u5xx_hal_msp.c"
  21              		.section	.text.HAL_MspInit,"ax",%progbits
  22              		.align	1
  23              		.global	HAL_MspInit
  24              		.syntax unified
  25              		.thumb
  26              		.thumb_func
  28              	HAL_MspInit:
  29              	.LFB160:
   1:Core/Src/stm32u5xx_hal_msp.c **** /* USER CODE BEGIN Header */
   2:Core/Src/stm32u5xx_hal_msp.c **** /**
   3:Core/Src/stm32u5xx_hal_msp.c ****   ******************************************************************************
   4:Core/Src/stm32u5xx_hal_msp.c ****   * @file         stm32u5xx_hal_msp.c
   5:Core/Src/stm32u5xx_hal_msp.c ****   * @brief        This file provides code for the MSP Initialization
   6:Core/Src/stm32u5xx_hal_msp.c ****   *               and de-Initialization codes.
   7:Core/Src/stm32u5xx_hal_msp.c ****   ******************************************************************************
   8:Core/Src/stm32u5xx_hal_msp.c ****   * @attention
   9:Core/Src/stm32u5xx_hal_msp.c ****   *
  10:Core/Src/stm32u5xx_hal_msp.c ****   * Copyright (c) 2026 STMicroelectronics.
  11:Core/Src/stm32u5xx_hal_msp.c ****   * All rights reserved.
  12:Core/Src/stm32u5xx_hal_msp.c ****   *
  13:Core/Src/stm32u5xx_hal_msp.c ****   * This software is licensed under terms that can be found in the LICENSE file
  14:Core/Src/stm32u5xx_hal_msp.c ****   * in the root directory of this software component.
  15:Core/Src/stm32u5xx_hal_msp.c ****   * If no LICENSE file comes with this software, it is provided AS-IS.
  16:Core/Src/stm32u5xx_hal_msp.c ****   *
  17:Core/Src/stm32u5xx_hal_msp.c ****   ******************************************************************************
  18:Core/Src/stm32u5xx_hal_msp.c ****   */
  19:Core/Src/stm32u5xx_hal_msp.c **** /* USER CODE END Header */
  20:Core/Src/stm32u5xx_hal_msp.c **** /* Includes ------------------------------------------------------------------*/
  21:Core/Src/stm32u5xx_hal_msp.c **** #include "main.h"
  22:Core/Src/stm32u5xx_hal_msp.c **** /* USER CODE BEGIN Includes */
  23:Core/Src/stm32u5xx_hal_msp.c **** 
  24:Core/Src/stm32u5xx_hal_msp.c **** /* USER CODE END Includes */
  25:Core/Src/stm32u5xx_hal_msp.c **** 
  26:Core/Src/stm32u5xx_hal_msp.c **** /* Private typedef -----------------------------------------------------------*/
  27:Core/Src/stm32u5xx_hal_msp.c **** /* USER CODE BEGIN TD */
  28:Core/Src/stm32u5xx_hal_msp.c **** 
  29:Core/Src/stm32u5xx_hal_msp.c **** /* USER CODE END TD */
ARM GAS  /tmp/ccC0HTjB.s 			page 2


  30:Core/Src/stm32u5xx_hal_msp.c **** 
  31:Core/Src/stm32u5xx_hal_msp.c **** /* Private define ------------------------------------------------------------*/
  32:Core/Src/stm32u5xx_hal_msp.c **** /* USER CODE BEGIN Define */
  33:Core/Src/stm32u5xx_hal_msp.c **** 
  34:Core/Src/stm32u5xx_hal_msp.c **** /* USER CODE END Define */
  35:Core/Src/stm32u5xx_hal_msp.c **** 
  36:Core/Src/stm32u5xx_hal_msp.c **** /* Private macro -------------------------------------------------------------*/
  37:Core/Src/stm32u5xx_hal_msp.c **** /* USER CODE BEGIN Macro */
  38:Core/Src/stm32u5xx_hal_msp.c **** 
  39:Core/Src/stm32u5xx_hal_msp.c **** /* USER CODE END Macro */
  40:Core/Src/stm32u5xx_hal_msp.c **** 
  41:Core/Src/stm32u5xx_hal_msp.c **** /* Private variables ---------------------------------------------------------*/
  42:Core/Src/stm32u5xx_hal_msp.c **** /* USER CODE BEGIN PV */
  43:Core/Src/stm32u5xx_hal_msp.c **** 
  44:Core/Src/stm32u5xx_hal_msp.c **** /* USER CODE END PV */
  45:Core/Src/stm32u5xx_hal_msp.c **** 
  46:Core/Src/stm32u5xx_hal_msp.c **** /* Private function prototypes -----------------------------------------------*/
  47:Core/Src/stm32u5xx_hal_msp.c **** /* USER CODE BEGIN PFP */
  48:Core/Src/stm32u5xx_hal_msp.c **** 
  49:Core/Src/stm32u5xx_hal_msp.c **** /* USER CODE END PFP */
  50:Core/Src/stm32u5xx_hal_msp.c **** 
  51:Core/Src/stm32u5xx_hal_msp.c **** /* External functions --------------------------------------------------------*/
  52:Core/Src/stm32u5xx_hal_msp.c **** /* USER CODE BEGIN ExternalFunctions */
  53:Core/Src/stm32u5xx_hal_msp.c **** 
  54:Core/Src/stm32u5xx_hal_msp.c **** /* USER CODE END ExternalFunctions */
  55:Core/Src/stm32u5xx_hal_msp.c **** 
  56:Core/Src/stm32u5xx_hal_msp.c **** /* USER CODE BEGIN 0 */
  57:Core/Src/stm32u5xx_hal_msp.c **** 
  58:Core/Src/stm32u5xx_hal_msp.c **** /* USER CODE END 0 */
  59:Core/Src/stm32u5xx_hal_msp.c **** /**
  60:Core/Src/stm32u5xx_hal_msp.c ****   * Initializes the Global MSP.
  61:Core/Src/stm32u5xx_hal_msp.c ****   */
  62:Core/Src/stm32u5xx_hal_msp.c **** void HAL_MspInit(void)
  63:Core/Src/stm32u5xx_hal_msp.c **** {
  30              		.loc 1 63 1 view -0
  31              		.cfi_startproc
  32              		@ args = 0, pretend = 0, frame = 8
  33              		@ frame_needed = 0, uses_anonymous_args = 0
  34              		@ link register save eliminated.
  35 0000 82B0     		sub	sp, sp, #8
  36              	.LCFI0:
  37              		.cfi_def_cfa_offset 8
  64:Core/Src/stm32u5xx_hal_msp.c **** 
  65:Core/Src/stm32u5xx_hal_msp.c ****   /* USER CODE BEGIN MspInit 0 */
  66:Core/Src/stm32u5xx_hal_msp.c **** 
  67:Core/Src/stm32u5xx_hal_msp.c ****   /* USER CODE END MspInit 0 */
  68:Core/Src/stm32u5xx_hal_msp.c **** 
  69:Core/Src/stm32u5xx_hal_msp.c ****   __HAL_RCC_PWR_CLK_ENABLE();
  38              		.loc 1 69 3 view .LVU1
  39              	.LBB2:
  40              		.loc 1 69 3 view .LVU2
  41              		.loc 1 69 3 view .LVU3
  42 0002 074B     		ldr	r3, .L3
  43 0004 D3F89420 		ldr	r2, [r3, #148]
  44 0008 42F00402 		orr	r2, r2, #4
  45 000c C3F89420 		str	r2, [r3, #148]
  46              		.loc 1 69 3 view .LVU4
ARM GAS  /tmp/ccC0HTjB.s 			page 3


  47 0010 D3F89430 		ldr	r3, [r3, #148]
  48 0014 03F00403 		and	r3, r3, #4
  49 0018 0193     		str	r3, [sp, #4]
  50              		.loc 1 69 3 view .LVU5
  51 001a 019B     		ldr	r3, [sp, #4]
  52              	.LBE2:
  53              		.loc 1 69 3 view .LVU6
  70:Core/Src/stm32u5xx_hal_msp.c **** 
  71:Core/Src/stm32u5xx_hal_msp.c ****   /* System interrupt init*/
  72:Core/Src/stm32u5xx_hal_msp.c **** 
  73:Core/Src/stm32u5xx_hal_msp.c ****   /* USER CODE BEGIN MspInit 1 */
  74:Core/Src/stm32u5xx_hal_msp.c **** 
  75:Core/Src/stm32u5xx_hal_msp.c ****   /* USER CODE END MspInit 1 */
  76:Core/Src/stm32u5xx_hal_msp.c **** }
  54              		.loc 1 76 1 is_stmt 0 view .LVU7
  55 001c 02B0     		add	sp, sp, #8
  56              	.LCFI1:
  57              		.cfi_def_cfa_offset 0
  58              		@ sp needed
  59 001e 7047     		bx	lr
  60              	.L4:
  61              		.align	2
  62              	.L3:
  63 0020 000C0246 		.word	1174539264
  64              		.cfi_endproc
  65              	.LFE160:
  67              		.section	.text.HAL_I2C_MspInit,"ax",%progbits
  68              		.align	1
  69              		.global	HAL_I2C_MspInit
  70              		.syntax unified
  71              		.thumb
  72              		.thumb_func
  74              	HAL_I2C_MspInit:
  75              	.LVL0:
  76              	.LFB161:
  77:Core/Src/stm32u5xx_hal_msp.c **** 
  78:Core/Src/stm32u5xx_hal_msp.c **** /**
  79:Core/Src/stm32u5xx_hal_msp.c ****   * @brief I2C MSP Initialization
  80:Core/Src/stm32u5xx_hal_msp.c ****   * This function configures the hardware resources used in this example
  81:Core/Src/stm32u5xx_hal_msp.c ****   * @param hi2c: I2C handle pointer
  82:Core/Src/stm32u5xx_hal_msp.c ****   * @retval None
  83:Core/Src/stm32u5xx_hal_msp.c ****   */
  84:Core/Src/stm32u5xx_hal_msp.c **** void HAL_I2C_MspInit(I2C_HandleTypeDef* hi2c)
  85:Core/Src/stm32u5xx_hal_msp.c **** {
  77              		.loc 1 85 1 is_stmt 1 view -0
  78              		.cfi_startproc
  79              		@ args = 0, pretend = 0, frame = 224
  80              		@ frame_needed = 0, uses_anonymous_args = 0
  81              		.loc 1 85 1 is_stmt 0 view .LVU9
  82 0000 10B5     		push	{r4, lr}
  83              	.LCFI2:
  84              		.cfi_def_cfa_offset 8
  85              		.cfi_offset 4, -8
  86              		.cfi_offset 14, -4
  87 0002 B8B0     		sub	sp, sp, #224
  88              	.LCFI3:
  89              		.cfi_def_cfa_offset 232
ARM GAS  /tmp/ccC0HTjB.s 			page 4


  90 0004 0446     		mov	r4, r0
  86:Core/Src/stm32u5xx_hal_msp.c ****   GPIO_InitTypeDef GPIO_InitStruct = {0};
  91              		.loc 1 86 3 is_stmt 1 view .LVU10
  92              		.loc 1 86 20 is_stmt 0 view .LVU11
  93 0006 0021     		movs	r1, #0
  94 0008 3391     		str	r1, [sp, #204]
  95 000a 3491     		str	r1, [sp, #208]
  96 000c 3591     		str	r1, [sp, #212]
  97 000e 3691     		str	r1, [sp, #216]
  98 0010 3791     		str	r1, [sp, #220]
  87:Core/Src/stm32u5xx_hal_msp.c ****   RCC_PeriphCLKInitTypeDef PeriphClkInit = {0};
  99              		.loc 1 87 3 is_stmt 1 view .LVU12
 100              		.loc 1 87 28 is_stmt 0 view .LVU13
 101 0012 C022     		movs	r2, #192
 102 0014 02A8     		add	r0, sp, #8
 103              	.LVL1:
 104              		.loc 1 87 28 view .LVU14
 105 0016 FFF7FEFF 		bl	memset
 106              	.LVL2:
  88:Core/Src/stm32u5xx_hal_msp.c ****   if(hi2c->Instance==I2C1)
 107              		.loc 1 88 3 is_stmt 1 view .LVU15
 108              		.loc 1 88 10 is_stmt 0 view .LVU16
 109 001a 2268     		ldr	r2, [r4]
 110              		.loc 1 88 5 view .LVU17
 111 001c 1B4B     		ldr	r3, .L11
 112 001e 9A42     		cmp	r2, r3
 113 0020 01D0     		beq	.L9
 114              	.LVL3:
 115              	.L5:
  89:Core/Src/stm32u5xx_hal_msp.c ****   {
  90:Core/Src/stm32u5xx_hal_msp.c ****     /* USER CODE BEGIN I2C1_MspInit 0 */
  91:Core/Src/stm32u5xx_hal_msp.c **** 
  92:Core/Src/stm32u5xx_hal_msp.c ****     /* USER CODE END I2C1_MspInit 0 */
  93:Core/Src/stm32u5xx_hal_msp.c **** 
  94:Core/Src/stm32u5xx_hal_msp.c ****   /** Initializes the peripherals clock
  95:Core/Src/stm32u5xx_hal_msp.c ****   */
  96:Core/Src/stm32u5xx_hal_msp.c ****     PeriphClkInit.PeriphClockSelection = RCC_PERIPHCLK_I2C1;
  97:Core/Src/stm32u5xx_hal_msp.c ****     PeriphClkInit.I2c1ClockSelection = RCC_I2C1CLKSOURCE_PCLK1;
  98:Core/Src/stm32u5xx_hal_msp.c ****     if (HAL_RCCEx_PeriphCLKConfig(&PeriphClkInit) != HAL_OK)
  99:Core/Src/stm32u5xx_hal_msp.c ****     {
 100:Core/Src/stm32u5xx_hal_msp.c ****       Error_Handler();
 101:Core/Src/stm32u5xx_hal_msp.c ****     }
 102:Core/Src/stm32u5xx_hal_msp.c **** 
 103:Core/Src/stm32u5xx_hal_msp.c ****     __HAL_RCC_GPIOB_CLK_ENABLE();
 104:Core/Src/stm32u5xx_hal_msp.c ****     /**I2C1 GPIO Configuration
 105:Core/Src/stm32u5xx_hal_msp.c ****     PB6     ------> I2C1_SCL
 106:Core/Src/stm32u5xx_hal_msp.c ****     PB7     ------> I2C1_SDA
 107:Core/Src/stm32u5xx_hal_msp.c ****     */
 108:Core/Src/stm32u5xx_hal_msp.c ****     GPIO_InitStruct.Pin = GPIO_PIN_6|GPIO_PIN_7;
 109:Core/Src/stm32u5xx_hal_msp.c ****     GPIO_InitStruct.Mode = GPIO_MODE_AF_OD;
 110:Core/Src/stm32u5xx_hal_msp.c ****     GPIO_InitStruct.Pull = GPIO_NOPULL;
 111:Core/Src/stm32u5xx_hal_msp.c ****     GPIO_InitStruct.Speed = GPIO_SPEED_FREQ_LOW;
 112:Core/Src/stm32u5xx_hal_msp.c ****     GPIO_InitStruct.Alternate = GPIO_AF4_I2C1;
 113:Core/Src/stm32u5xx_hal_msp.c ****     HAL_GPIO_Init(GPIOB, &GPIO_InitStruct);
 114:Core/Src/stm32u5xx_hal_msp.c **** 
 115:Core/Src/stm32u5xx_hal_msp.c ****     /* Peripheral clock enable */
 116:Core/Src/stm32u5xx_hal_msp.c ****     __HAL_RCC_I2C1_CLK_ENABLE();
ARM GAS  /tmp/ccC0HTjB.s 			page 5


 117:Core/Src/stm32u5xx_hal_msp.c ****     /* USER CODE BEGIN I2C1_MspInit 1 */
 118:Core/Src/stm32u5xx_hal_msp.c **** 
 119:Core/Src/stm32u5xx_hal_msp.c ****     /* USER CODE END I2C1_MspInit 1 */
 120:Core/Src/stm32u5xx_hal_msp.c **** 
 121:Core/Src/stm32u5xx_hal_msp.c ****   }
 122:Core/Src/stm32u5xx_hal_msp.c **** 
 123:Core/Src/stm32u5xx_hal_msp.c **** }
 116              		.loc 1 123 1 view .LVU18
 117 0022 38B0     		add	sp, sp, #224
 118              	.LCFI4:
 119              		.cfi_remember_state
 120              		.cfi_def_cfa_offset 8
 121              		@ sp needed
 122 0024 10BD     		pop	{r4, pc}
 123              	.LVL4:
 124              	.L9:
 125              	.LCFI5:
 126              		.cfi_restore_state
  96:Core/Src/stm32u5xx_hal_msp.c ****     PeriphClkInit.I2c1ClockSelection = RCC_I2C1CLKSOURCE_PCLK1;
 127              		.loc 1 96 5 is_stmt 1 view .LVU19
  96:Core/Src/stm32u5xx_hal_msp.c ****     PeriphClkInit.I2c1ClockSelection = RCC_I2C1CLKSOURCE_PCLK1;
 128              		.loc 1 96 40 is_stmt 0 view .LVU20
 129 0026 4022     		movs	r2, #64
 130 0028 0023     		movs	r3, #0
 131 002a CDE90223 		strd	r2, [sp, #8]
  97:Core/Src/stm32u5xx_hal_msp.c ****     if (HAL_RCCEx_PeriphCLKConfig(&PeriphClkInit) != HAL_OK)
 132              		.loc 1 97 5 is_stmt 1 view .LVU21
  98:Core/Src/stm32u5xx_hal_msp.c ****     {
 133              		.loc 1 98 5 view .LVU22
  98:Core/Src/stm32u5xx_hal_msp.c ****     {
 134              		.loc 1 98 9 is_stmt 0 view .LVU23
 135 002e 02A8     		add	r0, sp, #8
 136 0030 FFF7FEFF 		bl	HAL_RCCEx_PeriphCLKConfig
 137              	.LVL5:
  98:Core/Src/stm32u5xx_hal_msp.c ****     {
 138              		.loc 1 98 8 discriminator 1 view .LVU24
 139 0034 30BB     		cbnz	r0, .L10
 140              	.L7:
 103:Core/Src/stm32u5xx_hal_msp.c ****     /**I2C1 GPIO Configuration
 141              		.loc 1 103 5 is_stmt 1 view .LVU25
 142              	.LBB3:
 103:Core/Src/stm32u5xx_hal_msp.c ****     /**I2C1 GPIO Configuration
 143              		.loc 1 103 5 view .LVU26
 103:Core/Src/stm32u5xx_hal_msp.c ****     /**I2C1 GPIO Configuration
 144              		.loc 1 103 5 view .LVU27
 145 0036 164C     		ldr	r4, .L11+4
 146              	.LVL6:
 103:Core/Src/stm32u5xx_hal_msp.c ****     /**I2C1 GPIO Configuration
 147              		.loc 1 103 5 is_stmt 0 view .LVU28
 148 0038 D4F88C30 		ldr	r3, [r4, #140]
 149 003c 43F00203 		orr	r3, r3, #2
 150 0040 C4F88C30 		str	r3, [r4, #140]
 103:Core/Src/stm32u5xx_hal_msp.c ****     /**I2C1 GPIO Configuration
 151              		.loc 1 103 5 is_stmt 1 view .LVU29
 152 0044 D4F88C30 		ldr	r3, [r4, #140]
 153 0048 03F00203 		and	r3, r3, #2
 154 004c 0093     		str	r3, [sp]
ARM GAS  /tmp/ccC0HTjB.s 			page 6


 103:Core/Src/stm32u5xx_hal_msp.c ****     /**I2C1 GPIO Configuration
 155              		.loc 1 103 5 view .LVU30
 156 004e 009B     		ldr	r3, [sp]
 157              	.LBE3:
 103:Core/Src/stm32u5xx_hal_msp.c ****     /**I2C1 GPIO Configuration
 158              		.loc 1 103 5 view .LVU31
 108:Core/Src/stm32u5xx_hal_msp.c ****     GPIO_InitStruct.Mode = GPIO_MODE_AF_OD;
 159              		.loc 1 108 5 view .LVU32
 108:Core/Src/stm32u5xx_hal_msp.c ****     GPIO_InitStruct.Mode = GPIO_MODE_AF_OD;
 160              		.loc 1 108 25 is_stmt 0 view .LVU33
 161 0050 C023     		movs	r3, #192
 162 0052 3393     		str	r3, [sp, #204]
 109:Core/Src/stm32u5xx_hal_msp.c ****     GPIO_InitStruct.Pull = GPIO_NOPULL;
 163              		.loc 1 109 5 is_stmt 1 view .LVU34
 109:Core/Src/stm32u5xx_hal_msp.c ****     GPIO_InitStruct.Pull = GPIO_NOPULL;
 164              		.loc 1 109 26 is_stmt 0 view .LVU35
 165 0054 1223     		movs	r3, #18
 166 0056 3493     		str	r3, [sp, #208]
 110:Core/Src/stm32u5xx_hal_msp.c ****     GPIO_InitStruct.Speed = GPIO_SPEED_FREQ_LOW;
 167              		.loc 1 110 5 is_stmt 1 view .LVU36
 110:Core/Src/stm32u5xx_hal_msp.c ****     GPIO_InitStruct.Speed = GPIO_SPEED_FREQ_LOW;
 168              		.loc 1 110 26 is_stmt 0 view .LVU37
 169 0058 0023     		movs	r3, #0
 170 005a 3593     		str	r3, [sp, #212]
 111:Core/Src/stm32u5xx_hal_msp.c ****     GPIO_InitStruct.Alternate = GPIO_AF4_I2C1;
 171              		.loc 1 111 5 is_stmt 1 view .LVU38
 111:Core/Src/stm32u5xx_hal_msp.c ****     GPIO_InitStruct.Alternate = GPIO_AF4_I2C1;
 172              		.loc 1 111 27 is_stmt 0 view .LVU39
 173 005c 3693     		str	r3, [sp, #216]
 112:Core/Src/stm32u5xx_hal_msp.c ****     HAL_GPIO_Init(GPIOB, &GPIO_InitStruct);
 174              		.loc 1 112 5 is_stmt 1 view .LVU40
 112:Core/Src/stm32u5xx_hal_msp.c ****     HAL_GPIO_Init(GPIOB, &GPIO_InitStruct);
 175              		.loc 1 112 31 is_stmt 0 view .LVU41
 176 005e 0423     		movs	r3, #4
 177 0060 3793     		str	r3, [sp, #220]
 113:Core/Src/stm32u5xx_hal_msp.c **** 
 178              		.loc 1 113 5 is_stmt 1 view .LVU42
 179 0062 33A9     		add	r1, sp, #204
 180 0064 0B48     		ldr	r0, .L11+8
 181 0066 FFF7FEFF 		bl	HAL_GPIO_Init
 182              	.LVL7:
 116:Core/Src/stm32u5xx_hal_msp.c ****     /* USER CODE BEGIN I2C1_MspInit 1 */
 183              		.loc 1 116 5 view .LVU43
 184              	.LBB4:
 116:Core/Src/stm32u5xx_hal_msp.c ****     /* USER CODE BEGIN I2C1_MspInit 1 */
 185              		.loc 1 116 5 view .LVU44
 116:Core/Src/stm32u5xx_hal_msp.c ****     /* USER CODE BEGIN I2C1_MspInit 1 */
 186              		.loc 1 116 5 view .LVU45
 187 006a D4F89C30 		ldr	r3, [r4, #156]
 188 006e 43F40013 		orr	r3, r3, #2097152
 189 0072 C4F89C30 		str	r3, [r4, #156]
 116:Core/Src/stm32u5xx_hal_msp.c ****     /* USER CODE BEGIN I2C1_MspInit 1 */
 190              		.loc 1 116 5 view .LVU46
 191 0076 D4F89C30 		ldr	r3, [r4, #156]
 192 007a 03F40013 		and	r3, r3, #2097152
 193 007e 0193     		str	r3, [sp, #4]
 116:Core/Src/stm32u5xx_hal_msp.c ****     /* USER CODE BEGIN I2C1_MspInit 1 */
ARM GAS  /tmp/ccC0HTjB.s 			page 7


 194              		.loc 1 116 5 view .LVU47
 195 0080 019B     		ldr	r3, [sp, #4]
 196              	.LBE4:
 116:Core/Src/stm32u5xx_hal_msp.c ****     /* USER CODE BEGIN I2C1_MspInit 1 */
 197              		.loc 1 116 5 discriminator 1 view .LVU48
 198              		.loc 1 123 1 is_stmt 0 view .LVU49
 199 0082 CEE7     		b	.L5
 200              	.LVL8:
 201              	.L10:
 100:Core/Src/stm32u5xx_hal_msp.c ****     }
 202              		.loc 1 100 7 is_stmt 1 view .LVU50
 203 0084 FFF7FEFF 		bl	Error_Handler
 204              	.LVL9:
 205 0088 D5E7     		b	.L7
 206              	.L12:
 207 008a 00BF     		.align	2
 208              	.L11:
 209 008c 00540040 		.word	1073763328
 210 0090 000C0246 		.word	1174539264
 211 0094 00040242 		.word	1107428352
 212              		.cfi_endproc
 213              	.LFE161:
 215              		.section	.text.HAL_I2C_MspDeInit,"ax",%progbits
 216              		.align	1
 217              		.global	HAL_I2C_MspDeInit
 218              		.syntax unified
 219              		.thumb
 220              		.thumb_func
 222              	HAL_I2C_MspDeInit:
 223              	.LVL10:
 224              	.LFB162:
 124:Core/Src/stm32u5xx_hal_msp.c **** 
 125:Core/Src/stm32u5xx_hal_msp.c **** /**
 126:Core/Src/stm32u5xx_hal_msp.c ****   * @brief I2C MSP De-Initialization
 127:Core/Src/stm32u5xx_hal_msp.c ****   * This function freeze the hardware resources used in this example
 128:Core/Src/stm32u5xx_hal_msp.c ****   * @param hi2c: I2C handle pointer
 129:Core/Src/stm32u5xx_hal_msp.c ****   * @retval None
 130:Core/Src/stm32u5xx_hal_msp.c ****   */
 131:Core/Src/stm32u5xx_hal_msp.c **** void HAL_I2C_MspDeInit(I2C_HandleTypeDef* hi2c)
 132:Core/Src/stm32u5xx_hal_msp.c **** {
 225              		.loc 1 132 1 view -0
 226              		.cfi_startproc
 227              		@ args = 0, pretend = 0, frame = 0
 228              		@ frame_needed = 0, uses_anonymous_args = 0
 133:Core/Src/stm32u5xx_hal_msp.c ****   if(hi2c->Instance==I2C1)
 229              		.loc 1 133 3 view .LVU52
 230              		.loc 1 133 10 is_stmt 0 view .LVU53
 231 0000 0268     		ldr	r2, [r0]
 232              		.loc 1 133 5 view .LVU54
 233 0002 0B4B     		ldr	r3, .L20
 234 0004 9A42     		cmp	r2, r3
 235 0006 00D0     		beq	.L19
 236 0008 7047     		bx	lr
 237              	.L19:
 132:Core/Src/stm32u5xx_hal_msp.c ****   if(hi2c->Instance==I2C1)
 238              		.loc 1 132 1 view .LVU55
 239 000a 10B5     		push	{r4, lr}
ARM GAS  /tmp/ccC0HTjB.s 			page 8


 240              	.LCFI6:
 241              		.cfi_def_cfa_offset 8
 242              		.cfi_offset 4, -8
 243              		.cfi_offset 14, -4
 134:Core/Src/stm32u5xx_hal_msp.c ****   {
 135:Core/Src/stm32u5xx_hal_msp.c ****     /* USER CODE BEGIN I2C1_MspDeInit 0 */
 136:Core/Src/stm32u5xx_hal_msp.c **** 
 137:Core/Src/stm32u5xx_hal_msp.c ****     /* USER CODE END I2C1_MspDeInit 0 */
 138:Core/Src/stm32u5xx_hal_msp.c ****     /* Peripheral clock disable */
 139:Core/Src/stm32u5xx_hal_msp.c ****     __HAL_RCC_I2C1_CLK_DISABLE();
 244              		.loc 1 139 5 is_stmt 1 view .LVU56
 245 000c 094A     		ldr	r2, .L20+4
 246 000e D2F89C30 		ldr	r3, [r2, #156]
 247 0012 23F40013 		bic	r3, r3, #2097152
 248 0016 C2F89C30 		str	r3, [r2, #156]
 140:Core/Src/stm32u5xx_hal_msp.c **** 
 141:Core/Src/stm32u5xx_hal_msp.c ****     /**I2C1 GPIO Configuration
 142:Core/Src/stm32u5xx_hal_msp.c ****     PB6     ------> I2C1_SCL
 143:Core/Src/stm32u5xx_hal_msp.c ****     PB7     ------> I2C1_SDA
 144:Core/Src/stm32u5xx_hal_msp.c ****     */
 145:Core/Src/stm32u5xx_hal_msp.c ****     HAL_GPIO_DeInit(GPIOB, GPIO_PIN_6);
 249              		.loc 1 145 5 view .LVU57
 250 001a 074C     		ldr	r4, .L20+8
 251 001c 4021     		movs	r1, #64
 252 001e 2046     		mov	r0, r4
 253              	.LVL11:
 254              		.loc 1 145 5 is_stmt 0 view .LVU58
 255 0020 FFF7FEFF 		bl	HAL_GPIO_DeInit
 256              	.LVL12:
 146:Core/Src/stm32u5xx_hal_msp.c **** 
 147:Core/Src/stm32u5xx_hal_msp.c ****     HAL_GPIO_DeInit(GPIOB, GPIO_PIN_7);
 257              		.loc 1 147 5 is_stmt 1 view .LVU59
 258 0024 8021     		movs	r1, #128
 259 0026 2046     		mov	r0, r4
 260 0028 FFF7FEFF 		bl	HAL_GPIO_DeInit
 261              	.LVL13:
 148:Core/Src/stm32u5xx_hal_msp.c **** 
 149:Core/Src/stm32u5xx_hal_msp.c ****     /* USER CODE BEGIN I2C1_MspDeInit 1 */
 150:Core/Src/stm32u5xx_hal_msp.c **** 
 151:Core/Src/stm32u5xx_hal_msp.c ****     /* USER CODE END I2C1_MspDeInit 1 */
 152:Core/Src/stm32u5xx_hal_msp.c ****   }
 153:Core/Src/stm32u5xx_hal_msp.c **** 
 154:Core/Src/stm32u5xx_hal_msp.c **** }
 262              		.loc 1 154 1 is_stmt 0 view .LVU60
 263 002c 10BD     		pop	{r4, pc}
 264              	.L21:
 265 002e 00BF     		.align	2
 266              	.L20:
 267 0030 00540040 		.word	1073763328
 268 0034 000C0246 		.word	1174539264
 269 0038 00040242 		.word	1107428352
 270              		.cfi_endproc
 271              	.LFE162:
 273              		.section	.text.HAL_UART_MspInit,"ax",%progbits
 274              		.align	1
 275              		.global	HAL_UART_MspInit
 276              		.syntax unified
ARM GAS  /tmp/ccC0HTjB.s 			page 9


 277              		.thumb
 278              		.thumb_func
 280              	HAL_UART_MspInit:
 281              	.LVL14:
 282              	.LFB163:
 155:Core/Src/stm32u5xx_hal_msp.c **** 
 156:Core/Src/stm32u5xx_hal_msp.c **** /**
 157:Core/Src/stm32u5xx_hal_msp.c ****   * @brief UART MSP Initialization
 158:Core/Src/stm32u5xx_hal_msp.c ****   * This function configures the hardware resources used in this example
 159:Core/Src/stm32u5xx_hal_msp.c ****   * @param huart: UART handle pointer
 160:Core/Src/stm32u5xx_hal_msp.c ****   * @retval None
 161:Core/Src/stm32u5xx_hal_msp.c ****   */
 162:Core/Src/stm32u5xx_hal_msp.c **** void HAL_UART_MspInit(UART_HandleTypeDef* huart)
 163:Core/Src/stm32u5xx_hal_msp.c **** {
 283              		.loc 1 163 1 is_stmt 1 view -0
 284              		.cfi_startproc
 285              		@ args = 0, pretend = 0, frame = 232
 286              		@ frame_needed = 0, uses_anonymous_args = 0
 287              		.loc 1 163 1 is_stmt 0 view .LVU62
 288 0000 10B5     		push	{r4, lr}
 289              	.LCFI7:
 290              		.cfi_def_cfa_offset 8
 291              		.cfi_offset 4, -8
 292              		.cfi_offset 14, -4
 293 0002 BAB0     		sub	sp, sp, #232
 294              	.LCFI8:
 295              		.cfi_def_cfa_offset 240
 296 0004 0446     		mov	r4, r0
 164:Core/Src/stm32u5xx_hal_msp.c ****   GPIO_InitTypeDef GPIO_InitStruct = {0};
 297              		.loc 1 164 3 is_stmt 1 view .LVU63
 298              		.loc 1 164 20 is_stmt 0 view .LVU64
 299 0006 0021     		movs	r1, #0
 300 0008 3591     		str	r1, [sp, #212]
 301 000a 3691     		str	r1, [sp, #216]
 302 000c 3791     		str	r1, [sp, #220]
 303 000e 3891     		str	r1, [sp, #224]
 304 0010 3991     		str	r1, [sp, #228]
 165:Core/Src/stm32u5xx_hal_msp.c ****   RCC_PeriphCLKInitTypeDef PeriphClkInit = {0};
 305              		.loc 1 165 3 is_stmt 1 view .LVU65
 306              		.loc 1 165 28 is_stmt 0 view .LVU66
 307 0012 C022     		movs	r2, #192
 308 0014 04A8     		add	r0, sp, #16
 309              	.LVL15:
 310              		.loc 1 165 28 view .LVU67
 311 0016 FFF7FEFF 		bl	memset
 312              	.LVL16:
 166:Core/Src/stm32u5xx_hal_msp.c ****   if(huart->Instance==LPUART1)
 313              		.loc 1 166 3 is_stmt 1 view .LVU68
 314              		.loc 1 166 11 is_stmt 0 view .LVU69
 315 001a 2368     		ldr	r3, [r4]
 316              		.loc 1 166 5 view .LVU70
 317 001c 364A     		ldr	r2, .L32
 318 001e 9342     		cmp	r3, r2
 319 0020 04D0     		beq	.L28
 167:Core/Src/stm32u5xx_hal_msp.c ****   {
 168:Core/Src/stm32u5xx_hal_msp.c ****     /* USER CODE BEGIN LPUART1_MspInit 0 */
 169:Core/Src/stm32u5xx_hal_msp.c **** 
ARM GAS  /tmp/ccC0HTjB.s 			page 10


 170:Core/Src/stm32u5xx_hal_msp.c ****     /* USER CODE END LPUART1_MspInit 0 */
 171:Core/Src/stm32u5xx_hal_msp.c **** 
 172:Core/Src/stm32u5xx_hal_msp.c ****   /** Initializes the peripherals clock
 173:Core/Src/stm32u5xx_hal_msp.c ****   */
 174:Core/Src/stm32u5xx_hal_msp.c ****     PeriphClkInit.PeriphClockSelection = RCC_PERIPHCLK_LPUART1;
 175:Core/Src/stm32u5xx_hal_msp.c ****     PeriphClkInit.Lpuart1ClockSelection = RCC_LPUART1CLKSOURCE_PCLK3;
 176:Core/Src/stm32u5xx_hal_msp.c ****     if (HAL_RCCEx_PeriphCLKConfig(&PeriphClkInit) != HAL_OK)
 177:Core/Src/stm32u5xx_hal_msp.c ****     {
 178:Core/Src/stm32u5xx_hal_msp.c ****       Error_Handler();
 179:Core/Src/stm32u5xx_hal_msp.c ****     }
 180:Core/Src/stm32u5xx_hal_msp.c **** 
 181:Core/Src/stm32u5xx_hal_msp.c ****     /* Peripheral clock enable */
 182:Core/Src/stm32u5xx_hal_msp.c ****     __HAL_RCC_LPUART1_CLK_ENABLE();
 183:Core/Src/stm32u5xx_hal_msp.c **** 
 184:Core/Src/stm32u5xx_hal_msp.c ****     __HAL_RCC_GPIOA_CLK_ENABLE();
 185:Core/Src/stm32u5xx_hal_msp.c ****     /**LPUART1 GPIO Configuration
 186:Core/Src/stm32u5xx_hal_msp.c ****     PA2     ------> LPUART1_TX
 187:Core/Src/stm32u5xx_hal_msp.c ****     PA3     ------> LPUART1_RX
 188:Core/Src/stm32u5xx_hal_msp.c ****     */
 189:Core/Src/stm32u5xx_hal_msp.c ****     GPIO_InitStruct.Pin = GPIO_PIN_2|GPIO_PIN_3;
 190:Core/Src/stm32u5xx_hal_msp.c ****     GPIO_InitStruct.Mode = GPIO_MODE_AF_PP;
 191:Core/Src/stm32u5xx_hal_msp.c ****     GPIO_InitStruct.Pull = GPIO_NOPULL;
 192:Core/Src/stm32u5xx_hal_msp.c ****     GPIO_InitStruct.Speed = GPIO_SPEED_FREQ_LOW;
 193:Core/Src/stm32u5xx_hal_msp.c ****     GPIO_InitStruct.Alternate = GPIO_AF8_LPUART1;
 194:Core/Src/stm32u5xx_hal_msp.c ****     HAL_GPIO_Init(GPIOA, &GPIO_InitStruct);
 195:Core/Src/stm32u5xx_hal_msp.c **** 
 196:Core/Src/stm32u5xx_hal_msp.c ****     /* USER CODE BEGIN LPUART1_MspInit 1 */
 197:Core/Src/stm32u5xx_hal_msp.c **** 
 198:Core/Src/stm32u5xx_hal_msp.c ****     /* USER CODE END LPUART1_MspInit 1 */
 199:Core/Src/stm32u5xx_hal_msp.c ****   }
 200:Core/Src/stm32u5xx_hal_msp.c ****   else if(huart->Instance==USART1)
 320              		.loc 1 200 8 is_stmt 1 view .LVU71
 321              		.loc 1 200 10 is_stmt 0 view .LVU72
 322 0022 364A     		ldr	r2, .L32+4
 323 0024 9342     		cmp	r3, r2
 324 0026 33D0     		beq	.L29
 325              	.L22:
 201:Core/Src/stm32u5xx_hal_msp.c ****   {
 202:Core/Src/stm32u5xx_hal_msp.c ****     /* USER CODE BEGIN USART1_MspInit 0 */
 203:Core/Src/stm32u5xx_hal_msp.c **** 
 204:Core/Src/stm32u5xx_hal_msp.c ****     /* USER CODE END USART1_MspInit 0 */
 205:Core/Src/stm32u5xx_hal_msp.c **** 
 206:Core/Src/stm32u5xx_hal_msp.c ****   /** Initializes the peripherals clock
 207:Core/Src/stm32u5xx_hal_msp.c ****   */
 208:Core/Src/stm32u5xx_hal_msp.c ****     PeriphClkInit.PeriphClockSelection = RCC_PERIPHCLK_USART1;
 209:Core/Src/stm32u5xx_hal_msp.c ****     PeriphClkInit.Usart1ClockSelection = RCC_USART1CLKSOURCE_PCLK2;
 210:Core/Src/stm32u5xx_hal_msp.c ****     if (HAL_RCCEx_PeriphCLKConfig(&PeriphClkInit) != HAL_OK)
 211:Core/Src/stm32u5xx_hal_msp.c ****     {
 212:Core/Src/stm32u5xx_hal_msp.c ****       Error_Handler();
 213:Core/Src/stm32u5xx_hal_msp.c ****     }
 214:Core/Src/stm32u5xx_hal_msp.c **** 
 215:Core/Src/stm32u5xx_hal_msp.c ****     /* Peripheral clock enable */
 216:Core/Src/stm32u5xx_hal_msp.c ****     __HAL_RCC_USART1_CLK_ENABLE();
 217:Core/Src/stm32u5xx_hal_msp.c **** 
 218:Core/Src/stm32u5xx_hal_msp.c ****     __HAL_RCC_GPIOA_CLK_ENABLE();
 219:Core/Src/stm32u5xx_hal_msp.c ****     /**USART1 GPIO Configuration
 220:Core/Src/stm32u5xx_hal_msp.c ****     PA9     ------> USART1_TX
ARM GAS  /tmp/ccC0HTjB.s 			page 11


 221:Core/Src/stm32u5xx_hal_msp.c ****     PA10     ------> USART1_RX
 222:Core/Src/stm32u5xx_hal_msp.c ****     */
 223:Core/Src/stm32u5xx_hal_msp.c ****     GPIO_InitStruct.Pin = GPIO_PIN_9|GPIO_PIN_10;
 224:Core/Src/stm32u5xx_hal_msp.c ****     GPIO_InitStruct.Mode = GPIO_MODE_AF_PP;
 225:Core/Src/stm32u5xx_hal_msp.c ****     GPIO_InitStruct.Pull = GPIO_NOPULL;
 226:Core/Src/stm32u5xx_hal_msp.c ****     GPIO_InitStruct.Speed = GPIO_SPEED_FREQ_LOW;
 227:Core/Src/stm32u5xx_hal_msp.c ****     GPIO_InitStruct.Alternate = GPIO_AF7_USART1;
 228:Core/Src/stm32u5xx_hal_msp.c ****     HAL_GPIO_Init(GPIOA, &GPIO_InitStruct);
 229:Core/Src/stm32u5xx_hal_msp.c **** 
 230:Core/Src/stm32u5xx_hal_msp.c ****     /* USER CODE BEGIN USART1_MspInit 1 */
 231:Core/Src/stm32u5xx_hal_msp.c **** 
 232:Core/Src/stm32u5xx_hal_msp.c ****     /* USER CODE END USART1_MspInit 1 */
 233:Core/Src/stm32u5xx_hal_msp.c ****   }
 234:Core/Src/stm32u5xx_hal_msp.c **** 
 235:Core/Src/stm32u5xx_hal_msp.c **** }
 326              		.loc 1 235 1 view .LVU73
 327 0028 3AB0     		add	sp, sp, #232
 328              	.LCFI9:
 329              		.cfi_remember_state
 330              		.cfi_def_cfa_offset 8
 331              		@ sp needed
 332 002a 10BD     		pop	{r4, pc}
 333              	.LVL17:
 334              	.L28:
 335              	.LCFI10:
 336              		.cfi_restore_state
 174:Core/Src/stm32u5xx_hal_msp.c ****     PeriphClkInit.Lpuart1ClockSelection = RCC_LPUART1CLKSOURCE_PCLK3;
 337              		.loc 1 174 5 is_stmt 1 view .LVU74
 174:Core/Src/stm32u5xx_hal_msp.c ****     PeriphClkInit.Lpuart1ClockSelection = RCC_LPUART1CLKSOURCE_PCLK3;
 338              		.loc 1 174 40 is_stmt 0 view .LVU75
 339 002c 2022     		movs	r2, #32
 340 002e 0023     		movs	r3, #0
 341 0030 CDE90423 		strd	r2, [sp, #16]
 175:Core/Src/stm32u5xx_hal_msp.c ****     if (HAL_RCCEx_PeriphCLKConfig(&PeriphClkInit) != HAL_OK)
 342              		.loc 1 175 5 is_stmt 1 view .LVU76
 176:Core/Src/stm32u5xx_hal_msp.c ****     {
 343              		.loc 1 176 5 view .LVU77
 176:Core/Src/stm32u5xx_hal_msp.c ****     {
 344              		.loc 1 176 9 is_stmt 0 view .LVU78
 345 0034 04A8     		add	r0, sp, #16
 346 0036 FFF7FEFF 		bl	HAL_RCCEx_PeriphCLKConfig
 347              	.LVL18:
 176:Core/Src/stm32u5xx_hal_msp.c ****     {
 348              		.loc 1 176 8 discriminator 1 view .LVU79
 349 003a 30BB     		cbnz	r0, .L30
 350              	.L24:
 182:Core/Src/stm32u5xx_hal_msp.c **** 
 351              		.loc 1 182 5 is_stmt 1 view .LVU80
 352              	.LBB5:
 182:Core/Src/stm32u5xx_hal_msp.c **** 
 353              		.loc 1 182 5 view .LVU81
 182:Core/Src/stm32u5xx_hal_msp.c **** 
 354              		.loc 1 182 5 view .LVU82
 355 003c 304B     		ldr	r3, .L32+8
 356 003e D3F8A820 		ldr	r2, [r3, #168]
 357 0042 42F04002 		orr	r2, r2, #64
 358 0046 C3F8A820 		str	r2, [r3, #168]
ARM GAS  /tmp/ccC0HTjB.s 			page 12


 182:Core/Src/stm32u5xx_hal_msp.c **** 
 359              		.loc 1 182 5 view .LVU83
 360 004a D3F8A820 		ldr	r2, [r3, #168]
 361 004e 02F04002 		and	r2, r2, #64
 362 0052 0092     		str	r2, [sp]
 182:Core/Src/stm32u5xx_hal_msp.c **** 
 363              		.loc 1 182 5 view .LVU84
 364 0054 009A     		ldr	r2, [sp]
 365              	.LBE5:
 182:Core/Src/stm32u5xx_hal_msp.c **** 
 366              		.loc 1 182 5 view .LVU85
 184:Core/Src/stm32u5xx_hal_msp.c ****     /**LPUART1 GPIO Configuration
 367              		.loc 1 184 5 view .LVU86
 368              	.LBB6:
 184:Core/Src/stm32u5xx_hal_msp.c ****     /**LPUART1 GPIO Configuration
 369              		.loc 1 184 5 view .LVU87
 184:Core/Src/stm32u5xx_hal_msp.c ****     /**LPUART1 GPIO Configuration
 370              		.loc 1 184 5 view .LVU88
 371 0056 D3F88C20 		ldr	r2, [r3, #140]
 372 005a 42F00102 		orr	r2, r2, #1
 373 005e C3F88C20 		str	r2, [r3, #140]
 184:Core/Src/stm32u5xx_hal_msp.c ****     /**LPUART1 GPIO Configuration
 374              		.loc 1 184 5 view .LVU89
 375 0062 D3F88C30 		ldr	r3, [r3, #140]
 376 0066 03F00103 		and	r3, r3, #1
 377 006a 0193     		str	r3, [sp, #4]
 184:Core/Src/stm32u5xx_hal_msp.c ****     /**LPUART1 GPIO Configuration
 378              		.loc 1 184 5 view .LVU90
 379 006c 019B     		ldr	r3, [sp, #4]
 380              	.LBE6:
 184:Core/Src/stm32u5xx_hal_msp.c ****     /**LPUART1 GPIO Configuration
 381              		.loc 1 184 5 view .LVU91
 189:Core/Src/stm32u5xx_hal_msp.c ****     GPIO_InitStruct.Mode = GPIO_MODE_AF_PP;
 382              		.loc 1 189 5 view .LVU92
 189:Core/Src/stm32u5xx_hal_msp.c ****     GPIO_InitStruct.Mode = GPIO_MODE_AF_PP;
 383              		.loc 1 189 25 is_stmt 0 view .LVU93
 384 006e 0C23     		movs	r3, #12
 385 0070 3593     		str	r3, [sp, #212]
 190:Core/Src/stm32u5xx_hal_msp.c ****     GPIO_InitStruct.Pull = GPIO_NOPULL;
 386              		.loc 1 190 5 is_stmt 1 view .LVU94
 190:Core/Src/stm32u5xx_hal_msp.c ****     GPIO_InitStruct.Pull = GPIO_NOPULL;
 387              		.loc 1 190 26 is_stmt 0 view .LVU95
 388 0072 0223     		movs	r3, #2
 389 0074 3693     		str	r3, [sp, #216]
 191:Core/Src/stm32u5xx_hal_msp.c ****     GPIO_InitStruct.Speed = GPIO_SPEED_FREQ_LOW;
 390              		.loc 1 191 5 is_stmt 1 view .LVU96
 191:Core/Src/stm32u5xx_hal_msp.c ****     GPIO_InitStruct.Speed = GPIO_SPEED_FREQ_LOW;
 391              		.loc 1 191 26 is_stmt 0 view .LVU97
 392 0076 0023     		movs	r3, #0
 393 0078 3793     		str	r3, [sp, #220]
 192:Core/Src/stm32u5xx_hal_msp.c ****     GPIO_InitStruct.Alternate = GPIO_AF8_LPUART1;
 394              		.loc 1 192 5 is_stmt 1 view .LVU98
 192:Core/Src/stm32u5xx_hal_msp.c ****     GPIO_InitStruct.Alternate = GPIO_AF8_LPUART1;
 395              		.loc 1 192 27 is_stmt 0 view .LVU99
 396 007a 3893     		str	r3, [sp, #224]
 193:Core/Src/stm32u5xx_hal_msp.c ****     HAL_GPIO_Init(GPIOA, &GPIO_InitStruct);
 397              		.loc 1 193 5 is_stmt 1 view .LVU100
ARM GAS  /tmp/ccC0HTjB.s 			page 13


 193:Core/Src/stm32u5xx_hal_msp.c ****     HAL_GPIO_Init(GPIOA, &GPIO_InitStruct);
 398              		.loc 1 193 31 is_stmt 0 view .LVU101
 399 007c 0823     		movs	r3, #8
 400 007e 3993     		str	r3, [sp, #228]
 194:Core/Src/stm32u5xx_hal_msp.c **** 
 401              		.loc 1 194 5 is_stmt 1 view .LVU102
 402 0080 35A9     		add	r1, sp, #212
 403 0082 2048     		ldr	r0, .L32+12
 404 0084 FFF7FEFF 		bl	HAL_GPIO_Init
 405              	.LVL19:
 406 0088 CEE7     		b	.L22
 407              	.L30:
 178:Core/Src/stm32u5xx_hal_msp.c ****     }
 408              		.loc 1 178 7 view .LVU103
 409 008a FFF7FEFF 		bl	Error_Handler
 410              	.LVL20:
 411 008e D5E7     		b	.L24
 412              	.L29:
 208:Core/Src/stm32u5xx_hal_msp.c ****     PeriphClkInit.Usart1ClockSelection = RCC_USART1CLKSOURCE_PCLK2;
 413              		.loc 1 208 5 view .LVU104
 208:Core/Src/stm32u5xx_hal_msp.c ****     PeriphClkInit.Usart1ClockSelection = RCC_USART1CLKSOURCE_PCLK2;
 414              		.loc 1 208 40 is_stmt 0 view .LVU105
 415 0090 0122     		movs	r2, #1
 416 0092 0023     		movs	r3, #0
 417 0094 CDE90423 		strd	r2, [sp, #16]
 209:Core/Src/stm32u5xx_hal_msp.c ****     if (HAL_RCCEx_PeriphCLKConfig(&PeriphClkInit) != HAL_OK)
 418              		.loc 1 209 5 is_stmt 1 view .LVU106
 210:Core/Src/stm32u5xx_hal_msp.c ****     {
 419              		.loc 1 210 5 view .LVU107
 210:Core/Src/stm32u5xx_hal_msp.c ****     {
 420              		.loc 1 210 9 is_stmt 0 view .LVU108
 421 0098 04A8     		add	r0, sp, #16
 422 009a FFF7FEFF 		bl	HAL_RCCEx_PeriphCLKConfig
 423              	.LVL21:
 210:Core/Src/stm32u5xx_hal_msp.c ****     {
 424              		.loc 1 210 8 discriminator 1 view .LVU109
 425 009e 38BB     		cbnz	r0, .L31
 426              	.L26:
 216:Core/Src/stm32u5xx_hal_msp.c **** 
 427              		.loc 1 216 5 is_stmt 1 view .LVU110
 428              	.LBB7:
 216:Core/Src/stm32u5xx_hal_msp.c **** 
 429              		.loc 1 216 5 view .LVU111
 216:Core/Src/stm32u5xx_hal_msp.c **** 
 430              		.loc 1 216 5 view .LVU112
 431 00a0 174B     		ldr	r3, .L32+8
 432 00a2 D3F8A420 		ldr	r2, [r3, #164]
 433 00a6 42F48042 		orr	r2, r2, #16384
 434 00aa C3F8A420 		str	r2, [r3, #164]
 216:Core/Src/stm32u5xx_hal_msp.c **** 
 435              		.loc 1 216 5 view .LVU113
 436 00ae D3F8A420 		ldr	r2, [r3, #164]
 437 00b2 02F48042 		and	r2, r2, #16384
 438 00b6 0292     		str	r2, [sp, #8]
 216:Core/Src/stm32u5xx_hal_msp.c **** 
 439              		.loc 1 216 5 view .LVU114
 440 00b8 029A     		ldr	r2, [sp, #8]
ARM GAS  /tmp/ccC0HTjB.s 			page 14


 441              	.LBE7:
 216:Core/Src/stm32u5xx_hal_msp.c **** 
 442              		.loc 1 216 5 view .LVU115
 218:Core/Src/stm32u5xx_hal_msp.c ****     /**USART1 GPIO Configuration
 443              		.loc 1 218 5 view .LVU116
 444              	.LBB8:
 218:Core/Src/stm32u5xx_hal_msp.c ****     /**USART1 GPIO Configuration
 445              		.loc 1 218 5 view .LVU117
 218:Core/Src/stm32u5xx_hal_msp.c ****     /**USART1 GPIO Configuration
 446              		.loc 1 218 5 view .LVU118
 447 00ba D3F88C20 		ldr	r2, [r3, #140]
 448 00be 42F00102 		orr	r2, r2, #1
 449 00c2 C3F88C20 		str	r2, [r3, #140]
 218:Core/Src/stm32u5xx_hal_msp.c ****     /**USART1 GPIO Configuration
 450              		.loc 1 218 5 view .LVU119
 451 00c6 D3F88C30 		ldr	r3, [r3, #140]
 452 00ca 03F00103 		and	r3, r3, #1
 453 00ce 0393     		str	r3, [sp, #12]
 218:Core/Src/stm32u5xx_hal_msp.c ****     /**USART1 GPIO Configuration
 454              		.loc 1 218 5 view .LVU120
 455 00d0 039B     		ldr	r3, [sp, #12]
 456              	.LBE8:
 218:Core/Src/stm32u5xx_hal_msp.c ****     /**USART1 GPIO Configuration
 457              		.loc 1 218 5 view .LVU121
 223:Core/Src/stm32u5xx_hal_msp.c ****     GPIO_InitStruct.Mode = GPIO_MODE_AF_PP;
 458              		.loc 1 223 5 view .LVU122
 223:Core/Src/stm32u5xx_hal_msp.c ****     GPIO_InitStruct.Mode = GPIO_MODE_AF_PP;
 459              		.loc 1 223 25 is_stmt 0 view .LVU123
 460 00d2 4FF4C063 		mov	r3, #1536
 461 00d6 3593     		str	r3, [sp, #212]
 224:Core/Src/stm32u5xx_hal_msp.c ****     GPIO_InitStruct.Pull = GPIO_NOPULL;
 462              		.loc 1 224 5 is_stmt 1 view .LVU124
 224:Core/Src/stm32u5xx_hal_msp.c ****     GPIO_InitStruct.Pull = GPIO_NOPULL;
 463              		.loc 1 224 26 is_stmt 0 view .LVU125
 464 00d8 0223     		movs	r3, #2
 465 00da 3693     		str	r3, [sp, #216]
 225:Core/Src/stm32u5xx_hal_msp.c ****     GPIO_InitStruct.Speed = GPIO_SPEED_FREQ_LOW;
 466              		.loc 1 225 5 is_stmt 1 view .LVU126
 225:Core/Src/stm32u5xx_hal_msp.c ****     GPIO_InitStruct.Speed = GPIO_SPEED_FREQ_LOW;
 467              		.loc 1 225 26 is_stmt 0 view .LVU127
 468 00dc 0023     		movs	r3, #0
 469 00de 3793     		str	r3, [sp, #220]
 226:Core/Src/stm32u5xx_hal_msp.c ****     GPIO_InitStruct.Alternate = GPIO_AF7_USART1;
 470              		.loc 1 226 5 is_stmt 1 view .LVU128
 226:Core/Src/stm32u5xx_hal_msp.c ****     GPIO_InitStruct.Alternate = GPIO_AF7_USART1;
 471              		.loc 1 226 27 is_stmt 0 view .LVU129
 472 00e0 3893     		str	r3, [sp, #224]
 227:Core/Src/stm32u5xx_hal_msp.c ****     HAL_GPIO_Init(GPIOA, &GPIO_InitStruct);
 473              		.loc 1 227 5 is_stmt 1 view .LVU130
 227:Core/Src/stm32u5xx_hal_msp.c ****     HAL_GPIO_Init(GPIOA, &GPIO_InitStruct);
 474              		.loc 1 227 31 is_stmt 0 view .LVU131
 475 00e2 0723     		movs	r3, #7
 476 00e4 3993     		str	r3, [sp, #228]
 228:Core/Src/stm32u5xx_hal_msp.c **** 
 477              		.loc 1 228 5 is_stmt 1 view .LVU132
 478 00e6 35A9     		add	r1, sp, #212
 479 00e8 0648     		ldr	r0, .L32+12
ARM GAS  /tmp/ccC0HTjB.s 			page 15


 480 00ea FFF7FEFF 		bl	HAL_GPIO_Init
 481              	.LVL22:
 482              		.loc 1 235 1 is_stmt 0 view .LVU133
 483 00ee 9BE7     		b	.L22
 484              	.L31:
 212:Core/Src/stm32u5xx_hal_msp.c ****     }
 485              		.loc 1 212 7 is_stmt 1 view .LVU134
 486 00f0 FFF7FEFF 		bl	Error_Handler
 487              	.LVL23:
 488 00f4 D4E7     		b	.L26
 489              	.L33:
 490 00f6 00BF     		.align	2
 491              	.L32:
 492 00f8 00240046 		.word	1174414336
 493 00fc 00380140 		.word	1073821696
 494 0100 000C0246 		.word	1174539264
 495 0104 00000242 		.word	1107427328
 496              		.cfi_endproc
 497              	.LFE163:
 499              		.section	.text.HAL_UART_MspDeInit,"ax",%progbits
 500              		.align	1
 501              		.global	HAL_UART_MspDeInit
 502              		.syntax unified
 503              		.thumb
 504              		.thumb_func
 506              	HAL_UART_MspDeInit:
 507              	.LVL24:
 508              	.LFB164:
 236:Core/Src/stm32u5xx_hal_msp.c **** 
 237:Core/Src/stm32u5xx_hal_msp.c **** /**
 238:Core/Src/stm32u5xx_hal_msp.c ****   * @brief UART MSP De-Initialization
 239:Core/Src/stm32u5xx_hal_msp.c ****   * This function freeze the hardware resources used in this example
 240:Core/Src/stm32u5xx_hal_msp.c ****   * @param huart: UART handle pointer
 241:Core/Src/stm32u5xx_hal_msp.c ****   * @retval None
 242:Core/Src/stm32u5xx_hal_msp.c ****   */
 243:Core/Src/stm32u5xx_hal_msp.c **** void HAL_UART_MspDeInit(UART_HandleTypeDef* huart)
 244:Core/Src/stm32u5xx_hal_msp.c **** {
 509              		.loc 1 244 1 view -0
 510              		.cfi_startproc
 511              		@ args = 0, pretend = 0, frame = 0
 512              		@ frame_needed = 0, uses_anonymous_args = 0
 513              		.loc 1 244 1 is_stmt 0 view .LVU136
 514 0000 08B5     		push	{r3, lr}
 515              	.LCFI11:
 516              		.cfi_def_cfa_offset 8
 517              		.cfi_offset 3, -8
 518              		.cfi_offset 14, -4
 245:Core/Src/stm32u5xx_hal_msp.c ****   if(huart->Instance==LPUART1)
 519              		.loc 1 245 3 is_stmt 1 view .LVU137
 520              		.loc 1 245 11 is_stmt 0 view .LVU138
 521 0002 0368     		ldr	r3, [r0]
 522              		.loc 1 245 5 view .LVU139
 523 0004 104A     		ldr	r2, .L40
 524 0006 9342     		cmp	r3, r2
 525 0008 03D0     		beq	.L38
 246:Core/Src/stm32u5xx_hal_msp.c ****   {
 247:Core/Src/stm32u5xx_hal_msp.c ****     /* USER CODE BEGIN LPUART1_MspDeInit 0 */
ARM GAS  /tmp/ccC0HTjB.s 			page 16


 248:Core/Src/stm32u5xx_hal_msp.c **** 
 249:Core/Src/stm32u5xx_hal_msp.c ****     /* USER CODE END LPUART1_MspDeInit 0 */
 250:Core/Src/stm32u5xx_hal_msp.c ****     /* Peripheral clock disable */
 251:Core/Src/stm32u5xx_hal_msp.c ****     __HAL_RCC_LPUART1_CLK_DISABLE();
 252:Core/Src/stm32u5xx_hal_msp.c **** 
 253:Core/Src/stm32u5xx_hal_msp.c ****     /**LPUART1 GPIO Configuration
 254:Core/Src/stm32u5xx_hal_msp.c ****     PA2     ------> LPUART1_TX
 255:Core/Src/stm32u5xx_hal_msp.c ****     PA3     ------> LPUART1_RX
 256:Core/Src/stm32u5xx_hal_msp.c ****     */
 257:Core/Src/stm32u5xx_hal_msp.c ****     HAL_GPIO_DeInit(GPIOA, GPIO_PIN_2|GPIO_PIN_3);
 258:Core/Src/stm32u5xx_hal_msp.c **** 
 259:Core/Src/stm32u5xx_hal_msp.c ****     /* USER CODE BEGIN LPUART1_MspDeInit 1 */
 260:Core/Src/stm32u5xx_hal_msp.c **** 
 261:Core/Src/stm32u5xx_hal_msp.c ****     /* USER CODE END LPUART1_MspDeInit 1 */
 262:Core/Src/stm32u5xx_hal_msp.c ****   }
 263:Core/Src/stm32u5xx_hal_msp.c ****   else if(huart->Instance==USART1)
 526              		.loc 1 263 8 is_stmt 1 view .LVU140
 527              		.loc 1 263 10 is_stmt 0 view .LVU141
 528 000a 104A     		ldr	r2, .L40+4
 529 000c 9342     		cmp	r3, r2
 530 000e 0DD0     		beq	.L39
 531              	.LVL25:
 532              	.L34:
 264:Core/Src/stm32u5xx_hal_msp.c ****   {
 265:Core/Src/stm32u5xx_hal_msp.c ****     /* USER CODE BEGIN USART1_MspDeInit 0 */
 266:Core/Src/stm32u5xx_hal_msp.c **** 
 267:Core/Src/stm32u5xx_hal_msp.c ****     /* USER CODE END USART1_MspDeInit 0 */
 268:Core/Src/stm32u5xx_hal_msp.c ****     /* Peripheral clock disable */
 269:Core/Src/stm32u5xx_hal_msp.c ****     __HAL_RCC_USART1_CLK_DISABLE();
 270:Core/Src/stm32u5xx_hal_msp.c **** 
 271:Core/Src/stm32u5xx_hal_msp.c ****     /**USART1 GPIO Configuration
 272:Core/Src/stm32u5xx_hal_msp.c ****     PA9     ------> USART1_TX
 273:Core/Src/stm32u5xx_hal_msp.c ****     PA10     ------> USART1_RX
 274:Core/Src/stm32u5xx_hal_msp.c ****     */
 275:Core/Src/stm32u5xx_hal_msp.c ****     HAL_GPIO_DeInit(GPIOA, GPIO_PIN_9|GPIO_PIN_10);
 276:Core/Src/stm32u5xx_hal_msp.c **** 
 277:Core/Src/stm32u5xx_hal_msp.c ****     /* USER CODE BEGIN USART1_MspDeInit 1 */
 278:Core/Src/stm32u5xx_hal_msp.c **** 
 279:Core/Src/stm32u5xx_hal_msp.c ****     /* USER CODE END USART1_MspDeInit 1 */
 280:Core/Src/stm32u5xx_hal_msp.c ****   }
 281:Core/Src/stm32u5xx_hal_msp.c **** 
 282:Core/Src/stm32u5xx_hal_msp.c **** }
 533              		.loc 1 282 1 view .LVU142
 534 0010 08BD     		pop	{r3, pc}
 535              	.LVL26:
 536              	.L38:
 251:Core/Src/stm32u5xx_hal_msp.c **** 
 537              		.loc 1 251 5 is_stmt 1 view .LVU143
 538 0012 02F5F432 		add	r2, r2, #124928
 539 0016 D2F8A830 		ldr	r3, [r2, #168]
 540 001a 23F04003 		bic	r3, r3, #64
 541 001e C2F8A830 		str	r3, [r2, #168]
 257:Core/Src/stm32u5xx_hal_msp.c **** 
 542              		.loc 1 257 5 view .LVU144
 543 0022 0C21     		movs	r1, #12
 544 0024 0A48     		ldr	r0, .L40+8
 545              	.LVL27:
ARM GAS  /tmp/ccC0HTjB.s 			page 17


 257:Core/Src/stm32u5xx_hal_msp.c **** 
 546              		.loc 1 257 5 is_stmt 0 view .LVU145
 547 0026 FFF7FEFF 		bl	HAL_GPIO_DeInit
 548              	.LVL28:
 549 002a F1E7     		b	.L34
 550              	.LVL29:
 551              	.L39:
 269:Core/Src/stm32u5xx_hal_msp.c **** 
 552              		.loc 1 269 5 is_stmt 1 view .LVU146
 553 002c 094A     		ldr	r2, .L40+12
 554 002e D2F8A430 		ldr	r3, [r2, #164]
 555 0032 23F48043 		bic	r3, r3, #16384
 556 0036 C2F8A430 		str	r3, [r2, #164]
 275:Core/Src/stm32u5xx_hal_msp.c **** 
 557              		.loc 1 275 5 view .LVU147
 558 003a 4FF4C061 		mov	r1, #1536
 559 003e 0448     		ldr	r0, .L40+8
 560              	.LVL30:
 275:Core/Src/stm32u5xx_hal_msp.c **** 
 561              		.loc 1 275 5 is_stmt 0 view .LVU148
 562 0040 FFF7FEFF 		bl	HAL_GPIO_DeInit
 563              	.LVL31:
 564              		.loc 1 282 1 view .LVU149
 565 0044 E4E7     		b	.L34
 566              	.L41:
 567 0046 00BF     		.align	2
 568              	.L40:
 569 0048 00240046 		.word	1174414336
 570 004c 00380140 		.word	1073821696
 571 0050 00000242 		.word	1107427328
 572 0054 000C0246 		.word	1174539264
 573              		.cfi_endproc
 574              	.LFE164:
 576              		.text
 577              	.Letext0:
 578              		.file 2 "/opt/st/stm32cubeclt_1.20.0/GNU-tools-for-STM32/arm-none-eabi/include/machine/_default_ty
 579              		.file 3 "/opt/st/stm32cubeclt_1.20.0/GNU-tools-for-STM32/arm-none-eabi/include/sys/_stdint.h"
 580              		.file 4 "Drivers/CMSIS/Device/ST/STM32U5xx/Include/stm32u545xx.h"
 581              		.file 5 "Drivers/STM32U5xx_HAL_Driver/Inc/stm32u5xx_hal_def.h"
 582              		.file 6 "Drivers/STM32U5xx_HAL_Driver/Inc/stm32u5xx_hal_rcc_ex.h"
 583              		.file 7 "Drivers/STM32U5xx_HAL_Driver/Inc/stm32u5xx_hal_gpio.h"
 584              		.file 8 "Drivers/STM32U5xx_HAL_Driver/Inc/stm32u5xx_hal_dma.h"
 585              		.file 9 "Drivers/STM32U5xx_HAL_Driver/Inc/stm32u5xx_hal_dma_ex.h"
 586              		.file 10 "Drivers/STM32U5xx_HAL_Driver/Inc/stm32u5xx_hal_i2c.h"
 587              		.file 11 "Drivers/STM32U5xx_HAL_Driver/Inc/stm32u5xx_hal_uart.h"
 588              		.file 12 "Core/Inc/main.h"
 589              		.file 13 "<built-in>"
ARM GAS  /tmp/ccC0HTjB.s 			page 18


DEFINED SYMBOLS
                            *ABS*:00000000 stm32u5xx_hal_msp.c
     /tmp/ccC0HTjB.s:22     .text.HAL_MspInit:00000000 $t
     /tmp/ccC0HTjB.s:28     .text.HAL_MspInit:00000000 HAL_MspInit
     /tmp/ccC0HTjB.s:63     .text.HAL_MspInit:00000020 $d
     /tmp/ccC0HTjB.s:68     .text.HAL_I2C_MspInit:00000000 $t
     /tmp/ccC0HTjB.s:74     .text.HAL_I2C_MspInit:00000000 HAL_I2C_MspInit
     /tmp/ccC0HTjB.s:209    .text.HAL_I2C_MspInit:0000008c $d
     /tmp/ccC0HTjB.s:216    .text.HAL_I2C_MspDeInit:00000000 $t
     /tmp/ccC0HTjB.s:222    .text.HAL_I2C_MspDeInit:00000000 HAL_I2C_MspDeInit
     /tmp/ccC0HTjB.s:267    .text.HAL_I2C_MspDeInit:00000030 $d
     /tmp/ccC0HTjB.s:274    .text.HAL_UART_MspInit:00000000 $t
     /tmp/ccC0HTjB.s:280    .text.HAL_UART_MspInit:00000000 HAL_UART_MspInit
     /tmp/ccC0HTjB.s:492    .text.HAL_UART_MspInit:000000f8 $d
     /tmp/ccC0HTjB.s:500    .text.HAL_UART_MspDeInit:00000000 $t
     /tmp/ccC0HTjB.s:506    .text.HAL_UART_MspDeInit:00000000 HAL_UART_MspDeInit
     /tmp/ccC0HTjB.s:569    .text.HAL_UART_MspDeInit:00000048 $d

UNDEFINED SYMBOLS
memset
HAL_RCCEx_PeriphCLKConfig
HAL_GPIO_Init
Error_Handler
HAL_GPIO_DeInit
