ARM GAS  /tmp/ccZyxn8b.s 			page 1


   1              		.cpu cortex-m33
   2              		.arch armv8-m.main
   3              		.fpu fpv5-sp-d16
   4              		.arch_extension dsp
   5              		.eabi_attribute 27, 1
   6              		.eabi_attribute 28, 1
   7              		.eabi_attribute 20, 1
   8              		.eabi_attribute 21, 1
   9              		.eabi_attribute 23, 3
  10              		.eabi_attribute 24, 1
  11              		.eabi_attribute 25, 1
  12              		.eabi_attribute 26, 1
  13              		.eabi_attribute 30, 1
  14              		.eabi_attribute 34, 1
  15              		.eabi_attribute 18, 4
  16              		.file	"stts22h_app.c"
  17              		.text
  18              	.Ltext0:
  19              		.cfi_sections	.debug_frame
  20              		.file 1 "Drivers/Sensors/STTS22H/stts22h_app.c"
  21              		.section	.text.STTS22H_I2C_Init,"ax",%progbits
  22              		.align	1
  23              		.syntax unified
  24              		.thumb
  25              		.thumb_func
  27              	STTS22H_I2C_Init:
  28              	.LFB160:
   1:Drivers/Sensors/STTS22H/stts22h_app.c **** /*
   2:Drivers/Sensors/STTS22H/stts22h_app.c ****  ******************************************************************************
   3:Drivers/Sensors/STTS22H/stts22h_app.c ****  * @file    stts22h_app.c
   4:Drivers/Sensors/STTS22H/stts22h_app.c ****  * @brief   STTS22H application helpers
   5:Drivers/Sensors/STTS22H/stts22h_app.c ****  ******************************************************************************
   6:Drivers/Sensors/STTS22H/stts22h_app.c ****  */
   7:Drivers/Sensors/STTS22H/stts22h_app.c **** 
   8:Drivers/Sensors/STTS22H/stts22h_app.c **** #include "stts22h_app.h"
   9:Drivers/Sensors/STTS22H/stts22h_app.c **** 
  10:Drivers/Sensors/STTS22H/stts22h_app.c **** static I2C_HandleTypeDef *stts22h_hi2c = NULL;
  11:Drivers/Sensors/STTS22H/stts22h_app.c **** 
  12:Drivers/Sensors/STTS22H/stts22h_app.c **** static int32_t STTS22H_I2C_Init(void)
  13:Drivers/Sensors/STTS22H/stts22h_app.c **** {
  29              		.loc 1 13 1 view -0
  30              		.cfi_startproc
  31              		@ args = 0, pretend = 0, frame = 0
  32              		@ frame_needed = 0, uses_anonymous_args = 0
  33              		@ link register save eliminated.
  14:Drivers/Sensors/STTS22H/stts22h_app.c ****   return STTS22H_OK;
  34              		.loc 1 14 3 view .LVU1
  15:Drivers/Sensors/STTS22H/stts22h_app.c **** }
  35              		.loc 1 15 1 is_stmt 0 view .LVU2
  36 0000 0020     		movs	r0, #0
  37 0002 7047     		bx	lr
  38              		.cfi_endproc
  39              	.LFE160:
  41              		.section	.text.STTS22H_I2C_DeInit,"ax",%progbits
  42              		.align	1
  43              		.syntax unified
  44              		.thumb
ARM GAS  /tmp/ccZyxn8b.s 			page 2


  45              		.thumb_func
  47              	STTS22H_I2C_DeInit:
  48              	.LFB161:
  16:Drivers/Sensors/STTS22H/stts22h_app.c **** 
  17:Drivers/Sensors/STTS22H/stts22h_app.c **** static int32_t STTS22H_I2C_DeInit(void)
  18:Drivers/Sensors/STTS22H/stts22h_app.c **** {
  49              		.loc 1 18 1 is_stmt 1 view -0
  50              		.cfi_startproc
  51              		@ args = 0, pretend = 0, frame = 0
  52              		@ frame_needed = 0, uses_anonymous_args = 0
  53              		@ link register save eliminated.
  19:Drivers/Sensors/STTS22H/stts22h_app.c ****   return STTS22H_OK;
  54              		.loc 1 19 3 view .LVU4
  20:Drivers/Sensors/STTS22H/stts22h_app.c **** }
  55              		.loc 1 20 1 is_stmt 0 view .LVU5
  56 0000 0020     		movs	r0, #0
  57 0002 7047     		bx	lr
  58              		.cfi_endproc
  59              	.LFE161:
  61              		.section	.text.STTS22H_I2C_Delay,"ax",%progbits
  62              		.align	1
  63              		.syntax unified
  64              		.thumb
  65              		.thumb_func
  67              	STTS22H_I2C_Delay:
  68              	.LVL0:
  69              	.LFB165:
  21:Drivers/Sensors/STTS22H/stts22h_app.c **** 
  22:Drivers/Sensors/STTS22H/stts22h_app.c **** static int32_t STTS22H_I2C_ReadReg(uint16_t DevAddr, uint16_t Reg, uint8_t *pData, uint16_t Length)
  23:Drivers/Sensors/STTS22H/stts22h_app.c **** {
  24:Drivers/Sensors/STTS22H/stts22h_app.c ****   return (HAL_I2C_Mem_Read(stts22h_hi2c, DevAddr, Reg, I2C_MEMADD_SIZE_8BIT, pData, Length, HAL_MAX
  25:Drivers/Sensors/STTS22H/stts22h_app.c ****            ? STTS22H_OK
  26:Drivers/Sensors/STTS22H/stts22h_app.c ****            : STTS22H_ERROR;
  27:Drivers/Sensors/STTS22H/stts22h_app.c **** }
  28:Drivers/Sensors/STTS22H/stts22h_app.c **** 
  29:Drivers/Sensors/STTS22H/stts22h_app.c **** static int32_t STTS22H_I2C_WriteReg(uint16_t DevAddr, uint16_t Reg, uint8_t *pData, uint16_t Length
  30:Drivers/Sensors/STTS22H/stts22h_app.c **** {
  31:Drivers/Sensors/STTS22H/stts22h_app.c ****   return (HAL_I2C_Mem_Write(stts22h_hi2c, DevAddr, Reg, I2C_MEMADD_SIZE_8BIT, pData, Length, HAL_MA
  32:Drivers/Sensors/STTS22H/stts22h_app.c ****            ? STTS22H_OK
  33:Drivers/Sensors/STTS22H/stts22h_app.c ****            : STTS22H_ERROR;
  34:Drivers/Sensors/STTS22H/stts22h_app.c **** }
  35:Drivers/Sensors/STTS22H/stts22h_app.c **** 
  36:Drivers/Sensors/STTS22H/stts22h_app.c **** static int32_t STTS22H_I2C_GetTick(void)
  37:Drivers/Sensors/STTS22H/stts22h_app.c **** {
  38:Drivers/Sensors/STTS22H/stts22h_app.c ****   return (int32_t)HAL_GetTick();
  39:Drivers/Sensors/STTS22H/stts22h_app.c **** }
  40:Drivers/Sensors/STTS22H/stts22h_app.c **** 
  41:Drivers/Sensors/STTS22H/stts22h_app.c **** static void STTS22H_I2C_Delay(uint32_t Delay)
  42:Drivers/Sensors/STTS22H/stts22h_app.c **** {
  70              		.loc 1 42 1 is_stmt 1 view -0
  71              		.cfi_startproc
  72              		@ args = 0, pretend = 0, frame = 0
  73              		@ frame_needed = 0, uses_anonymous_args = 0
  74              		.loc 1 42 1 is_stmt 0 view .LVU7
  75 0000 08B5     		push	{r3, lr}
  76              	.LCFI0:
  77              		.cfi_def_cfa_offset 8
ARM GAS  /tmp/ccZyxn8b.s 			page 3


  78              		.cfi_offset 3, -8
  79              		.cfi_offset 14, -4
  43:Drivers/Sensors/STTS22H/stts22h_app.c ****   HAL_Delay(Delay);
  80              		.loc 1 43 3 is_stmt 1 view .LVU8
  81 0002 FFF7FEFF 		bl	HAL_Delay
  82              	.LVL1:
  44:Drivers/Sensors/STTS22H/stts22h_app.c **** }
  83              		.loc 1 44 1 is_stmt 0 view .LVU9
  84 0006 08BD     		pop	{r3, pc}
  85              		.cfi_endproc
  86              	.LFE165:
  88              		.section	.text.STTS22H_I2C_GetTick,"ax",%progbits
  89              		.align	1
  90              		.syntax unified
  91              		.thumb
  92              		.thumb_func
  94              	STTS22H_I2C_GetTick:
  95              	.LFB164:
  37:Drivers/Sensors/STTS22H/stts22h_app.c ****   return (int32_t)HAL_GetTick();
  96              		.loc 1 37 1 is_stmt 1 view -0
  97              		.cfi_startproc
  98              		@ args = 0, pretend = 0, frame = 0
  99              		@ frame_needed = 0, uses_anonymous_args = 0
 100 0000 08B5     		push	{r3, lr}
 101              	.LCFI1:
 102              		.cfi_def_cfa_offset 8
 103              		.cfi_offset 3, -8
 104              		.cfi_offset 14, -4
  38:Drivers/Sensors/STTS22H/stts22h_app.c **** }
 105              		.loc 1 38 3 view .LVU11
  38:Drivers/Sensors/STTS22H/stts22h_app.c **** }
 106              		.loc 1 38 19 is_stmt 0 view .LVU12
 107 0002 FFF7FEFF 		bl	HAL_GetTick
 108              	.LVL2:
  39:Drivers/Sensors/STTS22H/stts22h_app.c **** 
 109              		.loc 1 39 1 view .LVU13
 110 0006 08BD     		pop	{r3, pc}
 111              		.cfi_endproc
 112              	.LFE164:
 114              		.section	.text.STTS22H_I2C_ReadReg,"ax",%progbits
 115              		.align	1
 116              		.syntax unified
 117              		.thumb
 118              		.thumb_func
 120              	STTS22H_I2C_ReadReg:
 121              	.LVL3:
 122              	.LFB162:
  23:Drivers/Sensors/STTS22H/stts22h_app.c ****   return (HAL_I2C_Mem_Read(stts22h_hi2c, DevAddr, Reg, I2C_MEMADD_SIZE_8BIT, pData, Length, HAL_MAX
 123              		.loc 1 23 1 is_stmt 1 view -0
 124              		.cfi_startproc
 125              		@ args = 0, pretend = 0, frame = 0
 126              		@ frame_needed = 0, uses_anonymous_args = 0
  23:Drivers/Sensors/STTS22H/stts22h_app.c ****   return (HAL_I2C_Mem_Read(stts22h_hi2c, DevAddr, Reg, I2C_MEMADD_SIZE_8BIT, pData, Length, HAL_MAX
 127              		.loc 1 23 1 is_stmt 0 view .LVU15
 128 0000 10B5     		push	{r4, lr}
 129              	.LCFI2:
 130              		.cfi_def_cfa_offset 8
ARM GAS  /tmp/ccZyxn8b.s 			page 4


 131              		.cfi_offset 4, -8
 132              		.cfi_offset 14, -4
 133 0002 84B0     		sub	sp, sp, #16
 134              	.LCFI3:
 135              		.cfi_def_cfa_offset 24
  24:Drivers/Sensors/STTS22H/stts22h_app.c ****            ? STTS22H_OK
 136              		.loc 1 24 3 is_stmt 1 view .LVU16
  24:Drivers/Sensors/STTS22H/stts22h_app.c ****            ? STTS22H_OK
 137              		.loc 1 24 11 is_stmt 0 view .LVU17
 138 0004 4FF0FF34 		mov	r4, #-1
 139 0008 0294     		str	r4, [sp, #8]
 140 000a 0193     		str	r3, [sp, #4]
 141 000c 0092     		str	r2, [sp]
 142 000e 0123     		movs	r3, #1
 143              	.LVL4:
  24:Drivers/Sensors/STTS22H/stts22h_app.c ****            ? STTS22H_OK
 144              		.loc 1 24 11 view .LVU18
 145 0010 0A46     		mov	r2, r1
 146              	.LVL5:
  24:Drivers/Sensors/STTS22H/stts22h_app.c ****            ? STTS22H_OK
 147              		.loc 1 24 11 view .LVU19
 148 0012 0146     		mov	r1, r0
 149              	.LVL6:
  24:Drivers/Sensors/STTS22H/stts22h_app.c ****            ? STTS22H_OK
 150              		.loc 1 24 11 view .LVU20
 151 0014 0448     		ldr	r0, .L12
 152              	.LVL7:
  24:Drivers/Sensors/STTS22H/stts22h_app.c ****            ? STTS22H_OK
 153              		.loc 1 24 11 view .LVU21
 154 0016 0068     		ldr	r0, [r0]
 155 0018 FFF7FEFF 		bl	HAL_I2C_Mem_Read
 156              	.LVL8:
  26:Drivers/Sensors/STTS22H/stts22h_app.c **** }
 157              		.loc 1 26 12 view .LVU22
 158 001c 08B9     		cbnz	r0, .L11
 159              	.L7:
  27:Drivers/Sensors/STTS22H/stts22h_app.c **** 
 160              		.loc 1 27 1 view .LVU23
 161 001e 04B0     		add	sp, sp, #16
 162              	.LCFI4:
 163              		.cfi_remember_state
 164              		.cfi_def_cfa_offset 8
 165              		@ sp needed
 166 0020 10BD     		pop	{r4, pc}
 167              	.L11:
 168              	.LCFI5:
 169              		.cfi_restore_state
  26:Drivers/Sensors/STTS22H/stts22h_app.c **** }
 170              		.loc 1 26 12 discriminator 2 view .LVU24
 171 0022 4FF0FF30 		mov	r0, #-1
  26:Drivers/Sensors/STTS22H/stts22h_app.c **** }
 172              		.loc 1 26 12 view .LVU25
 173 0026 FAE7     		b	.L7
 174              	.L13:
 175              		.align	2
 176              	.L12:
 177 0028 00000000 		.word	stts22h_hi2c
ARM GAS  /tmp/ccZyxn8b.s 			page 5


 178              		.cfi_endproc
 179              	.LFE162:
 181              		.section	.text.STTS22H_I2C_WriteReg,"ax",%progbits
 182              		.align	1
 183              		.syntax unified
 184              		.thumb
 185              		.thumb_func
 187              	STTS22H_I2C_WriteReg:
 188              	.LVL9:
 189              	.LFB163:
  30:Drivers/Sensors/STTS22H/stts22h_app.c ****   return (HAL_I2C_Mem_Write(stts22h_hi2c, DevAddr, Reg, I2C_MEMADD_SIZE_8BIT, pData, Length, HAL_MA
 190              		.loc 1 30 1 is_stmt 1 view -0
 191              		.cfi_startproc
 192              		@ args = 0, pretend = 0, frame = 0
 193              		@ frame_needed = 0, uses_anonymous_args = 0
  30:Drivers/Sensors/STTS22H/stts22h_app.c ****   return (HAL_I2C_Mem_Write(stts22h_hi2c, DevAddr, Reg, I2C_MEMADD_SIZE_8BIT, pData, Length, HAL_MA
 194              		.loc 1 30 1 is_stmt 0 view .LVU27
 195 0000 10B5     		push	{r4, lr}
 196              	.LCFI6:
 197              		.cfi_def_cfa_offset 8
 198              		.cfi_offset 4, -8
 199              		.cfi_offset 14, -4
 200 0002 84B0     		sub	sp, sp, #16
 201              	.LCFI7:
 202              		.cfi_def_cfa_offset 24
  31:Drivers/Sensors/STTS22H/stts22h_app.c ****            ? STTS22H_OK
 203              		.loc 1 31 3 is_stmt 1 view .LVU28
  31:Drivers/Sensors/STTS22H/stts22h_app.c ****            ? STTS22H_OK
 204              		.loc 1 31 11 is_stmt 0 view .LVU29
 205 0004 4FF0FF34 		mov	r4, #-1
 206 0008 0294     		str	r4, [sp, #8]
 207 000a 0193     		str	r3, [sp, #4]
 208 000c 0092     		str	r2, [sp]
 209 000e 0123     		movs	r3, #1
 210              	.LVL10:
  31:Drivers/Sensors/STTS22H/stts22h_app.c ****            ? STTS22H_OK
 211              		.loc 1 31 11 view .LVU30
 212 0010 0A46     		mov	r2, r1
 213              	.LVL11:
  31:Drivers/Sensors/STTS22H/stts22h_app.c ****            ? STTS22H_OK
 214              		.loc 1 31 11 view .LVU31
 215 0012 0146     		mov	r1, r0
 216              	.LVL12:
  31:Drivers/Sensors/STTS22H/stts22h_app.c ****            ? STTS22H_OK
 217              		.loc 1 31 11 view .LVU32
 218 0014 0448     		ldr	r0, .L19
 219              	.LVL13:
  31:Drivers/Sensors/STTS22H/stts22h_app.c ****            ? STTS22H_OK
 220              		.loc 1 31 11 view .LVU33
 221 0016 0068     		ldr	r0, [r0]
 222 0018 FFF7FEFF 		bl	HAL_I2C_Mem_Write
 223              	.LVL14:
  33:Drivers/Sensors/STTS22H/stts22h_app.c **** }
 224              		.loc 1 33 12 view .LVU34
 225 001c 08B9     		cbnz	r0, .L18
 226              	.L14:
  34:Drivers/Sensors/STTS22H/stts22h_app.c **** 
ARM GAS  /tmp/ccZyxn8b.s 			page 6


 227              		.loc 1 34 1 view .LVU35
 228 001e 04B0     		add	sp, sp, #16
 229              	.LCFI8:
 230              		.cfi_remember_state
 231              		.cfi_def_cfa_offset 8
 232              		@ sp needed
 233 0020 10BD     		pop	{r4, pc}
 234              	.L18:
 235              	.LCFI9:
 236              		.cfi_restore_state
  33:Drivers/Sensors/STTS22H/stts22h_app.c **** }
 237              		.loc 1 33 12 discriminator 2 view .LVU36
 238 0022 4FF0FF30 		mov	r0, #-1
  33:Drivers/Sensors/STTS22H/stts22h_app.c **** }
 239              		.loc 1 33 12 view .LVU37
 240 0026 FAE7     		b	.L14
 241              	.L20:
 242              		.align	2
 243              	.L19:
 244 0028 00000000 		.word	stts22h_hi2c
 245              		.cfi_endproc
 246              	.LFE163:
 248              		.section	.text.STTS22H_App_Init,"ax",%progbits
 249              		.align	1
 250              		.global	STTS22H_App_Init
 251              		.syntax unified
 252              		.thumb
 253              		.thumb_func
 255              	STTS22H_App_Init:
 256              	.LVL15:
 257              	.LFB166:
  45:Drivers/Sensors/STTS22H/stts22h_app.c **** 
  46:Drivers/Sensors/STTS22H/stts22h_app.c **** int32_t STTS22H_App_Init(STTS22H_Object_t *pObj, I2C_HandleTypeDef *hi2c)
  47:Drivers/Sensors/STTS22H/stts22h_app.c **** {
 258              		.loc 1 47 1 is_stmt 1 view -0
 259              		.cfi_startproc
 260              		@ args = 0, pretend = 0, frame = 32
 261              		@ frame_needed = 0, uses_anonymous_args = 0
 262              		.loc 1 47 1 is_stmt 0 view .LVU39
 263 0000 30B5     		push	{r4, r5, lr}
 264              	.LCFI10:
 265              		.cfi_def_cfa_offset 12
 266              		.cfi_offset 4, -12
 267              		.cfi_offset 5, -8
 268              		.cfi_offset 14, -4
 269 0002 89B0     		sub	sp, sp, #36
 270              	.LCFI11:
 271              		.cfi_def_cfa_offset 48
 272 0004 0446     		mov	r4, r0
 273 0006 0D46     		mov	r5, r1
  48:Drivers/Sensors/STTS22H/stts22h_app.c ****   STTS22H_IO_t stts22h_io = {0};
 274              		.loc 1 48 3 is_stmt 1 view .LVU40
 275              		.loc 1 48 16 is_stmt 0 view .LVU41
 276 0008 2022     		movs	r2, #32
 277 000a 0021     		movs	r1, #0
 278              	.LVL16:
 279              		.loc 1 48 16 view .LVU42
ARM GAS  /tmp/ccZyxn8b.s 			page 7


 280 000c 6846     		mov	r0, sp
 281              	.LVL17:
 282              		.loc 1 48 16 view .LVU43
 283 000e FFF7FEFF 		bl	memset
 284              	.LVL18:
  49:Drivers/Sensors/STTS22H/stts22h_app.c **** 
  50:Drivers/Sensors/STTS22H/stts22h_app.c ****   if ((pObj == NULL) || (hi2c == NULL))
 285              		.loc 1 50 3 is_stmt 1 view .LVU44
 286              		.loc 1 50 6 is_stmt 0 view .LVU45
 287 0012 74B3     		cbz	r4, .L25
 288              		.loc 1 50 22 discriminator 1 view .LVU46
 289 0014 85B3     		cbz	r5, .L26
  51:Drivers/Sensors/STTS22H/stts22h_app.c ****   {
  52:Drivers/Sensors/STTS22H/stts22h_app.c ****     return STTS22H_ERROR;
  53:Drivers/Sensors/STTS22H/stts22h_app.c ****   }
  54:Drivers/Sensors/STTS22H/stts22h_app.c **** 
  55:Drivers/Sensors/STTS22H/stts22h_app.c ****   stts22h_hi2c = hi2c;
 290              		.loc 1 55 3 is_stmt 1 view .LVU47
 291              		.loc 1 55 16 is_stmt 0 view .LVU48
 292 0016 1A4B     		ldr	r3, .L28
 293 0018 1D60     		str	r5, [r3]
  56:Drivers/Sensors/STTS22H/stts22h_app.c **** 
  57:Drivers/Sensors/STTS22H/stts22h_app.c ****   stts22h_io.Init = STTS22H_I2C_Init;
 294              		.loc 1 57 3 is_stmt 1 view .LVU49
 295              		.loc 1 57 19 is_stmt 0 view .LVU50
 296 001a 1A4B     		ldr	r3, .L28+4
 297 001c 0093     		str	r3, [sp]
  58:Drivers/Sensors/STTS22H/stts22h_app.c ****   stts22h_io.DeInit = STTS22H_I2C_DeInit;
 298              		.loc 1 58 3 is_stmt 1 view .LVU51
 299              		.loc 1 58 21 is_stmt 0 view .LVU52
 300 001e 1A4B     		ldr	r3, .L28+8
 301 0020 0193     		str	r3, [sp, #4]
  59:Drivers/Sensors/STTS22H/stts22h_app.c ****   stts22h_io.BusType = STTS22H_I2C_BUS;
 302              		.loc 1 59 3 is_stmt 1 view .LVU53
  60:Drivers/Sensors/STTS22H/stts22h_app.c ****   stts22h_io.Address = STTS22H_I2C_ADD_H & 0xFEU;
 303              		.loc 1 60 3 view .LVU54
 304              		.loc 1 60 22 is_stmt 0 view .LVU55
 305 0022 7023     		movs	r3, #112
 306 0024 8DF80C30 		strb	r3, [sp, #12]
  61:Drivers/Sensors/STTS22H/stts22h_app.c ****   stts22h_io.WriteReg = STTS22H_I2C_WriteReg;
 307              		.loc 1 61 3 is_stmt 1 view .LVU56
 308              		.loc 1 61 23 is_stmt 0 view .LVU57
 309 0028 184B     		ldr	r3, .L28+12
 310 002a 0493     		str	r3, [sp, #16]
  62:Drivers/Sensors/STTS22H/stts22h_app.c ****   stts22h_io.ReadReg = STTS22H_I2C_ReadReg;
 311              		.loc 1 62 3 is_stmt 1 view .LVU58
 312              		.loc 1 62 22 is_stmt 0 view .LVU59
 313 002c 184B     		ldr	r3, .L28+16
 314 002e 0593     		str	r3, [sp, #20]
  63:Drivers/Sensors/STTS22H/stts22h_app.c ****   stts22h_io.GetTick = STTS22H_I2C_GetTick;
 315              		.loc 1 63 3 is_stmt 1 view .LVU60
 316              		.loc 1 63 22 is_stmt 0 view .LVU61
 317 0030 184B     		ldr	r3, .L28+20
 318 0032 0693     		str	r3, [sp, #24]
  64:Drivers/Sensors/STTS22H/stts22h_app.c ****   stts22h_io.Delay = STTS22H_I2C_Delay;
 319              		.loc 1 64 3 is_stmt 1 view .LVU62
 320              		.loc 1 64 20 is_stmt 0 view .LVU63
ARM GAS  /tmp/ccZyxn8b.s 			page 8


 321 0034 184B     		ldr	r3, .L28+24
 322 0036 0793     		str	r3, [sp, #28]
  65:Drivers/Sensors/STTS22H/stts22h_app.c **** 
  66:Drivers/Sensors/STTS22H/stts22h_app.c ****   if ((STTS22H_RegisterBusIO(pObj, &stts22h_io) != STTS22H_OK) ||
 323              		.loc 1 66 3 is_stmt 1 view .LVU64
 324              		.loc 1 66 8 is_stmt 0 view .LVU65
 325 0038 6946     		mov	r1, sp
 326 003a 2046     		mov	r0, r4
 327 003c FFF7FEFF 		bl	STTS22H_RegisterBusIO
 328              	.LVL19:
 329              		.loc 1 66 6 discriminator 1 view .LVU66
 330 0040 A0B9     		cbnz	r0, .L23
  67:Drivers/Sensors/STTS22H/stts22h_app.c ****       (STTS22H_Init(pObj) != STTS22H_OK) ||
 331              		.loc 1 67 8 view .LVU67
 332 0042 2046     		mov	r0, r4
 333 0044 FFF7FEFF 		bl	STTS22H_Init
 334              	.LVL20:
  66:Drivers/Sensors/STTS22H/stts22h_app.c ****       (STTS22H_Init(pObj) != STTS22H_OK) ||
 335              		.loc 1 66 64 discriminator 1 view .LVU68
 336 0048 80B9     		cbnz	r0, .L23
  68:Drivers/Sensors/STTS22H/stts22h_app.c ****       (STTS22H_TEMP_Enable(pObj) != STTS22H_OK) ||
 337              		.loc 1 68 8 view .LVU69
 338 004a 2046     		mov	r0, r4
 339 004c FFF7FEFF 		bl	STTS22H_TEMP_Enable
 340              	.LVL21:
  67:Drivers/Sensors/STTS22H/stts22h_app.c ****       (STTS22H_Init(pObj) != STTS22H_OK) ||
 341              		.loc 1 67 42 view .LVU70
 342 0050 60B9     		cbnz	r0, .L23
  69:Drivers/Sensors/STTS22H/stts22h_app.c ****       (STTS22H_TEMP_SetOutputDataRate(pObj, 25.0f) != STTS22H_OK))
 343              		.loc 1 69 8 view .LVU71
 344 0052 B3EE090A 		vmov.f32	s0, #2.5e+1
 345 0056 2046     		mov	r0, r4
 346 0058 FFF7FEFF 		bl	STTS22H_TEMP_SetOutputDataRate
 347              	.LVL22:
  68:Drivers/Sensors/STTS22H/stts22h_app.c ****       (STTS22H_TEMP_Enable(pObj) != STTS22H_OK) ||
 348              		.loc 1 68 49 view .LVU72
 349 005c 0446     		mov	r4, r0
 350              	.LVL23:
  68:Drivers/Sensors/STTS22H/stts22h_app.c ****       (STTS22H_TEMP_Enable(pObj) != STTS22H_OK) ||
 351              		.loc 1 68 49 view .LVU73
 352 005e 28B9     		cbnz	r0, .L23
  70:Drivers/Sensors/STTS22H/stts22h_app.c ****   {
  71:Drivers/Sensors/STTS22H/stts22h_app.c ****     return STTS22H_ERROR;
  72:Drivers/Sensors/STTS22H/stts22h_app.c ****   }
  73:Drivers/Sensors/STTS22H/stts22h_app.c **** 
  74:Drivers/Sensors/STTS22H/stts22h_app.c ****   HAL_Delay(100);
 353              		.loc 1 74 3 is_stmt 1 view .LVU74
 354 0060 6420     		movs	r0, #100
 355 0062 FFF7FEFF 		bl	HAL_Delay
 356              	.LVL24:
  75:Drivers/Sensors/STTS22H/stts22h_app.c **** 
  76:Drivers/Sensors/STTS22H/stts22h_app.c ****   return STTS22H_OK;
 357              		.loc 1 76 3 view .LVU75
 358              	.L21:
  77:Drivers/Sensors/STTS22H/stts22h_app.c **** }
 359              		.loc 1 77 1 is_stmt 0 view .LVU76
 360 0066 2046     		mov	r0, r4
ARM GAS  /tmp/ccZyxn8b.s 			page 9


 361 0068 09B0     		add	sp, sp, #36
 362              	.LCFI12:
 363              		.cfi_remember_state
 364              		.cfi_def_cfa_offset 12
 365              		@ sp needed
 366 006a 30BD     		pop	{r4, r5, pc}
 367              	.LVL25:
 368              	.L23:
 369              	.LCFI13:
 370              		.cfi_restore_state
  71:Drivers/Sensors/STTS22H/stts22h_app.c ****   }
 371              		.loc 1 71 5 is_stmt 1 view .LVU77
  71:Drivers/Sensors/STTS22H/stts22h_app.c ****   }
 372              		.loc 1 71 12 is_stmt 0 view .LVU78
 373 006c 4FF0FF34 		mov	r4, #-1
 374 0070 F9E7     		b	.L21
 375              	.LVL26:
 376              	.L25:
  52:Drivers/Sensors/STTS22H/stts22h_app.c ****   }
 377              		.loc 1 52 12 view .LVU79
 378 0072 4FF0FF34 		mov	r4, #-1
 379              	.LVL27:
  52:Drivers/Sensors/STTS22H/stts22h_app.c ****   }
 380              		.loc 1 52 12 view .LVU80
 381 0076 F6E7     		b	.L21
 382              	.LVL28:
 383              	.L26:
  52:Drivers/Sensors/STTS22H/stts22h_app.c ****   }
 384              		.loc 1 52 12 view .LVU81
 385 0078 4FF0FF34 		mov	r4, #-1
 386              	.LVL29:
  52:Drivers/Sensors/STTS22H/stts22h_app.c ****   }
 387              		.loc 1 52 12 view .LVU82
 388 007c F3E7     		b	.L21
 389              	.L29:
 390 007e 00BF     		.align	2
 391              	.L28:
 392 0080 00000000 		.word	stts22h_hi2c
 393 0084 00000000 		.word	STTS22H_I2C_Init
 394 0088 00000000 		.word	STTS22H_I2C_DeInit
 395 008c 00000000 		.word	STTS22H_I2C_WriteReg
 396 0090 00000000 		.word	STTS22H_I2C_ReadReg
 397 0094 00000000 		.word	STTS22H_I2C_GetTick
 398 0098 00000000 		.word	STTS22H_I2C_Delay
 399              		.cfi_endproc
 400              	.LFE166:
 402              		.section	.text.STTS22H_App_ReadTemperature,"ax",%progbits
 403              		.align	1
 404              		.global	STTS22H_App_ReadTemperature
 405              		.syntax unified
 406              		.thumb
 407              		.thumb_func
 409              	STTS22H_App_ReadTemperature:
 410              	.LVL30:
 411              	.LFB167:
  78:Drivers/Sensors/STTS22H/stts22h_app.c **** 
  79:Drivers/Sensors/STTS22H/stts22h_app.c **** int32_t STTS22H_App_ReadTemperature(STTS22H_Object_t *pObj, float *temperature)
ARM GAS  /tmp/ccZyxn8b.s 			page 10


  80:Drivers/Sensors/STTS22H/stts22h_app.c **** {
 412              		.loc 1 80 1 is_stmt 1 view -0
 413              		.cfi_startproc
 414              		@ args = 0, pretend = 0, frame = 0
 415              		@ frame_needed = 0, uses_anonymous_args = 0
  81:Drivers/Sensors/STTS22H/stts22h_app.c ****   if ((pObj == NULL) || (temperature == NULL))
 416              		.loc 1 81 3 view .LVU84
 417              		.loc 1 81 6 is_stmt 0 view .LVU85
 418 0000 20B1     		cbz	r0, .L32
  80:Drivers/Sensors/STTS22H/stts22h_app.c ****   if ((pObj == NULL) || (temperature == NULL))
 419              		.loc 1 80 1 view .LVU86
 420 0002 08B5     		push	{r3, lr}
 421              	.LCFI14:
 422              		.cfi_def_cfa_offset 8
 423              		.cfi_offset 3, -8
 424              		.cfi_offset 14, -4
 425              		.loc 1 81 22 discriminator 1 view .LVU87
 426 0004 29B1     		cbz	r1, .L33
  82:Drivers/Sensors/STTS22H/stts22h_app.c ****   {
  83:Drivers/Sensors/STTS22H/stts22h_app.c ****     return STTS22H_ERROR;
  84:Drivers/Sensors/STTS22H/stts22h_app.c ****   }
  85:Drivers/Sensors/STTS22H/stts22h_app.c **** 
  86:Drivers/Sensors/STTS22H/stts22h_app.c ****   return STTS22H_TEMP_GetTemperature(pObj, temperature);
 427              		.loc 1 86 3 is_stmt 1 view .LVU88
 428              		.loc 1 86 10 is_stmt 0 view .LVU89
 429 0006 FFF7FEFF 		bl	STTS22H_TEMP_GetTemperature
 430              	.LVL31:
 431              	.L30:
  87:Drivers/Sensors/STTS22H/stts22h_app.c **** }
 432              		.loc 1 87 1 view .LVU90
 433 000a 08BD     		pop	{r3, pc}
 434              	.LVL32:
 435              	.L32:
 436              	.LCFI15:
 437              		.cfi_def_cfa_offset 0
 438              		.cfi_restore 3
 439              		.cfi_restore 14
  83:Drivers/Sensors/STTS22H/stts22h_app.c ****   }
 440              		.loc 1 83 12 view .LVU91
 441 000c 4FF0FF30 		mov	r0, #-1
 442              	.LVL33:
 443              		.loc 1 87 1 view .LVU92
 444 0010 7047     		bx	lr
 445              	.LVL34:
 446              	.L33:
 447              	.LCFI16:
 448              		.cfi_def_cfa_offset 8
 449              		.cfi_offset 3, -8
 450              		.cfi_offset 14, -4
  83:Drivers/Sensors/STTS22H/stts22h_app.c ****   }
 451              		.loc 1 83 12 view .LVU93
 452 0012 4FF0FF30 		mov	r0, #-1
 453              	.LVL35:
  83:Drivers/Sensors/STTS22H/stts22h_app.c ****   }
 454              		.loc 1 83 12 view .LVU94
 455 0016 F8E7     		b	.L30
 456              		.cfi_endproc
ARM GAS  /tmp/ccZyxn8b.s 			page 11


 457              	.LFE167:
 459              		.section	.rodata.Temperature_Init.str1.4,"aMS",%progbits,1
 460              		.align	2
 461              	.LC0:
 462 0000 4661696C 		.ascii	"Failed to initialize STTS22H sensor\015\000"
 462      65642074 
 462      6F20696E 
 462      69746961 
 462      6C697A65 
 463 0025 000000   		.align	2
 464              	.LC1:
 465 0028 53545453 		.ascii	"STTS22H sensor initialized successfully\015\000"
 465      32324820 
 465      73656E73 
 465      6F722069 
 465      6E697469 
 466              		.section	.text.Temperature_Init,"ax",%progbits
 467              		.align	1
 468              		.global	Temperature_Init
 469              		.syntax unified
 470              		.thumb
 471              		.thumb_func
 473              	Temperature_Init:
 474              	.LVL36:
 475              	.LFB168:
  88:Drivers/Sensors/STTS22H/stts22h_app.c **** 
  89:Drivers/Sensors/STTS22H/stts22h_app.c **** 
  90:Drivers/Sensors/STTS22H/stts22h_app.c **** void Temperature_Init(STTS22H_Object_t* stts22h_obj) {
 476              		.loc 1 90 54 is_stmt 1 view -0
 477              		.cfi_startproc
 478              		@ args = 0, pretend = 0, frame = 0
 479              		@ frame_needed = 0, uses_anonymous_args = 0
 480              		.loc 1 90 54 is_stmt 0 view .LVU96
 481 0000 08B5     		push	{r3, lr}
 482              	.LCFI17:
 483              		.cfi_def_cfa_offset 8
 484              		.cfi_offset 3, -8
 485              		.cfi_offset 14, -4
  91:Drivers/Sensors/STTS22H/stts22h_app.c **** 
  92:Drivers/Sensors/STTS22H/stts22h_app.c ****     if (STTS22H_App_Init(stts22h_obj, &hi2c1) != STTS22H_OK)
 486              		.loc 1 92 5 is_stmt 1 view .LVU97
 487              		.loc 1 92 9 is_stmt 0 view .LVU98
 488 0002 0649     		ldr	r1, .L42
 489 0004 FFF7FEFF 		bl	STTS22H_App_Init
 490              	.LVL37:
 491              		.loc 1 92 8 discriminator 1 view .LVU99
 492 0008 18B1     		cbz	r0, .L39
  93:Drivers/Sensors/STTS22H/stts22h_app.c ****     {
  94:Drivers/Sensors/STTS22H/stts22h_app.c ****         printf("Failed to initialize STTS22H sensor\r\n");
 493              		.loc 1 94 9 is_stmt 1 view .LVU100
 494 000a 0548     		ldr	r0, .L42+4
 495 000c FFF7FEFF 		bl	puts
 496              	.LVL38:
 497              	.L38:
  95:Drivers/Sensors/STTS22H/stts22h_app.c ****     }
  96:Drivers/Sensors/STTS22H/stts22h_app.c ****     else
  97:Drivers/Sensors/STTS22H/stts22h_app.c ****     {
ARM GAS  /tmp/ccZyxn8b.s 			page 12


  98:Drivers/Sensors/STTS22H/stts22h_app.c ****         printf("STTS22H sensor initialized successfully\r\n");
  99:Drivers/Sensors/STTS22H/stts22h_app.c ****     }
 100:Drivers/Sensors/STTS22H/stts22h_app.c **** }
 498              		.loc 1 100 1 is_stmt 0 view .LVU101
 499 0010 08BD     		pop	{r3, pc}
 500              	.L39:
  98:Drivers/Sensors/STTS22H/stts22h_app.c ****     }
 501              		.loc 1 98 9 is_stmt 1 view .LVU102
 502 0012 0448     		ldr	r0, .L42+8
 503 0014 FFF7FEFF 		bl	puts
 504              	.LVL39:
 505              		.loc 1 100 1 is_stmt 0 view .LVU103
 506 0018 FAE7     		b	.L38
 507              	.L43:
 508 001a 00BF     		.align	2
 509              	.L42:
 510 001c 00000000 		.word	hi2c1
 511 0020 00000000 		.word	.LC0
 512 0024 28000000 		.word	.LC1
 513              		.cfi_endproc
 514              	.LFE168:
 516              		.section	.rodata.Temperature_Read.str1.4,"aMS",%progbits,1
 517              		.align	2
 518              	.LC2:
 519 0000 4661696C 		.ascii	"Failed to read temperature from STTS22H sensor\015\000"
 519      65642074 
 519      6F207265 
 519      61642074 
 519      656D7065 
 520              		.section	.text.Temperature_Read,"ax",%progbits
 521              		.align	1
 522              		.global	Temperature_Read
 523              		.syntax unified
 524              		.thumb
 525              		.thumb_func
 527              	Temperature_Read:
 528              	.LVL40:
 529              	.LFB169:
 101:Drivers/Sensors/STTS22H/stts22h_app.c **** 
 102:Drivers/Sensors/STTS22H/stts22h_app.c **** 
 103:Drivers/Sensors/STTS22H/stts22h_app.c **** void Temperature_Read(STTS22H_Object_t* stts22h_obj, float* temperature) {
 530              		.loc 1 103 74 is_stmt 1 view -0
 531              		.cfi_startproc
 532              		@ args = 0, pretend = 0, frame = 0
 533              		@ frame_needed = 0, uses_anonymous_args = 0
 534              		.loc 1 103 74 is_stmt 0 view .LVU105
 535 0000 08B5     		push	{r3, lr}
 536              	.LCFI18:
 537              		.cfi_def_cfa_offset 8
 538              		.cfi_offset 3, -8
 539              		.cfi_offset 14, -4
 104:Drivers/Sensors/STTS22H/stts22h_app.c ****     if (STTS22H_App_ReadTemperature(stts22h_obj, temperature) == STTS22H_OK)
 540              		.loc 1 104 5 is_stmt 1 view .LVU106
 541              		.loc 1 104 9 is_stmt 0 view .LVU107
 542 0002 FFF7FEFF 		bl	STTS22H_App_ReadTemperature
 543              	.LVL41:
 544              		.loc 1 104 8 discriminator 1 view .LVU108
ARM GAS  /tmp/ccZyxn8b.s 			page 13


 545 0006 00B9     		cbnz	r0, .L47
 546              	.L44:
 105:Drivers/Sensors/STTS22H/stts22h_app.c ****     {
 106:Drivers/Sensors/STTS22H/stts22h_app.c ****         //printf("Temperature: %.2f °C\r\n", *temperature);
 107:Drivers/Sensors/STTS22H/stts22h_app.c ****     }
 108:Drivers/Sensors/STTS22H/stts22h_app.c ****     else
 109:Drivers/Sensors/STTS22H/stts22h_app.c ****     {
 110:Drivers/Sensors/STTS22H/stts22h_app.c ****         printf("Failed to read temperature from STTS22H sensor\r\n");
 111:Drivers/Sensors/STTS22H/stts22h_app.c ****     }
 112:Drivers/Sensors/STTS22H/stts22h_app.c **** }...
 547              		.loc 1 112 1 view .LVU109
 548 0008 08BD     		pop	{r3, pc}
 549              	.L47:
 110:Drivers/Sensors/STTS22H/stts22h_app.c ****         printf("Failed to read temperature from STTS22H sensor\r\n");
 550              		.loc 1 110 9 is_stmt 1 view .LVU110
 551 000a 0248     		ldr	r0, .L48
 552 000c FFF7FEFF 		bl	puts
 553              	.LVL42:
 554              		.loc 1 112 1 is_stmt 0 view .LVU111
 555 0010 FAE7     		b	.L44
 556              	.L49:
 557 0012 00BF     		.align	2
 558              	.L48:
 559 0014 00000000 		.word	.LC2
 560              		.cfi_endproc
 561              	.LFE169:
 563              		.section	.bss.stts22h_hi2c,"aw",%nobits
 564              		.align	2
 567              	stts22h_hi2c:
 568 0000 00000000 		.space	4
 569              		.text
 570              	.Letext0:
 571              		.file 2 "/opt/st/stm32cubeclt_1.20.0/GNU-tools-for-STM32/arm-none-eabi/include/machine/_default_ty
 572              		.file 3 "/opt/st/stm32cubeclt_1.20.0/GNU-tools-for-STM32/arm-none-eabi/include/sys/_stdint.h"
 573              		.file 4 "Drivers/CMSIS/Device/ST/STM32U5xx/Include/stm32u545xx.h"
 574              		.file 5 "Drivers/STM32U5xx_HAL_Driver/Inc/stm32u5xx_hal_def.h"
 575              		.file 6 "Drivers/STM32U5xx_HAL_Driver/Inc/stm32u5xx_hal_dma.h"
 576              		.file 7 "Drivers/STM32U5xx_HAL_Driver/Inc/stm32u5xx_hal_dma_ex.h"
 577              		.file 8 "Drivers/STM32U5xx_HAL_Driver/Inc/stm32u5xx_hal_i2c.h"
 578              		.file 9 "Drivers/Sensors/STTS22H/stts22h_reg.h"
 579              		.file 10 "Drivers/Sensors/STTS22H/stts22h.h"
 580              		.file 11 "<built-in>"
 581              		.file 12 "Drivers/Sensors/STTS22H/stts22h_app.h"
 582              		.file 13 "Drivers/STM32U5xx_HAL_Driver/Inc/stm32u5xx_hal.h"
ARM GAS  /tmp/ccZyxn8b.s 			page 14


DEFINED SYMBOLS
                            *ABS*:00000000 stts22h_app.c
     /tmp/ccZyxn8b.s:22     .text.STTS22H_I2C_Init:00000000 $t
     /tmp/ccZyxn8b.s:27     .text.STTS22H_I2C_Init:00000000 STTS22H_I2C_Init
     /tmp/ccZyxn8b.s:42     .text.STTS22H_I2C_DeInit:00000000 $t
     /tmp/ccZyxn8b.s:47     .text.STTS22H_I2C_DeInit:00000000 STTS22H_I2C_DeInit
     /tmp/ccZyxn8b.s:62     .text.STTS22H_I2C_Delay:00000000 $t
     /tmp/ccZyxn8b.s:67     .text.STTS22H_I2C_Delay:00000000 STTS22H_I2C_Delay
     /tmp/ccZyxn8b.s:89     .text.STTS22H_I2C_GetTick:00000000 $t
     /tmp/ccZyxn8b.s:94     .text.STTS22H_I2C_GetTick:00000000 STTS22H_I2C_GetTick
     /tmp/ccZyxn8b.s:115    .text.STTS22H_I2C_ReadReg:00000000 $t
     /tmp/ccZyxn8b.s:120    .text.STTS22H_I2C_ReadReg:00000000 STTS22H_I2C_ReadReg
     /tmp/ccZyxn8b.s:177    .text.STTS22H_I2C_ReadReg:00000028 $d
     /tmp/ccZyxn8b.s:567    .bss.stts22h_hi2c:00000000 stts22h_hi2c
     /tmp/ccZyxn8b.s:182    .text.STTS22H_I2C_WriteReg:00000000 $t
     /tmp/ccZyxn8b.s:187    .text.STTS22H_I2C_WriteReg:00000000 STTS22H_I2C_WriteReg
     /tmp/ccZyxn8b.s:244    .text.STTS22H_I2C_WriteReg:00000028 $d
     /tmp/ccZyxn8b.s:249    .text.STTS22H_App_Init:00000000 $t
     /tmp/ccZyxn8b.s:255    .text.STTS22H_App_Init:00000000 STTS22H_App_Init
     /tmp/ccZyxn8b.s:392    .text.STTS22H_App_Init:00000080 $d
     /tmp/ccZyxn8b.s:403    .text.STTS22H_App_ReadTemperature:00000000 $t
     /tmp/ccZyxn8b.s:409    .text.STTS22H_App_ReadTemperature:00000000 STTS22H_App_ReadTemperature
     /tmp/ccZyxn8b.s:460    .rodata.Temperature_Init.str1.4:00000000 $d
     /tmp/ccZyxn8b.s:467    .text.Temperature_Init:00000000 $t
     /tmp/ccZyxn8b.s:473    .text.Temperature_Init:00000000 Temperature_Init
     /tmp/ccZyxn8b.s:510    .text.Temperature_Init:0000001c $d
     /tmp/ccZyxn8b.s:517    .rodata.Temperature_Read.str1.4:00000000 $d
     /tmp/ccZyxn8b.s:521    .text.Temperature_Read:00000000 $t
     /tmp/ccZyxn8b.s:527    .text.Temperature_Read:00000000 Temperature_Read
     /tmp/ccZyxn8b.s:559    .text.Temperature_Read:00000014 $d
     /tmp/ccZyxn8b.s:564    .bss.stts22h_hi2c:00000000 $d

UNDEFINED SYMBOLS
HAL_Delay
HAL_GetTick
HAL_I2C_Mem_Read
HAL_I2C_Mem_Write
memset
STTS22H_RegisterBusIO
STTS22H_Init
STTS22H_TEMP_Enable
STTS22H_TEMP_SetOutputDataRate
STTS22H_TEMP_GetTemperature
puts
hi2c1
