Archive member included to satisfy reference by file (symbol)

Middlewares/ST/AI/Lib/NetworkRuntime1020_CM33_GCC.a(ai_platform.o)
                              build/network.o (ai_buffer_array_item_set_address)
Middlewares/ST/AI/Lib/NetworkRuntime1020_CM33_GCC.a(ai_platform_interface.o)
                              build/network.o (ai_platform_get_weights_map)
Middlewares/ST/AI/Lib/NetworkRuntime1020_CM33_GCC.a(core_common.o)
                              Middlewares/ST/AI/Lib/NetworkRuntime1020_CM33_GCC.a(ai_platform_interface.o) (core_init)
Middlewares/ST/AI/Lib/NetworkRuntime1020_CM33_GCC.a(core_mem_manager.o)
                              Middlewares/ST/AI/Lib/NetworkRuntime1020_CM33_GCC.a(ai_platform_interface.o) (core_mem_alloc)
Middlewares/ST/AI/Lib/NetworkRuntime1020_CM33_GCC.a(layers.o)
                              Middlewares/ST/AI/Lib/NetworkRuntime1020_CM33_GCC.a(ai_platform_interface.o) (ai_check_custom_types)
Middlewares/ST/AI/Lib/NetworkRuntime1020_CM33_GCC.a(layers_conv2d_generic_float.o)
                              build/network.o (forward_dense)
Middlewares/ST/AI/Lib/NetworkRuntime1020_CM33_GCC.a(layers_nl_generic_float.o)
                              build/network.o (forward_relu)
Middlewares/ST/AI/Lib/NetworkRuntime1020_CM33_GCC.a(layers_conv2d_integer_scratch.o)
                              Middlewares/ST/AI/Lib/NetworkRuntime1020_CM33_GCC.a(layers.o) (get_dense_scratch_size_s8)
Middlewares/ST/AI/Lib/NetworkRuntime1020_CM33_GCC.a(forward_lite_conv2d_if32of32wf32.o)
                              Middlewares/ST/AI/Lib/NetworkRuntime1020_CM33_GCC.a(layers_conv2d_generic_float.o) (forward_lite_conv2d_if32of32wf32)
Middlewares/ST/AI/Lib/NetworkRuntime1020_CM33_GCC.a(lite_nl_softmax_if32of32.o)
                              Middlewares/ST/AI/Lib/NetworkRuntime1020_CM33_GCC.a(layers_nl_generic_float.o) (forward_lite_nl_softmax_if32of32_kernel)
Middlewares/ST/AI/Lib/NetworkRuntime1020_CM33_GCC.a(lite_nl_relu_if32of32.o)
                              Middlewares/ST/AI/Lib/NetworkRuntime1020_CM33_GCC.a(layers_nl_generic_float.o) (forward_lite_nl_prelu_if32of32_kernel)
Middlewares/ST/AI/Lib/NetworkRuntime1020_CM33_GCC.a(lite_dense_if32.o)
                              Middlewares/ST/AI/Lib/NetworkRuntime1020_CM33_GCC.a(layers_conv2d_generic_float.o) (lite_decompress_ilutof32)
Middlewares/ST/AI/Lib/NetworkRuntime1020_CM33_GCC.a(lite_nl_generic_float.o)
                              Middlewares/ST/AI/Lib/NetworkRuntime1020_CM33_GCC.a(layers_nl_generic_float.o) (forward_lite_nl_softmax_if32of32)
Middlewares/ST/AI/Lib/NetworkRuntime1020_CM33_GCC.a(st_int8_fill.o)
                              Middlewares/ST/AI/Lib/NetworkRuntime1020_CM33_GCC.a(ai_platform_interface.o) (st_int8_copy)
Middlewares/ST/AI/Lib/NetworkRuntime1020_CM33_GCC.a(ai_math_helpers.o)
                              Middlewares/ST/AI/Lib/NetworkRuntime1020_CM33_GCC.a(layers_nl_generic_float.o) (ai_math_sqrt)
Middlewares/ST/AI/Lib/NetworkRuntime1020_CM33_GCC.a(ai_datatypes_format.o)
                              Middlewares/ST/AI/Lib/NetworkRuntime1020_CM33_GCC.a(ai_platform_interface.o) (ai_array_to_buffer_fmt)
Middlewares/ST/AI/Lib/NetworkRuntime1020_CM33_GCC.a(ai_datatypes_internal.o)
                              Middlewares/ST/AI/Lib/NetworkRuntime1020_CM33_GCC.a(ai_platform_interface.o) (ai_version_get)
Middlewares/ST/AI/Lib/NetworkRuntime1020_CM33_GCC.a(ai_math_elementwise_mul_int8.o)
                              Middlewares/ST/AI/Lib/NetworkRuntime1020_CM33_GCC.a(ai_math_helpers.o) (ai_math_elementwise_mul_int8)
Middlewares/ST/AI/Lib/NetworkRuntime1020_CM33_GCC.a(ai_math_elementwise_sum_int8.o)
                              Middlewares/ST/AI/Lib/NetworkRuntime1020_CM33_GCC.a(ai_math_helpers.o) (ai_math_elementwise_sum_int8)
Middlewares/ST/AI/Lib/NetworkRuntime1020_CM33_GCC.a(st_align_factor.o)
                              Middlewares/ST/AI/Lib/NetworkRuntime1020_CM33_GCC.a(ai_math_helpers.o) (align_factor)
/opt/st/stm32cubeclt_1.20.0/GNU-tools-for-STM32/bin/../lib/gcc/arm-none-eabi/13.3.1/../../../../arm-none-eabi/lib/thumb/v8-m.main+fp/hard/libc_nano.a(libc_a-exit.o)
                              /opt/st/stm32cubeclt_1.20.0/GNU-tools-for-STM32/bin/../lib/gcc/arm-none-eabi/13.3.1/../../../../arm-none-eabi/lib/thumb/v8-m.main+fp/hard/crt0.o (exit)
/opt/st/stm32cubeclt_1.20.0/GNU-tools-for-STM32/bin/../lib/gcc/arm-none-eabi/13.3.1/../../../../arm-none-eabi/lib/thumb/v8-m.main+fp/hard/libc_nano.a(libc_a-malloc.o)
                              Middlewares/ST/AI/Lib/NetworkRuntime1020_CM33_GCC.a(core_mem_manager.o) (malloc)
/opt/st/stm32cubeclt_1.20.0/GNU-tools-for-STM32/bin/../lib/gcc/arm-none-eabi/13.3.1/../../../../arm-none-eabi/lib/thumb/v8-m.main+fp/hard/libc_nano.a(libc_a-mallocr.o)
                              /opt/st/stm32cubeclt_1.20.0/GNU-tools-for-STM32/bin/../lib/gcc/arm-none-eabi/13.3.1/../../../../arm-none-eabi/lib/thumb/v8-m.main+fp/hard/libc_nano.a(libc_a-malloc.o) (_malloc_r)
[...]
Memory Configuration

Name             Origin             Length             Attributes
RAM              0x20000000         0x00040000         xrw
SRAM4            0x28000000         0x00004000         xrw
FLASH            0x08000000         0x00080000         xr
*default*        0x00000000         0xffffffff

Linker script and memory map

LOAD /opt/st/stm32cubeclt_1.20.0/GNU-tools-for-STM32/bin/../lib/gcc/arm-none-eabi/13.3.1/thumb/v8-m.main+fp/hard/crti.o
LOAD /opt/st/stm32cubeclt_1.20.0/GNU-tools-for-STM32/bin/../lib/gcc/arm-none-eabi/13.3.1/thumb/v8-m.main+fp/hard/crtbegin.o
LOAD /opt/st/stm32cubeclt_1.20.0/GNU-tools-for-STM32/bin/../lib/gcc/arm-none-eabi/13.3.1/../../../../arm-none-eabi/lib/thumb/v8-m.main+fp/hard/crt0.o
LOAD build/main.o
LOAD build/hts221_read_data_polling.o
LOAD build/lps22hh_read_data_polling.o
LOAD build/stm32u5xx_it.o
LOAD build/stm32u5xx_hal_msp.o
LOAD build/hts221_reg.o
LOAD build/lps22hh_reg.o
LOAD build/stm32u5xx_nucleo.o
LOAD build/stm32u5xx_hal_cortex.o
LOAD build/stm32u5xx_hal_icache.o
LOAD build/stm32u5xx_hal.o
LOAD build/stm32u5xx_hal_i2c.o
LOAD build/stm32u5xx_hal_i2c_ex.o
LOAD build/stm32u5xx_hal_rcc.o
LOAD build/stm32u5xx_hal_rcc_ex.o
LOAD build/stm32u5xx_hal_flash.o
LOAD build/stm32u5xx_hal_flash_ex.o
LOAD build/stm32u5xx_hal_gpio.o
LOAD build/stm32u5xx_hal_dma.o
LOAD build/stm32u5xx_hal_dma_ex.o
LOAD build/stm32u5xx_hal_exti.o
LOAD build/stm32u5xx_hal_pwr.o
LOAD build/stm32u5xx_hal_pwr_ex.o
LOAD build/stm32u5xx_hal_gtzc.o
LOAD build/stm32u5xx_hal_usart.o
LOAD build/stm32u5xx_hal_usart_ex.o
LOAD build/stm32u5xx_hal_uart_ex.o
LOAD build/stm32u5xx_hal_uart.o
LOAD build/system_stm32u5xx.o
LOAD build/network_data_params.o
LOAD build/network_data.o
LOAD build/network.o
LOAD build/app_x-cube-ai.o
LOAD build/syscalls.o
LOAD build/sysmem.o
LOAD build/startup_stm32u545xx.o
START GROUP
LOAD Middlewares/ST/AI/Lib/NetworkRuntime1020_CM33_GCC.a
LOAD /opt/st/stm32cubeclt_1.20.0/GNU-tools-for-STM32/bin/../lib/gcc/arm-none-eabi/13.3.1/../../../../arm-none-eabi/lib/thumb/v8-m.main+fp/hard/libc_nano.a
LOAD /opt/st/stm32cubeclt_1.20.0/GNU-tools-for-STM32/bin/../lib/gcc/arm-none-eabi/13.3.1/../../../../arm-none-eabi/lib/thumb/v8-m.main+fp/hard/libm.a
LOAD /opt/st/stm32cubeclt_1.20.0/GNU-tools-for-STM32/bin/../lib/gcc/arm-none-eabi/13.3.1/../../../../arm-none-eabi/lib/thumb/v8-m.main+fp/hard/libnosys.a
END GROUP
START GROUP
LOAD /opt/st/stm32cubeclt_1.20.0/GNU-tools-for-STM32/bin/../lib/gcc/arm-none-eabi/13.3.1/thumb/v8-m.main+fp/hard/libgcc.a
LOAD /opt/st/stm32cubeclt_1.20.0/GNU-tools-for-STM32/bin/../lib/gcc/arm-none-eabi/13.3.1/../../../../arm-none-eabi/lib/thumb/v8-m.main+fp/hard/libc_nano.a
END GROUP
START GROUP
LOAD /opt/st/stm32cubeclt_1.20.0/GNU-tools-for-STM32/bin/../lib/gcc/arm-none-eabi/13.3.1/thumb/v8-m.main+fp/hard/libgcc.a
LOAD /opt/st/stm32cubeclt_1.20.0/GNU-tools-for-STM32/bin/../lib/gcc/arm-none-eabi/13.3.1/../../../../arm-none-eabi/lib/thumb/v8-m.main+fp/hard/libc_nano.a
END GROUP
LOAD /opt/st/stm32cubeclt_1.20.0/GNU-tools-for-STM32/bin/../lib/gcc/arm-none-eabi/13.3.1/thumb/v8-m.main+fp/hard/crtend.o
LOAD /opt/st/stm32cubeclt_1.20.0/GNU-tools-for-STM32/bin/../lib/gcc/arm-none-eabi/13.3.1/thumb/v8-m.main+fp/hard/crtn.o
                0x20040000                        _estack = (ORIGIN (RAM) + LENGTH (RAM))
                0x00000800                        _Min_Heap_Size = 0x800
                0x00000800                        _Min_Stack_Size = 0x800

.isr_vector     0x08000000      0x238
 *(.isr_vector)
 .isr_vector    0x08000000      0x238 build/startup_stm32u545xx.o
                0x08000000                g_pfnVectors

.text           0x08000238     0xb91c
 *(.text)
 .text          0x08000238       0x40 /opt/st/stm32cubeclt_1.20.0/GNU-tools-for-STM32/bin/../lib/gcc/arm-none-eabi/13.3.1/thumb/v8-m.main+fp/hard/crtbegin.o
 .text          0x08000278       0x10 /opt/st/stm32cubeclt_1.20.0/GNU-tools-for-STM32/bin/../lib/gcc/arm-none-eabi/13.3.1/../../../../arm-none-eabi/lib/thumb/v8-m.main+fp/hard/libc_nano.a(libc_a-strlen.o)
                0x08000278                strlen
 .text          0x08000288      0x378 /opt/st/stm32cubeclt_1.20.0/GNU-tools-for-STM32/bin/../lib/gcc/arm-none-eabi/13.3.1/thumb/v8-m.main+fp/hard/libgcc.a(_arm_addsubdf3.o)
                0x08000288                __aeabi_drsub
                0x08000290                __aeabi_dsub
                0x08000290                __subdf3
                0x08000294                __adddf3
                0x08000294                __aeabi_dadd
                0x0800050c                __aeabi_ui2d
                0x0800050c                __floatunsidf
                0x0800052c                __floatsidf
                0x0800052c                __aeabi_i2d
                0x08000550                __extendsfdf2
                0x08000550                __aeabi_f2d
                0x08000594                __aeabi_ul2d
                0x08000594                __floatundidf
                0x080005a4                __floatdidf
                0x080005a4                __aeabi_l2d
 .text          0x08000600      0x424 /opt/st/stm32cubeclt_1.20.0/GNU-tools-for-STM32/bin/../lib/gcc/arm-none-eabi/13.3.1/thumb/v8-m.main+fp/hard/libgcc.a(_arm_muldivdf3.o)
                0x08000600                __aeabi_dmul
                0x08000600                __muldf3
                0x08000854                __aeabi_ddiv
                0x08000854                __divdf3
 .text          0x08000a24      0x110 /opt/st/stm32cubeclt_1.20.0/GNU-tools-for-STM32/bin/../lib/gcc/arm-none-eabi/13.3.1/thumb/v8-m.main+fp/hard/libgcc.a(_arm_cmpdf2.o)
                0x08000a24                __gtdf2
                0x08000a24                __gedf2
                0x08000a2c                __ltdf2
                0x08000a2c                __ledf2
                0x08000a34                __cmpdf2
                0x08000a34                __eqdf2
                0x08000a34                __nedf2
                0x08000ab0                __aeabi_cdrcmple
                0x08000ac0                __aeabi_cdcmple
                0x08000ac0                __aeabi_cdcmpeq
                0x08000ad0                __aeabi_dcmpeq
                0x08000ae4                __aeabi_dcmplt
                0x08000af8                __aeabi_dcmple
                0x08000b0c                __aeabi_dcmpge
                0x08000b20                __aeabi_dcmpgt
 .text          0x08000b34       0x2c /opt/st/stm32cubeclt_1.20.0/GNU-tools-for-STM32/bin/../lib/gcc/arm-none-eabi/13.3.1/thumb/v8-m.main+fp/hard/libgcc.a(_arm_unorddf2.o)
                0x08000b34                __aeabi_dcmpun
                0x08000b34                __unorddf2
 .text          0x08000b60       0x50 /opt/st/stm32cubeclt_1.20.0/GNU-tools-for-STM32/bin/../lib/gcc/arm-none-eabi/13.3.1/thumb/v8-m.main+fp/hard/libgcc.a(_arm_fixdfsi.o)
                0x08000b60                __fixdfsi
                0x08000b60                __aeabi_d2iz
 .text          0x08000bb0       0x30 /opt/st/stm32cubeclt_1.20.0/GNU-tools-for-STM32/bin/../lib/gcc/arm-none-eabi/13.3.1/thumb/v8-m.main+fp/hard/libgcc.a(_aeabi_uldivmod.o)
                0x08000bb0                __aeabi_uldivmod
 .text          0x08000be0      0x348 /opt/st/stm32cubeclt_1.20.0/GNU-tools-for-STM32/bin/../lib/gcc/arm-none-eabi/13.3.1/thumb/v8-m.main+fp/hard/libgcc.a(_udivmoddi4.o)
                0x08000be0                __udivmoddi4
 .text          0x08000f28        0x4 /opt/st/stm32cubeclt_1.20.0/GNU-tools-for-STM32/bin/../lib/gcc/arm-none-eabi/13.3.1/thumb/v8-m.main+fp/hard/libgcc.a(_dvmd_tls.o)
                0x08000f28                __aeabi_ldiv0
                0x08000f28                __aeabi_idiv0
 *(.text*)
 .text.MX_GPIO_Init
                0x08000f2c       0x3c build/main.o
 .text.I2C_PrintDetectedDevices
                0x08000f68       0x50 build/main.o
 .text.I2C_ReadWhoAmI
                0x08000fb8       0x70 build/main.o
 .text.I2C_CheckSensorsWhoAmI
                0x08001028       0x8c build/main.o
 .text.LoRa_SendATAndPrintResponse
                0x080010b4       0xc0 build/main.o
 .text.SleepForMs
                0x08001174       0x20 build/main.o
 .text.BSP_PB_Callback
                0x08001194       0x10 build/main.o
                0x08001194                BSP_PB_Callback
 .text.Error_Handler
                0x080011a4        0x4 build/main.o
                0x080011a4                Error_Handler
 .text.SystemPower_Config
                0x080011a8       0x10 build/main.o
 .text.MX_ICACHE_Init
                0x080011b8       0x1a build/main.o
 *fill*         0x080011d2        0x2 
 .text.MX_I2C1_Init
                0x080011d4       0x50 build/main.o
 .text.MX_LPUART1_UART_Init
                0x08001224       0x60 build/main.o
 .text.SystemClock_Config
                0x08001284       0x68 build/main.o
                0x08001284                SystemClock_Config
 .text.main     0x080012ec      0x174 build/main.o
                0x080012ec                main
 .text.platform_delay
                0x08001460        0x2 build/hts221_read_data_polling.o
 .text.platform_read
                0x08001462       0x20 build/hts221_read_data_polling.o
 .text.platform_write
                0x08001482       0x20 build/hts221_read_data_polling.o
 .text.linear_interpolation
                0x080014a2       0x3a build/hts221_read_data_polling.o
                0x080014a2                linear_interpolation
 .text.hts221_read_data_polling
                0x080014dc      0x178 build/hts221_read_data_polling.o
                0x080014dc                hts221_read_data_polling
 .text.platform_read
                0x08001654       0x1e build/lps22hh_read_data_polling.o
 .text.platform_write
                0x08001672       0x1e build/lps22hh_read_data_polling.o
 .text.platform_delay
                0x08001690        0x8 build/lps22hh_read_data_polling.o
 .text.lps22hh_read_data_polling
                0x08001698      0x120 build/lps22hh_read_data_polling.o
                0x08001698                lps22hh_read_data_polling
 .text.NMI_Handler
                0x080017b8        0x2 build/stm32u5xx_it.o
                0x080017b8                NMI_Handler
 .text.HardFault_Handler
                0x080017ba        0x2 build/stm32u5xx_it.o
                0x080017ba                HardFault_Handler
 .text.MemManage_Handler
                0x080017bc        0x2 build/stm32u5xx_it.o
                0x080017bc                MemManage_Handler
 .text.BusFault_Handler
                0x080017be        0x2 build/stm32u5xx_it.o
                0x080017be                BusFault_Handler
 .text.UsageFault_Handler
                0x080017c0        0x2 build/stm32u5xx_it.o
                0x080017c0                UsageFault_Handler
 .text.SVC_Handler
                0x080017c2        0x2 build/stm32u5xx_it.o
                0x080017c2                SVC_Handler
 .text.DebugMon_Handler
                0x080017c4        0x2 build/stm32u5xx_it.o
                0x080017c4                DebugMon_Handler
 .text.PendSV_Handler
                0x080017c6        0x2 build/stm32u5xx_it.o
                0x080017c6                PendSV_Handler
 .text.SysTick_Handler
                0x080017c8        0x8 build/stm32u5xx_it.o
                0x080017c8                SysTick_Handler
 .text.EXTI13_IRQHandler
                0x080017d0        0xa build/stm32u5xx_it.o
                0x080017d0                EXTI13_IRQHandler
 *fill*         0x080017da        0x2 
 .text.HAL_MspInit
                0x080017dc       0x24 build/stm32u5xx_hal_msp.o
                0x080017dc                HAL_MspInit
 .text.HAL_I2C_MspInit
                0x08001800       0x98 build/stm32u5xx_hal_msp.o
                0x08001800                HAL_I2C_MspInit
 .text.HAL_UART_MspInit
                0x08001898       0x98 build/stm32u5xx_hal_msp.o
                0x08001898                HAL_UART_MspInit
 .text.hts221_read_reg
                0x08001930       0x12 build/hts221_reg.o
                0x08001930                hts221_read_reg
 .text.hts221_write_reg
                0x08001942       0x12 build/hts221_reg.o
                0x08001942                hts221_write_reg
 .text.hts221_data_rate_set
                0x08001954       0x32 build/hts221_reg.o
                0x08001954                hts221_data_rate_set
 .text.hts221_block_data_update_set
                0x08001986       0x32 build/hts221_reg.o
                0x08001986                hts221_block_data_update_set
 .text.hts221_humidity_raw_get
                0x080019b8       0x26 build/hts221_reg.o
                0x080019b8                hts221_humidity_raw_get
 .text.hts221_temperature_raw_get
                0x080019de       0x26 build/hts221_reg.o
                0x080019de                hts221_temperature_raw_get
 .text.hts221_device_id_get
                0x08001a04        0xe build/hts221_reg.o
                0x08001a04                hts221_device_id_get
 .text.hts221_power_on_set
                0x08001a12       0x32 build/hts221_reg.o
                0x08001a12                hts221_power_on_set
 .text.hts221_status_get
                0x08001a44        0xe build/hts221_reg.o
                0x08001a44                hts221_status_get
 .text.hts221_hum_rh_point_0_get
                0x08001a52       0x30 build/hts221_reg.o
                0x08001a52                hts221_hum_rh_point_0_get
 .text.hts221_hum_rh_point_1_get
                0x08001a82       0x30 build/hts221_reg.o
                0x08001a82                hts221_hum_rh_point_1_get
 *fill*         0x08001ab2        0x2 
 .text.hts221_temp_deg_point_0_get
                0x08001ab4       0x64 build/hts221_reg.o
                0x08001ab4                hts221_temp_deg_point_0_get
 .text.hts221_temp_deg_point_1_get
                0x08001b18       0x64 build/hts221_reg.o
                0x08001b18                hts221_temp_deg_point_1_get
 .text.hts221_hum_adc_point_0_get
                0x08001b7c       0x30 build/hts221_reg.o
                0x08001b7c                hts221_hum_adc_point_0_get
 .text.hts221_hum_adc_point_1_get
                0x08001bac       0x30 build/hts221_reg.o
                0x08001bac                hts221_hum_adc_point_1_get
 .text.hts221_temp_adc_point_0_get
                0x08001bdc       0x30 build/hts221_reg.o
                0x08001bdc                hts221_temp_adc_point_0_get
 .text.hts221_temp_adc_point_1_get
                0x08001c0c       0x30 build/hts221_reg.o
                0x08001c0c                hts221_temp_adc_point_1_get
 .text.lps22hh_read_reg
                0x08001c3c       0x12 build/lps22hh_reg.o
                0x08001c3c                lps22hh_read_reg
 .text.lps22hh_write_reg
                0x08001c4e       0x12 build/lps22hh_reg.o
                0x08001c4e                lps22hh_write_reg
 .text.lps22hh_from_lsb_to_hpa
                0x08001c60       0x18 build/lps22hh_reg.o
                0x08001c60                lps22hh_from_lsb_to_hpa
 .text.lps22hh_from_lsb_to_celsius
                0x08001c78       0x18 build/lps22hh_reg.o
                0x08001c78                lps22hh_from_lsb_to_celsius
 .text.lps22hh_block_data_update_set
                0x08001c90       0x32 build/lps22hh_reg.o
                0x08001c90                lps22hh_block_data_update_set
 .text.lps22hh_data_rate_set
                0x08001cc2       0x70 build/lps22hh_reg.o
                0x08001cc2                lps22hh_data_rate_set
 .text.lps22hh_pressure_raw_get
                0x08001d32       0x34 build/lps22hh_reg.o
                0x08001d32                lps22hh_pressure_raw_get
 .text.lps22hh_temperature_raw_get
                0x08001d66       0x26 build/lps22hh_reg.o
                0x08001d66                lps22hh_temperature_raw_get
 .text.lps22hh_device_id_get
                0x08001d8c        0xe build/lps22hh_reg.o
                0x08001d8c                lps22hh_device_id_get
 .text.lps22hh_reset_set
                0x08001d9a       0x32 build/lps22hh_reg.o
                0x08001d9a                lps22hh_reset_set
 .text.lps22hh_reset_get
                0x08001dcc       0x20 build/lps22hh_reg.o
                0x08001dcc                lps22hh_reset_get
 .text.COM1_MspInit
                0x08001dec       0x8c build/stm32u5xx_nucleo.o
 .text.BSP_LED_Init
                0x08001e78       0x4c build/stm32u5xx_nucleo.o
                0x08001e78                BSP_LED_Init
 .text.BSP_LED_Off
                0x08001ec4       0x1c build/stm32u5xx_nucleo.o
                0x08001ec4                BSP_LED_Off
 .text.BSP_PB_Init
                0x08001ee0       0x94 build/stm32u5xx_nucleo.o
                0x08001ee0                BSP_PB_Init
 .text.BSP_PB_IRQHandler
                0x08001f74       0x18 build/stm32u5xx_nucleo.o
                0x08001f74                BSP_PB_IRQHandler
 .text.BUTTON_USER_EXTI_Callback
                0x08001f8c        0xa build/stm32u5xx_nucleo.o
 *fill*         0x08001f96        0x2 
 .text.MX_USART1_Init
                0x08001f98       0x34 build/stm32u5xx_nucleo.o
                0x08001f98                MX_USART1_Init
 .text.BSP_COM_Init
                0x08001fcc       0x30 build/stm32u5xx_nucleo.o
                0x08001fcc                BSP_COM_Init
 .text.__io_putchar
                0x08001ffc       0x30 build/stm32u5xx_nucleo.o
                0x08001ffc                __io_putchar
 .text.__NVIC_EnableIRQ
                0x0800202c       0x1c build/stm32u5xx_hal_cortex.o
 .text.__NVIC_SetPriority
                0x08002048       0x28 build/stm32u5xx_hal_cortex.o
 .text.NVIC_EncodePriority
                0x08002070       0x3e build/stm32u5xx_hal_cortex.o
 *fill*         0x080020ae        0x2 
 .text.HAL_NVIC_SetPriorityGrouping
                0x080020b0       0x24 build/stm32u5xx_hal_cortex.o
                0x080020b0                HAL_NVIC_SetPriorityGrouping
 .text.HAL_NVIC_SetPriority
                0x080020d4       0x20 build/stm32u5xx_hal_cortex.o
                0x080020d4                HAL_NVIC_SetPriority
 .text.HAL_NVIC_EnableIRQ
                0x080020f4        0x8 build/stm32u5xx_hal_cortex.o
                0x080020f4                HAL_NVIC_EnableIRQ
 .text.HAL_SYSTICK_Config
                0x080020fc       0x20 build/stm32u5xx_hal_cortex.o
                0x080020fc                HAL_SYSTICK_Config
 .text.HAL_SYSTICK_CLKSourceConfig
                0x0800211c       0x7c build/stm32u5xx_hal_cortex.o
                0x0800211c                HAL_SYSTICK_CLKSourceConfig
 .text.HAL_SYSTICK_GetCLKSourceConfig
                0x08002198       0x34 build/stm32u5xx_hal_cortex.o
                0x08002198                HAL_SYSTICK_GetCLKSourceConfig
 .text.HAL_ICACHE_ConfigAssociativityMode
                0x080021cc       0x24 build/stm32u5xx_hal_icache.o
                0x080021cc                HAL_ICACHE_ConfigAssociativityMode
 .text.HAL_ICACHE_Enable
                0x080021f0       0x14 build/stm32u5xx_hal_icache.o
                0x080021f0                HAL_ICACHE_Enable
 .text.HAL_InitTick
                0x08002204       0xac build/stm32u5xx_hal.o
                0x08002204                HAL_InitTick
 .text.HAL_Init
                0x080022b0       0x54 build/stm32u5xx_hal.o
                0x080022b0                HAL_Init
 .text.HAL_IncTick
                0x08002304       0x18 build/stm32u5xx_hal.o
                0x08002304                HAL_IncTick
 .text.HAL_GetTick
                0x0800231c        0xc build/stm32u5xx_hal.o
                0x0800231c                HAL_GetTick
 .text.HAL_Delay
                0x08002328       0x28 build/stm32u5xx_hal.o
                0x08002328                HAL_Delay
 .text.I2C_Flush_TXDR
                0x08002350       0x22 build/stm32u5xx_hal_i2c.o
 .text.I2C_TransferConfig
                0x08002372       0x3c build/stm32u5xx_hal_i2c.o
 .text.I2C_IsErrorOccurred
                0x080023ae      0x114 build/stm32u5xx_hal_i2c.o
 .text.I2C_WaitOnTXISFlagUntilTimeout
                0x080024c2       0x60 build/stm32u5xx_hal_i2c.o
 .text.I2C_WaitOnFlagUntilTimeout
                0x08002522       0x7c build/stm32u5xx_hal_i2c.o
 *fill*         0x0800259e        0x2 
 .text.I2C_RequestMemoryWrite
                0x080025a0       0x7c build/stm32u5xx_hal_i2c.o
 .text.I2C_RequestMemoryRead
                0x0800261c       0x78 build/stm32u5xx_hal_i2c.o
 .text.I2C_WaitOnSTOPFlagUntilTimeout
                0x08002694       0x5e build/stm32u5xx_hal_i2c.o
 .text.HAL_I2C_Init
                0x080026f2       0xc8 build/stm32u5xx_hal_i2c.o
                0x080026f2                HAL_I2C_Init
 .text.HAL_I2C_Mem_Write
                0x080027ba      0x1a8 build/stm32u5xx_hal_i2c.o
                0x080027ba                HAL_I2C_Mem_Write
 *fill*         0x08002962        0x2 
 .text.HAL_I2C_Mem_Read
                0x08002964      0x1b0 build/stm32u5xx_hal_i2c.o
                0x08002964                HAL_I2C_Mem_Read
 .text.HAL_I2C_IsDeviceReady
                0x08002b14      0x16a build/stm32u5xx_hal_i2c.o
                0x08002b14                HAL_I2C_IsDeviceReady
 .text.HAL_I2CEx_ConfigAnalogFilter
                0x08002c7e       0x5c build/stm32u5xx_hal_i2c_ex.o
                0x08002c7e                HAL_I2CEx_ConfigAnalogFilter
 .text.HAL_I2CEx_ConfigDigitalFilter
                0x08002cda       0x58 build/stm32u5xx_hal_i2c_ex.o
                0x08002cda                HAL_I2CEx_ConfigDigitalFilter
 *fill*         0x08002d32        0x2 
 .text.RCC_SetFlashLatencyFromMSIRange
                0x08002d34       0xc4 build/stm32u5xx_hal_rcc.o
 .text.HAL_RCC_GetSysClockFreq
                0x08002df8      0x184 build/stm32u5xx_hal_rcc.o
                0x08002df8                HAL_RCC_GetSysClockFreq
 .text.HAL_RCC_ClockConfig
                0x08002f7c      0x30c build/stm32u5xx_hal_rcc.o
                0x08002f7c                HAL_RCC_ClockConfig
 .text.HAL_RCC_GetHCLKFreq
                0x08003288       0x28 build/stm32u5xx_hal_rcc.o
                0x08003288                HAL_RCC_GetHCLKFreq
 .text.HAL_RCC_OscConfig
                0x080032b0      0xaa0 build/stm32u5xx_hal_rcc.o
                0x080032b0                HAL_RCC_OscConfig
 .text.HAL_RCC_GetPCLK1Freq
                0x08003d50       0x20 build/stm32u5xx_hal_rcc.o
                0x08003d50                HAL_RCC_GetPCLK1Freq
 .text.HAL_RCC_GetPCLK2Freq
                0x08003d70       0x20 build/stm32u5xx_hal_rcc.o
                0x08003d70                HAL_RCC_GetPCLK2Freq
 .text.HAL_RCC_GetPCLK3Freq
                0x08003d90       0x20 build/stm32u5xx_hal_rcc.o
                0x08003d90                HAL_RCC_GetPCLK3Freq
 .text.RCCEx_PLL3_Config
                0x08003db0       0xe0 build/stm32u5xx_hal_rcc_ex.o
 .text.RCCEx_PLL2_Config
                0x08003e90       0xe0 build/stm32u5xx_hal_rcc_ex.o
 .text.HAL_RCCEx_PeriphCLKConfig
                0x08003f70      0x5fc build/stm32u5xx_hal_rcc_ex.o
                0x08003f70                HAL_RCCEx_PeriphCLKConfig
 .text.HAL_RCCEx_GetPLL1ClockFreq
                0x0800456c      0x21c build/stm32u5xx_hal_rcc_ex.o
                0x0800456c                HAL_RCCEx_GetPLL1ClockFreq
 .text.HAL_RCCEx_GetPLL2ClockFreq
                0x08004788      0x21c build/stm32u5xx_hal_rcc_ex.o
                0x08004788                HAL_RCCEx_GetPLL2ClockFreq
 .text.HAL_RCCEx_GetPLL3ClockFreq
                0x080049a4      0x21c build/stm32u5xx_hal_rcc_ex.o
                0x080049a4                HAL_RCCEx_GetPLL3ClockFreq
 .text.HAL_RCCEx_GetPeriphCLKFreq
                0x08004bc0      0xebc build/stm32u5xx_hal_rcc_ex.o
                0x08004bc0                HAL_RCCEx_GetPeriphCLKFreq
 .text.HAL_GPIO_Init
                0x08005a7c      0x228 build/stm32u5xx_hal_gpio.o
                0x08005a7c                HAL_GPIO_Init
 .text.HAL_GPIO_WritePin
                0x08005ca4        0xa build/stm32u5xx_hal_gpio.o
                0x08005ca4                HAL_GPIO_WritePin
 .text.HAL_EXTI_RegisterCallback
                0x08005cae       0x22 build/stm32u5xx_hal_exti.o
                0x08005cae                HAL_EXTI_RegisterCallback
 .text.HAL_EXTI_GetHandle
                0x08005cd0        0xc build/stm32u5xx_hal_exti.o
                0x08005cd0                HAL_EXTI_GetHandle
 .text.HAL_EXTI_IRQHandler
                0x08005cdc       0x40 build/stm32u5xx_hal_exti.o
                0x08005cdc                HAL_EXTI_IRQHandler
 .text.HAL_PWR_EnterSLEEPMode
                0x08005d1c       0x24 build/stm32u5xx_hal_pwr.o
                0x08005d1c                HAL_PWR_EnterSLEEPMode
 .text.HAL_PWREx_ControlVoltageScaling
                0x08005d40       0xa0 build/stm32u5xx_hal_pwr_ex.o
                0x08005d40                HAL_PWREx_ControlVoltageScaling
 .text.HAL_PWREx_GetVoltageRange
                0x08005de0       0x10 build/stm32u5xx_hal_pwr_ex.o
                0x08005de0                HAL_PWREx_GetVoltageRange
 .text.HAL_PWREx_ConfigSupply
                0x08005df0       0x6c build/stm32u5xx_hal_pwr_ex.o
                0x08005df0                HAL_PWREx_ConfigSupply
 .text.UARTEx_SetNbDataToProcess
                0x08005e5c       0x4c build/stm32u5xx_hal_uart_ex.o
 .text.HAL_UARTEx_DisableFifoMode
                0x08005ea8       0x3e build/stm32u5xx_hal_uart_ex.o
                0x08005ea8                HAL_UARTEx_DisableFifoMode
 .text.HAL_UARTEx_SetTxFifoThreshold
                0x08005ee6       0x4a build/stm32u5xx_hal_uart_ex.o
                0x08005ee6                HAL_UARTEx_SetTxFifoThreshold
 .text.HAL_UARTEx_SetRxFifoThreshold
                0x08005f30       0x4a build/stm32u5xx_hal_uart_ex.o
                0x08005f30                HAL_UARTEx_SetRxFifoThreshold
 .text.UART_EndRxTransfer
                0x08005f7a       0x56 build/stm32u5xx_hal_uart.o
 .text.UART_SetConfig
                0x08005fd0      0x1c8 build/stm32u5xx_hal_uart.o
                0x08005fd0                UART_SetConfig
 .text.UART_AdvFeatureConfig
                0x08006198       0xca build/stm32u5xx_hal_uart.o
                0x08006198                UART_AdvFeatureConfig
 .text.UART_WaitOnFlagUntilTimeout
                0x08006262       0x9e build/stm32u5xx_hal_uart.o
                0x08006262                UART_WaitOnFlagUntilTimeout
 .text.HAL_UART_Transmit
                0x08006300       0xd2 build/stm32u5xx_hal_uart.o
                0x08006300                HAL_UART_Transmit
 .text.HAL_UART_Receive
                0x080063d2      0x118 build/stm32u5xx_hal_uart.o
                0x080063d2                HAL_UART_Receive
 .text.UART_CheckIdleState
                0x080064ea       0xca build/stm32u5xx_hal_uart.o
                0x080064ea                UART_CheckIdleState
 .text.HAL_UART_Init
                0x080065b4       0x66 build/stm32u5xx_hal_uart.o
                0x080065b4                HAL_UART_Init
 *fill*         0x0800661a        0x2 
 .text.SystemInit
                0x0800661c       0x44 build/system_stm32u5xx.o
                0x0800661c                SystemInit
 .text.ai_network_data_params_get
                0x08006660       0x38 build/network_data.o
                0x08006660                ai_network_data_params_get
 .text.network_configure_weights
                0x08006698      0x144 build/network.o
 .text.network_configure_activations
                0x080067dc       0xc4 build/network.o
 .text.ai_network_get_error
                0x080068a0        0x8 build/network.o
                0x080068a0                ai_network_get_error
 .text.ai_network_create
                0x080068a8       0x20 build/network.o
                0x080068a8                ai_network_create
 .text.ai_network_inputs_get
                0x080068c8       0x1c build/network.o
                0x080068c8                ai_network_inputs_get
 .text.ai_network_outputs_get
                0x080068e4       0x1c build/network.o
                0x080068e4                ai_network_outputs_get
 .text.ai_network_init
                0x08006900       0x30 build/network.o
                0x08006900                ai_network_init
 .text.ai_network_create_and_init
                0x08006930       0x8e build/network.o
                0x08006930                ai_network_create_and_init
 .text.ai_network_run
                0x080069be        0x8 build/network.o
                0x080069be                ai_network_run
 *fill*         0x080069c6        0x2 
 .text.clamp01  0x080069c8       0x2c build/app_x-cube-ai.o
 .text.print_fixed_2
                0x080069f4       0x6c build/app_x-cube-ai.o
 .text.print_fixed_3
                0x08006a60       0x6c build/app_x-cube-ai.o
 .text.ai_log_err
                0x08006acc       0x24 build/app_x-cube-ai.o
 .text.ai_boostrap
                0x08006af0       0x88 build/app_x-cube-ai.o
 .text.ai_run   0x08006b78       0x38 build/app_x-cube-ai.o
 .text.acquire_and_process_data
                0x08006bb0      0x1e4 build/app_x-cube-ai.o
                0x08006bb0                acquire_and_process_data
 .text.post_process
                0x08006d94       0xf4 build/app_x-cube-ai.o
                0x08006d94                post_process
 .text.MX_X_CUBE_AI_GetLastPredictedClass
                0x08006e88        0xc build/app_x-cube-ai.o
                0x08006e88                MX_X_CUBE_AI_GetLastPredictedClass
 .text.MX_X_CUBE_AI_Init
                0x08006e94       0x18 build/app_x-cube-ai.o
                0x08006e94                MX_X_CUBE_AI_Init
 .text.MX_X_CUBE_AI_Process
                0x08006eac       0x64 build/app_x-cube-ai.o
                0x08006eac                MX_X_CUBE_AI_Process
 .text._getpid  0x08006f10        0x4 build/syscalls.o
                0x08006f10                _getpid
 .text._kill    0x08006f14       0x10 build/syscalls.o
                0x08006f14                _kill
 .text._exit    0x08006f24        0xc build/syscalls.o
                0x08006f24                _exit
 .text._read    0x08006f30       0x20 build/syscalls.o
                0x08006f30                _read
 .text._write   0x08006f50       0x1c build/syscalls.o
                0x08006f50                _write
 .text._close   0x08006f6c        0x6 build/syscalls.o
                0x08006f6c                _close
 .text._fstat   0x08006f72        0xa build/syscalls.o
                0x08006f72                _fstat
 .text._isatty  0x08006f7c        0x4 build/syscalls.o
                0x08006f7c                _isatty
 .text._lseek   0x08006f80        0x4 build/syscalls.o
                0x08006f80                _lseek
 .text._sbrk    0x08006f84       0x48 build/sysmem.o
                0x08006f84                _sbrk
 .text.Reset_Handler
                0x08006fcc       0x50 build/startup_stm32u545xx.o
                0x08006fcc                Reset_Handler
 .text.Default_Handler
                0x0800701c        0x2 build/startup_stm32u545xx.o
                0x0800701c                EXTI2_IRQHandler
                0x0800701c                TIM8_TRG_COM_IRQHandler
                0x0800701c                TIM8_CC_IRQHandler
                0x0800701c                EXTI5_IRQHandler
                0x0800701c                FLASH_S_IRQHandler
                0x0800701c                TIM1_CC_IRQHandler
                0x0800701c                TSC_IRQHandler
                0x0800701c                TAMP_IRQHandler
                0x0800701c                TIM6_IRQHandler
                0x0800701c                EXTI12_IRQHandler
                0x0800701c                CORDIC_IRQHandler
                0x0800701c                EXTI3_IRQHandler
                0x0800701c                LPTIM4_IRQHandler
                0x0800701c                GPDMA1_Channel5_IRQHandler
                0x0800701c                EXTI8_IRQHandler
                0x0800701c                LPTIM2_IRQHandler
                0x0800701c                I2C3_ER_IRQHandler
                0x0800701c                PWR_S3WU_IRQHandler
                0x0800701c                LPDMA1_Channel3_IRQHandler
                0x0800701c                LPTIM3_IRQHandler
                0x0800701c                EXTI0_IRQHandler
                0x0800701c                I2C2_EV_IRQHandler
                0x0800701c                FPU_IRQHandler
                0x0800701c                GPDMA1_Channel3_IRQHandler
                0x0800701c                GPDMA1_Channel7_IRQHandler
                0x0800701c                FDCAN1_IT1_IRQHandler
                0x0800701c                RAMCFG_IRQHandler
                0x0800701c                GPDMA1_Channel9_IRQHandler
                0x0800701c                DCACHE1_IRQHandler
                0x0800701c                SPI1_IRQHandler
                0x0800701c                OCTOSPI1_IRQHandler
                0x0800701c                GPDMA1_Channel2_IRQHandler
                0x0800701c                TIM8_UP_IRQHandler
                0x0800701c                RCC_S_IRQHandler
                0x0800701c                MDF1_FLT1_IRQHandler
                0x0800701c                ADC1_IRQHandler
                0x0800701c                PKA_IRQHandler
                0x0800701c                EXTI15_IRQHandler
                0x0800701c                TIM17_IRQHandler
                0x0800701c                USART3_IRQHandler
                0x0800701c                RTC_IRQHandler
                0x0800701c                EXTI9_IRQHandler
                0x0800701c                UART5_IRQHandler
                0x0800701c                TIM4_IRQHandler
                0x0800701c                I2C1_EV_IRQHandler
                0x0800701c                GPDMA1_Channel12_IRQHandler
                0x0800701c                GPDMA1_Channel1_IRQHandler
                0x0800701c                TIM16_IRQHandler
                0x0800701c                GPDMA1_Channel15_IRQHandler
                0x0800701c                UART4_IRQHandler
                0x0800701c                SecureFault_Handler
                0x0800701c                TIM3_IRQHandler
                0x0800701c                RCC_IRQHandler
                0x0800701c                TIM1_TRG_COM_IRQHandler
                0x0800701c                Default_Handler
                0x0800701c                GPDMA1_Channel8_IRQHandler
                0x0800701c                FMAC_IRQHandler
                0x0800701c                OTFDEC1_IRQHandler
                0x0800701c                GPDMA1_Channel11_IRQHandler
                0x0800701c                TIM7_IRQHandler
                0x0800701c                SDMMC1_IRQHandler
                0x0800701c                SAES_IRQHandler
                0x0800701c                TIM5_IRQHandler
                0x0800701c                GPDMA1_Channel0_IRQHandler
                0x0800701c                TIM15_IRQHandler
                0x0800701c                I2C3_EV_IRQHandler
                0x0800701c                USB_IRQHandler
                0x0800701c                LPDMA1_Channel0_IRQHandler
                0x0800701c                PVD_PVM_IRQHandler
                0x0800701c                SPI2_IRQHandler
                0x0800701c                LPDMA1_Channel1_IRQHandler
                0x0800701c                EXTI14_IRQHandler
                0x0800701c                EXTI11_IRQHandler
                0x0800701c                CRS_IRQHandler
                0x0800701c                GPDMA1_Channel14_IRQHandler
                0x0800701c                LSECSSD_IRQHandler
                0x0800701c                EXTI4_IRQHandler
                0x0800701c                RTC_S_IRQHandler
                0x0800701c                GPDMA1_Channel13_IRQHandler
                0x0800701c                RNG_IRQHandler
                0x0800701c                COMP_IRQHandler
                0x0800701c                TIM1_UP_IRQHandler
                0x0800701c                ADC4_IRQHandler
                0x0800701c                WWDG_IRQHandler
                0x0800701c                I2C4_EV_IRQHandler
                0x0800701c                ADF1_IRQHandler
                0x0800701c                IWDG_IRQHandler
                0x0800701c                LPUART1_IRQHandler
                0x0800701c                MDF1_FLT0_IRQHandler
                0x0800701c                FDCAN1_IT0_IRQHandler
                0x0800701c                TIM2_IRQHandler
                0x0800701c                GPDMA1_Channel4_IRQHandler
                0x0800701c                EXTI7_IRQHandler
                0x0800701c                TIM1_BRK_IRQHandler
                0x0800701c                EXTI1_IRQHandler
                0x0800701c                AES_IRQHandler
                0x0800701c                DAC1_IRQHandler
                0x0800701c                GTZC_IRQHandler
                0x0800701c                GPDMA1_Channel6_IRQHandler
                0x0800701c                I2C2_ER_IRQHandler
                0x0800701c                TIM8_BRK_IRQHandler
                0x0800701c                FLASH_IRQHandler
                0x0800701c                USART1_IRQHandler
                0x0800701c                EXTI10_IRQHandler
                0x0800701c                SPI3_IRQHandler
                0x0800701c                LPDMA1_Channel2_IRQHandler
                0x0800701c                I2C1_ER_IRQHandler
                0x0800701c                EXTI6_IRQHandler
                0x0800701c                LPTIM1_IRQHandler
                0x0800701c                DCMI_PSSI_IRQHandler
                0x0800701c                I2C4_ER_IRQHandler
                0x0800701c                GPDMA1_Channel10_IRQHandler
                0x0800701c                ICACHE_IRQHandler
                0x0800701c                SAI1_IRQHandler
                0x0800701c                HASH_IRQHandler
 *fill*         0x0800701e        0x2 
 .text.ai_buffer_get_size
                0x08007020       0x64 Middlewares/ST/AI/Lib/NetworkRuntime1020_CM33_GCC.a(ai_platform.o)
                0x08007020                ai_buffer_get_size
 .text.ai_buffer_array_sane
                0x08007084       0x14 Middlewares/ST/AI/Lib/NetworkRuntime1020_CM33_GCC.a(ai_platform.o)
                0x08007084                ai_buffer_array_sane
 .text.ai_buffer_array_item_set_address
                0x08007098       0x1c Middlewares/ST/AI/Lib/NetworkRuntime1020_CM33_GCC.a(ai_platform.o)
                0x08007098                ai_buffer_array_item_set_address
 .text.ai_platform_get_weights_map
                0x080070b4       0xa0 Middlewares/ST/AI/Lib/NetworkRuntime1020_CM33_GCC.a(ai_platform_interface.o)
                0x080070b4                ai_platform_get_weights_map
 .text.ai_platform_get_activations_map
                0x08007154       0xa4 Middlewares/ST/AI/Lib/NetworkRuntime1020_CM33_GCC.a(ai_platform_interface.o)
                0x08007154                ai_platform_get_activations_map
 .text.ai_platform_bind_network_params
                0x080071f8       0x44 Middlewares/ST/AI/Lib/NetworkRuntime1020_CM33_GCC.a(ai_platform_interface.o)
                0x080071f8                ai_platform_bind_network_params
 .text.ai_platform_network_get_error
                0x0800723c       0x18 Middlewares/ST/AI/Lib/NetworkRuntime1020_CM33_GCC.a(ai_platform_interface.o)
                0x0800723c                ai_platform_network_get_error
 .text.ai_platform_network_set_error
                0x08007254        0xc Middlewares/ST/AI/Lib/NetworkRuntime1020_CM33_GCC.a(ai_platform_interface.o)
                0x08007254                ai_platform_network_set_error
 .text.ai_platform_inputs_get
                0x08007260       0xec Middlewares/ST/AI/Lib/NetworkRuntime1020_CM33_GCC.a(ai_platform_interface.o)
                0x08007260                ai_platform_inputs_get
 .text.ai_platform_outputs_get
                0x0800734c       0xe4 Middlewares/ST/AI/Lib/NetworkRuntime1020_CM33_GCC.a(ai_platform_interface.o)
                0x0800734c                ai_platform_outputs_get
 .text.ai_platform_network_create
                0x08007430       0x84 Middlewares/ST/AI/Lib/NetworkRuntime1020_CM33_GCC.a(ai_platform_interface.o)
                0x08007430                ai_platform_network_create
 .text.ai_platform_network_init
                0x080074b4      0x130 Middlewares/ST/AI/Lib/NetworkRuntime1020_CM33_GCC.a(ai_platform_interface.o)
                0x080074b4                ai_platform_network_init
 .text.ai_platform_network_post_init
                0x080075e4       0x58 Middlewares/ST/AI/Lib/NetworkRuntime1020_CM33_GCC.a(ai_platform_interface.o)
                0x080075e4                ai_platform_network_post_init
 .text.ai_platform_network_process
                0x0800763c      0x438 Middlewares/ST/AI/Lib/NetworkRuntime1020_CM33_GCC.a(ai_platform_interface.o)
                0x0800763c                ai_platform_network_process
 .text.core_init
                0x08007a74        0x4 Middlewares/ST/AI/Lib/NetworkRuntime1020_CM33_GCC.a(core_common.o)
                0x08007a74                core_init
 .text.core_get_error
                0x08007a78        0xc Middlewares/ST/AI/Lib/NetworkRuntime1020_CM33_GCC.a(core_common.o)
                0x08007a78                core_get_error
 .text.core_set_error
                0x08007a84       0x18 Middlewares/ST/AI/Lib/NetworkRuntime1020_CM33_GCC.a(core_common.o)
                0x08007a84                core_set_error
 .text.ai_check_custom_types
                0x08007a9c       0x50 Middlewares/ST/AI/Lib/NetworkRuntime1020_CM33_GCC.a(layers.o)
                0x08007a9c                ai_check_custom_types
 .text.ai_layers_init_all
                0x08007aec       0x20 Middlewares/ST/AI/Lib/NetworkRuntime1020_CM33_GCC.a(layers.o)
                0x08007aec                ai_layers_init_all
 .text.ai_layers_post_init_all
                0x08007b0c       0x38 Middlewares/ST/AI/Lib/NetworkRuntime1020_CM33_GCC.a(layers.o)
                0x08007b0c                ai_layers_post_init_all
 .text.ai_layers_forward_all
                0x08007b44       0x94 Middlewares/ST/AI/Lib/NetworkRuntime1020_CM33_GCC.a(layers.o)
                0x08007b44                ai_layers_forward_all
 .text.forward_dense
                0x08007bd8      0x100 Middlewares/ST/AI/Lib/NetworkRuntime1020_CM33_GCC.a(layers_conv2d_generic_float.o)
                0x08007bd8                forward_dense
 .text.forward_relu
                0x08007cd8      0x12c Middlewares/ST/AI/Lib/NetworkRuntime1020_CM33_GCC.a(layers_nl_generic_float.o)
                0x08007cd8                forward_relu
 .text.forward_sm
                0x08007e04       0x80 Middlewares/ST/AI/Lib/NetworkRuntime1020_CM33_GCC.a(layers_nl_generic_float.o)
                0x08007e04                forward_sm
 .text.forward_lite_nl_softmax_if32of32_kernel
                0x08007e84       0xdc Middlewares/ST/AI/Lib/NetworkRuntime1020_CM33_GCC.a(lite_nl_softmax_if32of32.o)
                0x08007e84                forward_lite_nl_softmax_if32of32_kernel
 .text.forward_lite_nl_relu_generic_if32of32_kernel
                0x08007f60       0xe0 Middlewares/ST/AI/Lib/NetworkRuntime1020_CM33_GCC.a(lite_nl_relu_if32of32.o)
                0x08007f60                forward_lite_nl_relu_generic_if32of32_kernel
 .text.forward_lite_dense_if32of32wf32
                0x08008040      0x2b8 Middlewares/ST/AI/Lib/NetworkRuntime1020_CM33_GCC.a(lite_dense_if32.o)
                0x08008040                forward_lite_dense_if32of32wf32
 .text.forward_lite_dense_if32of32wf32_lut4
                0x080082f8      0x288 Middlewares/ST/AI/Lib/NetworkRuntime1020_CM33_GCC.a(lite_dense_if32.o)
                0x080082f8                forward_lite_dense_if32of32wf32_lut4
 .text.forward_lite_dense_if32of32wf32_lut8
                0x08008580      0x29c Middlewares/ST/AI/Lib/NetworkRuntime1020_CM33_GCC.a(lite_dense_if32.o)
                0x08008580                forward_lite_dense_if32of32wf32_lut8
 .text.forward_lite_nl_softmax_if32of32
                0x0800881c       0x64 Middlewares/ST/AI/Lib/NetworkRuntime1020_CM33_GCC.a(lite_nl_generic_float.o)
                0x0800881c                forward_lite_nl_softmax_if32of32
 .text.st_int8_copy
                0x08008880      0x13c Middlewares/ST/AI/Lib/NetworkRuntime1020_CM33_GCC.a(st_int8_fill.o)
                0x08008880                st_int8_copy
 .text.ai_array_to_buffer_fmt
                0x080089bc       0xe0 Middlewares/ST/AI/Lib/NetworkRuntime1020_CM33_GCC.a(ai_datatypes_format.o)
                0x080089bc                ai_array_to_buffer_fmt
 .text.ai_array_get_data_byte_size
                0x08008a9c       0x20 Middlewares/ST/AI/Lib/NetworkRuntime1020_CM33_GCC.a(ai_datatypes_format.o)
                0x08008a9c                ai_array_get_data_byte_size
 .text.ai_version_get
                0x08008abc        0xc Middlewares/ST/AI/Lib/NetworkRuntime1020_CM33_GCC.a(ai_datatypes_internal.o)
                0x08008abc                ai_version_get
 .text.get_tensor_byte_size
                0x08008ac8       0x30 Middlewares/ST/AI/Lib/NetworkRuntime1020_CM33_GCC.a(ai_datatypes_internal.o)
                0x08008ac8                get_tensor_byte_size
 .text.malloc   0x08008af8       0x10 /opt/st/stm32cubeclt_1.20.0/GNU-tools-for-STM32/bin/../lib/gcc/arm-none-eabi/13.3.1/../../../../arm-none-eabi/lib/thumb/v8-m.main+fp/hard/libc_nano.a(libc_a-malloc.o)
                0x08008af8                malloc
 .text.sbrk_aligned
                0x08008b08       0x44 /opt/st/stm32cubeclt_1.20.0/GNU-tools-for-STM32/bin/../lib/gcc/arm-none-eabi/13.3.1/../../../../arm-none-eabi/lib/thumb/v8-m.main+fp/hard/libc_nano.a(libc_a-mallocr.o)
 .text._malloc_r
                0x08008b4c      0x100 /opt/st/stm32cubeclt_1.20.0/GNU-tools-for-STM32/bin/../lib/gcc/arm-none-eabi/13.3.1/../../../../arm-none-eabi/lib/thumb/v8-m.main+fp/hard/libc_nano.a(libc_a-mallocr.o)
                0x08008b4c                _malloc_r
 .text.__malloc_lock
                0x08008c4c        0xc /opt/st/stm32cubeclt_1.20.0/GNU-tools-for-STM32/bin/../lib/gcc/arm-none-eabi/13.3.1/../../../../arm-none-eabi/lib/thumb/v8-m.main+fp/hard/libc_nano.a(libc_a-mlock.o)
                0x08008c4c                __malloc_lock
 .text.__malloc_unlock
                0x08008c58        0xc /opt/st/stm32cubeclt_1.20.0/GNU-tools-for-STM32/bin/../lib/gcc/arm-none-eabi/13.3.1/../../../../arm-none-eabi/lib/thumb/v8-m.main+fp/hard/libc_nano.a(libc_a-mlock.o)
                0x08008c58                __malloc_unlock
 .text._realloc_r
                0x08008c64       0x5c /opt/st/stm32cubeclt_1.20.0/GNU-tools-for-STM32/bin/../lib/gcc/arm-none-eabi/13.3.1/../../../../arm-none-eabi/lib/thumb/v8-m.main+fp/hard/libc_nano.a(libc_a-reallocr.o)
                0x08008c64                _realloc_r
 .text.__cvt    0x08008cc0       0xca /opt/st/stm32cubeclt_1.20.0/GNU-tools-for-STM32/bin/../lib/gcc/arm-none-eabi/13.3.1/../../../../arm-none-eabi/lib/thumb/v8-m.main+fp/hard/libc_nano.a(libc_a-nano-vfprintf_float.o)
                0x08008cc0                __cvt
 .text.__exponent
                0x08008d8a       0x72 /opt/st/stm32cubeclt_1.20.0/GNU-tools-for-STM32/bin/../lib/gcc/arm-none-eabi/13.3.1/../../../../arm-none-eabi/lib/thumb/v8-m.main+fp/hard/libc_nano.a(libc_a-nano-vfprintf_float.o)
                0x08008d8a                __exponent
 .text._printf_float
                0x08008dfc      0x454 /opt/st/stm32cubeclt_1.20.0/GNU-tools-for-STM32/bin/../lib/gcc/arm-none-eabi/13.3.1/../../../../arm-none-eabi/lib/thumb/v8-m.main+fp/hard/libc_nano.a(libc_a-nano-vfprintf_float.o)
                0x08008dfc                _printf_float
 .text._printf_common
                0x08009250       0xe4 /opt/st/stm32cubeclt_1.20.0/GNU-tools-for-STM32/bin/../lib/gcc/arm-none-eabi/13.3.1/../../../../arm-none-eabi/lib/thumb/v8-m.main+fp/hard/libc_nano.a(libc_a-nano-vfprintf_i.o)
                0x08009250                _printf_common
 .text._printf_i
                0x08009334      0x23c /opt/st/stm32cubeclt_1.20.0/GNU-tools-for-STM32/bin/../lib/gcc/arm-none-eabi/13.3.1/../../../../arm-none-eabi/lib/thumb/v8-m.main+fp/hard/libc_nano.a(libc_a-nano-vfprintf_i.o)
                0x08009334                _printf_i
 .text.std      0x08009570       0x6c /opt/st/stm32cubeclt_1.20.0/GNU-tools-for-STM32/bin/../lib/gcc/arm-none-eabi/13.3.1/../../../../arm-none-eabi/lib/thumb/v8-m.main+fp/hard/libc_nano.a(libc_a-findfp.o)
 .text.stdio_exit_handler
                0x080095dc       0x18 /opt/st/stm32cubeclt_1.20.0/GNU-tools-for-STM32/bin/../lib/gcc/arm-none-eabi/13.3.1/../../../../arm-none-eabi/lib/thumb/v8-m.main+fp/hard/libc_nano.a(libc_a-findfp.o)
 .text.cleanup_stdio
                0x080095f4       0x40 /opt/st/stm32cubeclt_1.20.0/GNU-tools-for-STM32/bin/../lib/gcc/arm-none-eabi/13.3.1/../../../../arm-none-eabi/lib/thumb/v8-m.main+fp/hard/libc_nano.a(libc_a-findfp.o)
 .text.global_stdio_init.part.0
                0x08009634       0x3c /opt/st/stm32cubeclt_1.20.0/GNU-tools-for-STM32/bin/../lib/gcc/arm-none-eabi/13.3.1/../../../../arm-none-eabi/lib/thumb/v8-m.main+fp/hard/libc_nano.a(libc_a-findfp.o)
 .text.__sfp_lock_acquire
                0x08009670        0xc /opt/st/stm32cubeclt_1.20.0/GNU-tools-for-STM32/bin/../lib/gcc/arm-none-eabi/13.3.1/../../../../arm-none-eabi/lib/thumb/v8-m.main+fp/hard/libc_nano.a(libc_a-findfp.o)
                0x08009670                __sfp_lock_acquire
 .text.__sfp_lock_release
                0x0800967c        0xc /opt/st/stm32cubeclt_1.20.0/GNU-tools-for-STM32/bin/../lib/gcc/arm-none-eabi/13.3.1/../../../../arm-none-eabi/lib/thumb/v8-m.main+fp/hard/libc_nano.a(libc_a-findfp.o)
                0x0800967c                __sfp_lock_release
 .text.__sinit  0x08009688       0x30 /opt/st/stm32cubeclt_1.20.0/GNU-tools-for-STM32/bin/../lib/gcc/arm-none-eabi/13.3.1/../../../../arm-none-eabi/lib/thumb/v8-m.main+fp/hard/libc_nano.a(libc_a-findfp.o)
                0x08009688                __sinit
 .text._fwalk_sglue
                0x080096b8       0x3c /opt/st/stm32cubeclt_1.20.0/GNU-tools-for-STM32/bin/../lib/gcc/arm-none-eabi/13.3.1/../../../../arm-none-eabi/lib/thumb/v8-m.main+fp/hard/libc_nano.a(libc_a-fwalk.o)
                0x080096b8                _fwalk_sglue
 .text.printf   0x080096f4       0x24 /opt/st/stm32cubeclt_1.20.0/GNU-tools-for-STM32/bin/../lib/gcc/arm-none-eabi/13.3.1/../../../../arm-none-eabi/lib/thumb/v8-m.main+fp/hard/libc_nano.a(libc_a-printf.o)
                0x080096f4                printf
                0x080096f4                iprintf
 .text._puts_r  0x08009718       0xaa /opt/st/stm32cubeclt_1.20.0/GNU-tools-for-STM32/bin/../lib/gcc/arm-none-eabi/13.3.1/../../../../arm-none-eabi/lib/thumb/v8-m.main+fp/hard/libc_nano.a(libc_a-puts.o)
                0x08009718                _puts_r
 *fill*         0x080097c2        0x2 
 .text.puts     0x080097c4       0x10 /opt/st/stm32cubeclt_1.20.0/GNU-tools-for-STM32/bin/../lib/gcc/arm-none-eabi/13.3.1/../../../../arm-none-eabi/lib/thumb/v8-m.main+fp/hard/libc_nano.a(libc_a-puts.o)
                0x080097c4                puts
 .text.snprintf
                0x080097d4       0x6c /opt/st/stm32cubeclt_1.20.0/GNU-tools-for-STM32/bin/../lib/gcc/arm-none-eabi/13.3.1/../../../../arm-none-eabi/lib/thumb/v8-m.main+fp/hard/libc_nano.a(libc_a-snprintf.o)
                0x080097d4                snprintf
                0x080097d4                sniprintf
 .text.__sread  0x08009840       0x22 /opt/st/stm32cubeclt_1.20.0/GNU-tools-for-STM32/bin/../lib/gcc/arm-none-eabi/13.3.1/../../../../arm-none-eabi/lib/thumb/v8-m.main+fp/hard/libc_nano.a(libc_a-stdio.o)
                0x08009840                __sread
 .text.__swrite
                0x08009862       0x38 /opt/st/stm32cubeclt_1.20.0/GNU-tools-for-STM32/bin/../lib/gcc/arm-none-eabi/13.3.1/../../../../arm-none-eabi/lib/thumb/v8-m.main+fp/hard/libc_nano.a(libc_a-stdio.o)
                0x08009862                __swrite
 .text.__sseek  0x0800989a       0x24 /opt/st/stm32cubeclt_1.20.0/GNU-tools-for-STM32/bin/../lib/gcc/arm-none-eabi/13.3.1/../../../../arm-none-eabi/lib/thumb/v8-m.main+fp/hard/libc_nano.a(libc_a-stdio.o)
                0x0800989a                __sseek
 .text.__sclose
                0x080098be        0x8 /opt/st/stm32cubeclt_1.20.0/GNU-tools-for-STM32/bin/../lib/gcc/arm-none-eabi/13.3.1/../../../../arm-none-eabi/lib/thumb/v8-m.main+fp/hard/libc_nano.a(libc_a-stdio.o)
                0x080098be                __sclose
 .text.__swbuf_r
                0x080098c6       0x7c /opt/st/stm32cubeclt_1.20.0/GNU-tools-for-STM32/bin/../lib/gcc/arm-none-eabi/13.3.1/../../../../arm-none-eabi/lib/thumb/v8-m.main+fp/hard/libc_nano.a(libc_a-wbuf.o)
                0x080098c6                __swbuf_r
 *fill*         0x08009942        0x2 
 .text.__swsetup_r
                0x08009944       0xac /opt/st/stm32cubeclt_1.20.0/GNU-tools-for-STM32/bin/../lib/gcc/arm-none-eabi/13.3.1/../../../../arm-none-eabi/lib/thumb/v8-m.main+fp/hard/libc_nano.a(libc_a-wsetup.o)
                0x08009944                __swsetup_r
 .text.memset   0x080099f0       0x10 /opt/st/stm32cubeclt_1.20.0/GNU-tools-for-STM32/bin/../lib/gcc/arm-none-eabi/13.3.1/../../../../arm-none-eabi/lib/thumb/v8-m.main+fp/hard/libc_nano.a(libc_a-memset.o)
                0x080099f0                memset
 .text._localeconv_r
                0x08009a00        0x8 /opt/st/stm32cubeclt_1.20.0/GNU-tools-for-STM32/bin/../lib/gcc/arm-none-eabi/13.3.1/../../../../arm-none-eabi/lib/thumb/v8-m.main+fp/hard/libc_nano.a(libc_a-localeconv.o)
                0x08009a00                _localeconv_r
 .text._close_r
                0x08009a08       0x20 /opt/st/stm32cubeclt_1.20.0/GNU-tools-for-STM32/bin/../lib/gcc/arm-none-eabi/13.3.1/../../../../arm-none-eabi/lib/thumb/v8-m.main+fp/hard/libc_nano.a(libc_a-closer.o)
                0x08009a08                _close_r
 .text._lseek_r
                0x08009a28       0x24 /opt/st/stm32cubeclt_1.20.0/GNU-tools-for-STM32/bin/../lib/gcc/arm-none-eabi/13.3.1/../../../../arm-none-eabi/lib/thumb/v8-m.main+fp/hard/libc_nano.a(libc_a-lseekr.o)
                0x08009a28                _lseek_r
 .text._read_r  0x08009a4c       0x24 /opt/st/stm32cubeclt_1.20.0/GNU-tools-for-STM32/bin/../lib/gcc/arm-none-eabi/13.3.1/../../../../arm-none-eabi/lib/thumb/v8-m.main+fp/hard/libc_nano.a(libc_a-readr.o)
                0x08009a4c                _read_r
 .text._sbrk_r  0x08009a70       0x20 /opt/st/stm32cubeclt_1.20.0/GNU-tools-for-STM32/bin/../lib/gcc/arm-none-eabi/13.3.1/../../../../arm-none-eabi/lib/thumb/v8-m.main+fp/hard/libc_nano.a(libc_a-sbrkr.o)
                0x08009a70                _sbrk_r
 .text._write_r
                0x08009a90       0x24 /opt/st/stm32cubeclt_1.20.0/GNU-tools-for-STM32/bin/../lib/gcc/arm-none-eabi/13.3.1/../../../../arm-none-eabi/lib/thumb/v8-m.main+fp/hard/libc_nano.a(libc_a-writer.o)
                0x08009a90                _write_r
 .text.__errno  0x08009ab4        0xc /opt/st/stm32cubeclt_1.20.0/GNU-tools-for-STM32/bin/../lib/gcc/arm-none-eabi/13.3.1/../../../../arm-none-eabi/lib/thumb/v8-m.main+fp/hard/libc_nano.a(libc_a-errno.o)
                0x08009ab4                __errno
 .text.__libc_init_array
                0x08009ac0       0x48 /opt/st/stm32cubeclt_1.20.0/GNU-tools-for-STM32/bin/../lib/gcc/arm-none-eabi/13.3.1/../../../../arm-none-eabi/lib/thumb/v8-m.main+fp/hard/libc_nano.a(libc_a-init.o)
                0x08009ac0                __libc_init_array
 .text.__retarget_lock_init_recursive
                0x08009b08        0x2 /opt/st/stm32cubeclt_1.20.0/GNU-tools-for-STM32/bin/../lib/gcc/arm-none-eabi/13.3.1/../../../../arm-none-eabi/lib/thumb/v8-m.main+fp/hard/libc_nano.a(libc_a-lock.o)
                0x08009b08                __retarget_lock_init_recursive
 .text.__retarget_lock_acquire_recursive
                0x08009b0a        0x2 /opt/st/stm32cubeclt_1.20.0/GNU-tools-for-STM32/bin/../lib/gcc/arm-none-eabi/13.3.1/../../../../arm-none-eabi/lib/thumb/v8-m.main+fp/hard/libc_nano.a(libc_a-lock.o)
                0x08009b0a                __retarget_lock_acquire_recursive
 .text.__retarget_lock_release_recursive
                0x08009b0c        0x2 /opt/st/stm32cubeclt_1.20.0/GNU-tools-for-STM32/bin/../lib/gcc/arm-none-eabi/13.3.1/../../../../arm-none-eabi/lib/thumb/v8-m.main+fp/hard/libc_nano.a(libc_a-lock.o)
                0x08009b0c                __retarget_lock_release_recursive
 .text.memchr   0x08009b0e       0x1c /opt/st/stm32cubeclt_1.20.0/GNU-tools-for-STM32/bin/../lib/gcc/arm-none-eabi/13.3.1/../../../../arm-none-eabi/lib/thumb/v8-m.main+fp/hard/libc_nano.a(libc_a-memchr-stub.o)
                0x08009b0e                memchr
 .text.memcpy   0x08009b2a       0x1a /opt/st/stm32cubeclt_1.20.0/GNU-tools-for-STM32/bin/../lib/gcc/arm-none-eabi/13.3.1/../../../../arm-none-eabi/lib/thumb/v8-m.main+fp/hard/libc_nano.a(libc_a-memcpy-stub.o)
                0x08009b2a                memcpy
 .text.quorem   0x08009b44      0x11a /opt/st/stm32cubeclt_1.20.0/GNU-tools-for-STM32/bin/../lib/gcc/arm-none-eabi/13.3.1/../../../../arm-none-eabi/lib/thumb/v8-m.main+fp/hard/libc_nano.a(libc_a-dtoa.o)
 *fill*         0x08009c5e        0x2 
 .text._dtoa_r  0x08009c60      0xba4 /opt/st/stm32cubeclt_1.20.0/GNU-tools-for-STM32/bin/../lib/gcc/arm-none-eabi/13.3.1/../../../../arm-none-eabi/lib/thumb/v8-m.main+fp/hard/libc_nano.a(libc_a-dtoa.o)
                0x08009c60                _dtoa_r
 .text._free_r  0x0800a804       0x94 /opt/st/stm32cubeclt_1.20.0/GNU-tools-for-STM32/bin/../lib/gcc/arm-none-eabi/13.3.1/../../../../arm-none-eabi/lib/thumb/v8-m.main+fp/hard/libc_nano.a(libc_a-freer.o)
                0x0800a804                _free_r
 .text._Balloc  0x0800a898       0x80 /opt/st/stm32cubeclt_1.20.0/GNU-tools-for-STM32/bin/../lib/gcc/arm-none-eabi/13.3.1/../../../../arm-none-eabi/lib/thumb/v8-m.main+fp/hard/libc_nano.a(libc_a-mprec.o)
                0x0800a898                _Balloc
 .text._Bfree   0x0800a918       0x44 /opt/st/stm32cubeclt_1.20.0/GNU-tools-for-STM32/bin/../lib/gcc/arm-none-eabi/13.3.1/../../../../arm-none-eabi/lib/thumb/v8-m.main+fp/hard/libc_nano.a(libc_a-mprec.o)
                0x0800a918                _Bfree
 .text.__multadd
                0x0800a95c       0x90 /opt/st/stm32cubeclt_1.20.0/GNU-tools-for-STM32/bin/../lib/gcc/arm-none-eabi/13.3.1/../../../../arm-none-eabi/lib/thumb/v8-m.main+fp/hard/libc_nano.a(libc_a-mprec.o)
                0x0800a95c                __multadd
 .text.__hi0bits
                0x0800a9ec       0x3e /opt/st/stm32cubeclt_1.20.0/GNU-tools-for-STM32/bin/../lib/gcc/arm-none-eabi/13.3.1/../../../../arm-none-eabi/lib/thumb/v8-m.main+fp/hard/libc_nano.a(libc_a-mprec.o)
                0x0800a9ec                __hi0bits
 .text.__lo0bits
                0x0800aa2a       0x5a /opt/st/stm32cubeclt_1.20.0/GNU-tools-for-STM32/bin/../lib/gcc/arm-none-eabi/13.3.1/../../../../arm-none-eabi/lib/thumb/v8-m.main+fp/hard/libc_nano.a(libc_a-mprec.o)
                0x0800aa2a                __lo0bits
 .text.__i2b    0x0800aa84       0x2c /opt/st/stm32cubeclt_1.20.0/GNU-tools-for-STM32/bin/../lib/gcc/arm-none-eabi/13.3.1/../../../../arm-none-eabi/lib/thumb/v8-m.main+fp/hard/libc_nano.a(libc_a-mprec.o)
                0x0800aa84                __i2b
 .text.__multiply
                0x0800aab0      0x148 /opt/st/stm32cubeclt_1.20.0/GNU-tools-for-STM32/bin/../lib/gcc/arm-none-eabi/13.3.1/../../../../arm-none-eabi/lib/thumb/v8-m.main+fp/hard/libc_nano.a(libc_a-mprec.o)
                0x0800aab0                __multiply
 .text.__pow5mult
                0x0800abf8       0xb4 /opt/st/stm32cubeclt_1.20.0/GNU-tools-for-STM32/bin/../lib/gcc/arm-none-eabi/13.3.1/../../../../arm-none-eabi/lib/thumb/v8-m.main+fp/hard/libc_nano.a(libc_a-mprec.o)
                0x0800abf8                __pow5mult
 .text.__lshift
                0x0800acac       0xd8 /opt/st/stm32cubeclt_1.20.0/GNU-tools-for-STM32/bin/../lib/gcc/arm-none-eabi/13.3.1/../../../../arm-none-eabi/lib/thumb/v8-m.main+fp/hard/libc_nano.a(libc_a-mprec.o)
                0x0800acac                __lshift
 .text.__mcmp   0x0800ad84       0x36 /opt/st/stm32cubeclt_1.20.0/GNU-tools-for-STM32/bin/../lib/gcc/arm-none-eabi/13.3.1/../../../../arm-none-eabi/lib/thumb/v8-m.main+fp/hard/libc_nano.a(libc_a-mprec.o)
                0x0800ad84                __mcmp
 *fill*         0x0800adba        0x2 
 .text.__mdiff  0x0800adbc      0x130 /opt/st/stm32cubeclt_1.20.0/GNU-tools-for-STM32/bin/../lib/gcc/arm-none-eabi/13.3.1/../../../../arm-none-eabi/lib/thumb/v8-m.main+fp/hard/libc_nano.a(libc_a-mprec.o)
                0x0800adbc                __mdiff
 .text.__d2b    0x0800aeec       0xb0 /opt/st/stm32cubeclt_1.20.0/GNU-tools-for-STM32/bin/../lib/gcc/arm-none-eabi/13.3.1/../../../../arm-none-eabi/lib/thumb/v8-m.main+fp/hard/libc_nano.a(libc_a-mprec.o)
                0x0800aeec                __d2b
 .text._malloc_usable_size_r
                0x0800af9c       0x10 /opt/st/stm32cubeclt_1.20.0/GNU-tools-for-STM32/bin/../lib/gcc/arm-none-eabi/13.3.1/../../../../arm-none-eabi/lib/thumb/v8-m.main+fp/hard/libc_nano.a(libc_a-msizer.o)
                0x0800af9c                _malloc_usable_size_r
 .text.__ssputs_r
                0x0800afac       0xb6 /opt/st/stm32cubeclt_1.20.0/GNU-tools-for-STM32/bin/../lib/gcc/arm-none-eabi/13.3.1/../../../../arm-none-eabi/lib/thumb/v8-m.main+fp/hard/libc_nano.a(libc_a-nano-svfprintf.o)
                0x0800afac                __ssputs_r
 *fill*         0x0800b062        0x2 
 .text._svfprintf_r
                0x0800b064      0x1f8 /opt/st/stm32cubeclt_1.20.0/GNU-tools-for-STM32/bin/../lib/gcc/arm-none-eabi/13.3.1/../../../../arm-none-eabi/lib/thumb/v8-m.main+fp/hard/libc_nano.a(libc_a-nano-svfprintf.o)
                0x0800b064                _svfprintf_r
                0x0800b064                _svfiprintf_r
 .text.__sfputc_r
                0x0800b25c       0x2e /opt/st/stm32cubeclt_1.20.0/GNU-tools-for-STM32/bin/../lib/gcc/arm-none-eabi/13.3.1/../../../../arm-none-eabi/lib/thumb/v8-m.main+fp/hard/libc_nano.a(libc_a-nano-vfprintf.o)
 .text.__sfputs_r
                0x0800b28a       0x24 /opt/st/stm32cubeclt_1.20.0/GNU-tools-for-STM32/bin/../lib/gcc/arm-none-eabi/13.3.1/../../../../arm-none-eabi/lib/thumb/v8-m.main+fp/hard/libc_nano.a(libc_a-nano-vfprintf.o)
                0x0800b28a                __sfputs_r
 *fill*         0x0800b2ae        0x2 
 .text._vfprintf_r
                0x0800b2b0      0x230 /opt/st/stm32cubeclt_1.20.0/GNU-tools-for-STM32/bin/../lib/gcc/arm-none-eabi/13.3.1/../../../../arm-none-eabi/lib/thumb/v8-m.main+fp/hard/libc_nano.a(libc_a-nano-vfprintf.o)
                0x0800b2b0                _vfiprintf_r
                0x0800b2b0                _vfprintf_r
 .text.__sflush_r
                0x0800b4e0      0x108 /opt/st/stm32cubeclt_1.20.0/GNU-tools-for-STM32/bin/../lib/gcc/arm-none-eabi/13.3.1/../../../../arm-none-eabi/lib/thumb/v8-m.main+fp/hard/libc_nano.a(libc_a-fflush.o)
                0x0800b4e0                __sflush_r
 .text._fflush_r
                0x0800b5e8       0x50 /opt/st/stm32cubeclt_1.20.0/GNU-tools-for-STM32/bin/../lib/gcc/arm-none-eabi/13.3.1/../../../../arm-none-eabi/lib/thumb/v8-m.main+fp/hard/libc_nano.a(libc_a-fflush.o)
                0x0800b5e8                _fflush_r
 .text.__swhatbuf_r
                0x0800b638       0x4a /opt/st/stm32cubeclt_1.20.0/GNU-tools-for-STM32/bin/../lib/gcc/arm-none-eabi/13.3.1/../../../../arm-none-eabi/lib/thumb/v8-m.main+fp/hard/libc_nano.a(libc_a-makebuf.o)
                0x0800b638                __swhatbuf_r
 .text.__smakebuf_r
                0x0800b682       0x78 /opt/st/stm32cubeclt_1.20.0/GNU-tools-for-STM32/bin/../lib/gcc/arm-none-eabi/13.3.1/../../../../arm-none-eabi/lib/thumb/v8-m.main+fp/hard/libc_nano.a(libc_a-makebuf.o)
                0x0800b682                __smakebuf_r
 .text.memmove  0x0800b6fa       0x34 /opt/st/stm32cubeclt_1.20.0/GNU-tools-for-STM32/bin/../lib/gcc/arm-none-eabi/13.3.1/../../../../arm-none-eabi/lib/thumb/v8-m.main+fp/hard/libc_nano.a(libc_a-memmove.o)
                0x0800b6fa                memmove
 *fill*         0x0800b72e        0x2 
 .text._fstat_r
                0x0800b730       0x24 /opt/st/stm32cubeclt_1.20.0/GNU-tools-for-STM32/bin/../lib/gcc/arm-none-eabi/13.3.1/../../../../arm-none-eabi/lib/thumb/v8-m.main+fp/hard/libc_nano.a(libc_a-fstatr.o)
                0x0800b730                _fstat_r
 .text._isatty_r
                0x0800b754       0x20 /opt/st/stm32cubeclt_1.20.0/GNU-tools-for-STM32/bin/../lib/gcc/arm-none-eabi/13.3.1/../../../../arm-none-eabi/lib/thumb/v8-m.main+fp/hard/libc_nano.a(libc_a-isattyr.o)
                0x0800b754                _isatty_r
 .text.__assert_func
                0x0800b774       0x3c /opt/st/stm32cubeclt_1.20.0/GNU-tools-for-STM32/bin/../lib/gcc/arm-none-eabi/13.3.1/../../../../arm-none-eabi/lib/thumb/v8-m.main+fp/hard/libc_nano.a(libc_a-assert.o)
                0x0800b774                __assert_func
 .text._calloc_r
                0x0800b7b0       0x28 /opt/st/stm32cubeclt_1.20.0/GNU-tools-for-STM32/bin/../lib/gcc/arm-none-eabi/13.3.1/../../../../arm-none-eabi/lib/thumb/v8-m.main+fp/hard/libc_nano.a(libc_a-callocr.o)
                0x0800b7b0                _calloc_r
 .text.__ascii_mbtowc
                0x0800b7d8       0x24 /opt/st/stm32cubeclt_1.20.0/GNU-tools-for-STM32/bin/../lib/gcc/arm-none-eabi/13.3.1/../../../../arm-none-eabi/lib/thumb/v8-m.main+fp/hard/libc_nano.a(libc_a-mbtowc_r.o)
                0x0800b7d8                __ascii_mbtowc
 .text.__ascii_wctomb
                0x0800b7fc       0x1a /opt/st/stm32cubeclt_1.20.0/GNU-tools-for-STM32/bin/../lib/gcc/arm-none-eabi/13.3.1/../../../../arm-none-eabi/lib/thumb/v8-m.main+fp/hard/libc_nano.a(libc_a-wctomb_r.o)
                0x0800b7fc                __ascii_wctomb
 *fill*         0x0800b816        0x2 
 .text.fprintf  0x0800b818       0x24 /opt/st/stm32cubeclt_1.20.0/GNU-tools-for-STM32/bin/../lib/gcc/arm-none-eabi/13.3.1/../../../../arm-none-eabi/lib/thumb/v8-m.main+fp/hard/libc_nano.a(libc_a-fprintf.o)
                0x0800b818                fprintf
                0x0800b818                fiprintf
 .text.abort    0x0800b83c        0xe /opt/st/stm32cubeclt_1.20.0/GNU-tools-for-STM32/bin/../lib/gcc/arm-none-eabi/13.3.1/../../../../arm-none-eabi/lib/thumb/v8-m.main+fp/hard/libc_nano.a(libc_a-abort.o)
                0x0800b83c                abort
 .text._raise_r
                0x0800b84a       0x50 /opt/st/stm32cubeclt_1.20.0/GNU-tools-for-STM32/bin/../lib/gcc/arm-none-eabi/13.3.1/../../../../arm-none-eabi/lib/thumb/v8-m.main+fp/hard/libc_nano.a(libc_a-signal.o)
                0x0800b84a                _raise_r
 *fill*         0x0800b89a        0x2 
 .text.raise    0x0800b89c       0x10 /opt/st/stm32cubeclt_1.20.0/GNU-tools-for-STM32/bin/../lib/gcc/arm-none-eabi/13.3.1/../../../../arm-none-eabi/lib/thumb/v8-m.main+fp/hard/libc_nano.a(libc_a-signal.o)
                0x0800b89c                raise
 .text._kill_r  0x0800b8ac       0x24 /opt/st/stm32cubeclt_1.20.0/GNU-tools-for-STM32/bin/../lib/gcc/arm-none-eabi/13.3.1/../../../../arm-none-eabi/lib/thumb/v8-m.main+fp/hard/libc_nano.a(libc_a-signalr.o)
                0x0800b8ac                _kill_r
 .text._getpid_r
                0x0800b8d0        0x4 /opt/st/stm32cubeclt_1.20.0/GNU-tools-for-STM32/bin/../lib/gcc/arm-none-eabi/13.3.1/../../../../arm-none-eabi/lib/thumb/v8-m.main+fp/hard/libc_nano.a(libc_a-signalr.o)
                0x0800b8d0                _getpid_r
 .text.expf     0x0800b8d4       0x6c /opt/st/stm32cubeclt_1.20.0/GNU-tools-for-STM32/bin/../lib/gcc/arm-none-eabi/13.3.1/../../../../arm-none-eabi/lib/thumb/v8-m.main+fp/hard/libm.a(libm_a-wf_exp.o)
                0x0800b8d4                expf
 .text.finitef  0x0800b940       0x14 /opt/st/stm32cubeclt_1.20.0/GNU-tools-for-STM32/bin/../lib/gcc/arm-none-eabi/13.3.1/../../../../arm-none-eabi/lib/thumb/v8-m.main+fp/hard/libm.a(libm_a-sf_finite.o)
                0x0800b940                finitef
 .text.with_errnof
                0x0800b954       0x1c /opt/st/stm32cubeclt_1.20.0/GNU-tools-for-STM32/bin/../lib/gcc/arm-none-eabi/13.3.1/../../../../arm-none-eabi/lib/thumb/v8-m.main+fp/hard/libm.a(libm_a-math_errf.o)
 .text.xflowf   0x0800b970       0x16 /opt/st/stm32cubeclt_1.20.0/GNU-tools-for-STM32/bin/../lib/gcc/arm-none-eabi/13.3.1/../../../../arm-none-eabi/lib/thumb/v8-m.main+fp/hard/libm.a(libm_a-math_errf.o)
 *fill*         0x0800b986        0x2 
 .text.__math_uflowf
                0x0800b988        0xc /opt/st/stm32cubeclt_1.20.0/GNU-tools-for-STM32/bin/../lib/gcc/arm-none-eabi/13.3.1/../../../../arm-none-eabi/lib/thumb/v8-m.main+fp/hard/libm.a(libm_a-math_errf.o)
                0x0800b988                __math_uflowf
 .text.__math_oflowf
                0x0800b994        0xc /opt/st/stm32cubeclt_1.20.0/GNU-tools-for-STM32/bin/../lib/gcc/arm-none-eabi/13.3.1/../../../../arm-none-eabi/lib/thumb/v8-m.main+fp/hard/libm.a(libm_a-math_errf.o)
                0x0800b994                __math_oflowf
 .text.__ieee754_expf
                0x0800b9a0      0x19c /opt/st/stm32cubeclt_1.20.0/GNU-tools-for-STM32/bin/../lib/gcc/arm-none-eabi/13.3.1/../../../../arm-none-eabi/lib/thumb/v8-m.main+fp/hard/libm.a(libm_a-ef_exp.o)
                0x0800b9a0                __ieee754_expf
 *(.glue_7)
 .glue_7        0x0800bb3c        0x0 linker stubs
 *(.glue_7t)
 .glue_7t       0x0800bb3c        0x0 linker stubs
 *(.eh_frame)
 .eh_frame      0x0800bb3c        0x0 /opt/st/stm32cubeclt_1.20.0/GNU-tools-for-STM32/bin/../lib/gcc/arm-none-eabi/13.3.1/thumb/v8-m.main+fp/hard/crtbegin.o
 *(.init)
 .init          0x0800bb3c        0x4 /opt/st/stm32cubeclt_1.20.0/GNU-tools-for-STM32/bin/../lib/gcc/arm-none-eabi/13.3.1/thumb/v8-m.main+fp/hard/crti.o
                0x0800bb3c                _init
 .init          0x0800bb40        0x8 /opt/st/stm32cubeclt_1.20.0/GNU-tools-for-STM32/bin/../lib/gcc/arm-none-eabi/13.3.1/thumb/v8-m.main+fp/hard/crtn.o
 *(.fini)
 .fini          0x0800bb48        0x4 /opt/st/stm32cubeclt_1.20.0/GNU-tools-for-STM32/bin/../lib/gcc/arm-none-eabi/13.3.1/thumb/v8-m.main+fp/hard/crti.o
                0x0800bb48                _fini
 .fini          0x0800bb4c        0x8 /opt/st/stm32cubeclt_1.20.0/GNU-tools-for-STM32/bin/../lib/gcc/arm-none-eabi/13.3.1/thumb/v8-m.main+fp/hard/crtn.o
                0x0800bb54                        _etext = .

.vfp11_veneer   0x0800bb54        0x0
 .vfp11_veneer  0x0800bb54        0x0 linker stubs

.v4_bx          0x0800bb54        0x0
 .v4_bx         0x0800bb54        0x0 linker stubs

.iplt           0x0800bb54        0x0
 .iplt          0x0800bb54        0x0 /opt/st/stm32cubeclt_1.20.0/GNU-tools-for-STM32/bin/../lib/gcc/arm-none-eabi/13.3.1/thumb/v8-m.main+fp/hard/crtbegin.o

.rodata         0x0800bb60    0x5ebec
 *(.rodata)
 .rodata        0x0800bb60       0x30 build/network_data.o
 *(.rodata*)
 .rodata.I2C_PrintDetectedDevices.str1.4
                0x0800bb90      0x586 build/main.o
                                 0x59 (size before relaxing)
 .rodata.I2C_ReadWhoAmI.str1.4
                0x0800c116        0x0 build/main.o
                                 0x63 (size before relaxing)
 .rodata.I2C_CheckSensorsWhoAmI.str1.4
                0x0800c116        0x0 build/main.o
                                 0x80 (size before relaxing)
 .rodata.LoRa_SendATAndPrintResponse.str1.4
                0x0800c116        0x0 build/main.o
                                 0x41 (size before relaxing)
 .rodata.main.str1.4
                0x0800c116        0x0 build/main.o
                                 0xdc (size before relaxing)
 .rodata.hts221_read_data_polling.str1.4
                0x0800c116        0x0 build/hts221_read_data_polling.o
                                 0x47 (size before relaxing)
 .rodata.lps22hh_read_data_polling.str1.4
                0x0800c116        0x0 build/lps22hh_read_data_polling.o
                                 0x47 (size before relaxing)
 *fill*         0x0800c116        0x2 
 .rodata.LPGPIO_Map
                0x0800c118       0x80 build/stm32u5xx_hal_gpio.o
 .rodata.denominator.0
                0x0800c198        0x8 build/stm32u5xx_hal_uart_ex.o
 .rodata.numerator.1
                0x0800c1a0        0x8 build/stm32u5xx_hal_uart_ex.o
 .rodata.UARTPrescTable
                0x0800c1a8       0x18 build/stm32u5xx_hal_uart.o
                0x0800c1a8                UARTPrescTable
 .rodata.MSIRangeTable
                0x0800c1c0       0x40 build/system_stm32u5xx.o
                0x0800c1c0                MSIRangeTable
 .rodata.APBPrescTable
                0x0800c200        0x8 build/system_stm32u5xx.o
                0x0800c200                APBPrescTable
 .rodata.AHBPrescTable
                0x0800c208       0x10 build/system_stm32u5xx.o
                0x0800c208                AHBPrescTable
 *fill*         0x0800c218        0x8 
 .rodata.s_network_weights_array_u64
                0x0800c220    0x5e0b8 build/network_data_params.o
                0x0800c220                s_network_weights_array_u64
 .rodata.gemm_0_chain
                0x0806a2d8        0x8 build/network.o
 .rodata.nl_0_nl_chain
                0x0806a2e0        0x8 build/network.o
 .rodata.gemm_1_chain
                0x0806a2e8        0x8 build/network.o
 .rodata.nl_1_nl_chain
                0x0806a2f0        0x8 build/network.o
 .rodata.gemm_2_chain
                0x0806a2f8        0x8 build/network.o
 .rodata.nl_2_nl_chain
                0x0806a300        0x8 build/network.o
 .rodata.gemm_3_chain
                0x0806a308        0x8 build/network.o
 .rodata.nl_3_nl_chain
                0x0806a310        0x8 build/network.o
 .rodata.gemm_4_chain
                0x0806a318        0x8 build/network.o
 .rodata.nl_4_nl_chain
                0x0806a320        0x8 build/network.o
 .rodata.gemm_5_chain
                0x0806a328        0x8 build/network.o
 .rodata.nl_6_chain
                0x0806a330        0x8 build/network.o
 .rodata.print_fixed_2.str1.4
                0x0806a338        0x0 build/app_x-cube-ai.o
                                 0x1e (size before relaxing)
 .rodata.print_fixed_3.str1.4
                0x0806a338        0x0 build/app_x-cube-ai.o
                                 0x1e (size before relaxing)
 .rodata.ai_log_err.str1.4
                0x0806a338        0x0 build/app_x-cube-ai.o
                                 0x61 (size before relaxing)
 .rodata.ai_boostrap.str1.4
                0x0806a338        0x0 build/app_x-cube-ai.o
                                 0x1b (size before relaxing)
 .rodata.ai_run.str1.4
                0x0806a338        0x0 build/app_x-cube-ai.o
                                  0xf (size before relaxing)
 .rodata.acquire_and_process_data.str1.4
                0x0806a338        0x0 build/app_x-cube-ai.o
                                 0x4e (size before relaxing)
 .rodata.post_process.str1.4
                0x0806a338        0x0 build/app_x-cube-ai.o
                                 0x7e (size before relaxing)
 .rodata.MX_X_CUBE_AI_Init.str1.4
                0x0806a338        0x0 build/app_x-cube-ai.o
                                 0x1c (size before relaxing)
 .rodata.MX_X_CUBE_AI_Process.str1.4
                0x0806a338        0x0 build/app_x-cube-ai.o
                                 0x13 (size before relaxing)
 .rodata.str1.4
                0x0806a338        0x0 build/app_x-cube-ai.o
                                 0xd2 (size before relaxing)
 .rodata.kClassesFr
                0x0806a338       0x34 build/app_x-cube-ai.o
 .rodata.kXMax  0x0806a36c       0x28 build/app_x-cube-ai.o
 .rodata.kXMin  0x0806a394       0x28 build/app_x-cube-ai.o
 .rodata._printf_float.str1.1
                0x0806a3bc      0x171 /opt/st/stm32cubeclt_1.20.0/GNU-tools-for-STM32/bin/../lib/gcc/arm-none-eabi/13.3.1/../../../../arm-none-eabi/lib/thumb/v8-m.main+fp/hard/libc_nano.a(libc_a-nano-vfprintf_float.o)
                                 0x12 (size before relaxing)
 .rodata._printf_i.str1.1
                0x0806a52d        0x0 /opt/st/stm32cubeclt_1.20.0/GNU-tools-for-STM32/bin/../lib/gcc/arm-none-eabi/13.3.1/../../../../arm-none-eabi/lib/thumb/v8-m.main+fp/hard/libc_nano.a(libc_a-nano-vfprintf_i.o)
                                 0x22 (size before relaxing)
 .rodata._dtoa_r.str1.1
                0x0806a52d        0x0 /opt/st/stm32cubeclt_1.20.0/GNU-tools-for-STM32/bin/../lib/gcc/arm-none-eabi/13.3.1/../../../../arm-none-eabi/lib/thumb/v8-m.main+fp/hard/libc_nano.a(libc_a-dtoa.o)
                                 0x8f (size before relaxing)
 .rodata._Balloc.str1.1
                0x0806a52d        0x0 /opt/st/stm32cubeclt_1.20.0/GNU-tools-for-STM32/bin/../lib/gcc/arm-none-eabi/13.3.1/../../../../arm-none-eabi/lib/thumb/v8-m.main+fp/hard/libc_nano.a(libc_a-mprec.o)
                                 0x70 (size before relaxing)
 .rodata.__multadd.str1.1
                0x0806a52d        0x0 /opt/st/stm32cubeclt_1.20.0/GNU-tools-for-STM32/bin/../lib/gcc/arm-none-eabi/13.3.1/../../../../arm-none-eabi/lib/thumb/v8-m.main+fp/hard/libc_nano.a(libc_a-mprec.o)
                                 0x11 (size before relaxing)
 *fill*         0x0806a52d        0x3 
 .rodata.p05.0  0x0806a530        0xc /opt/st/stm32cubeclt_1.20.0/GNU-tools-for-STM32/bin/../lib/gcc/arm-none-eabi/13.3.1/../../../../arm-none-eabi/lib/thumb/v8-m.main+fp/hard/libc_nano.a(libc_a-mprec.o)
 *fill*         0x0806a53c        0x4 
 .rodata.__mprec_bigtens
                0x0806a540       0x28 /opt/st/stm32cubeclt_1.20.0/GNU-tools-for-STM32/bin/../lib/gcc/arm-none-eabi/13.3.1/../../../../arm-none-eabi/lib/thumb/v8-m.main+fp/hard/libc_nano.a(libc_a-mprec.o)
                0x0806a540                __mprec_bigtens
 .rodata.__mprec_tens
                0x0806a568       0xc8 /opt/st/stm32cubeclt_1.20.0/GNU-tools-for-STM32/bin/../lib/gcc/arm-none-eabi/13.3.1/../../../../arm-none-eabi/lib/thumb/v8-m.main+fp/hard/libc_nano.a(libc_a-mprec.o)
                0x0806a568                __mprec_tens
 .rodata._svfprintf_r.str1.1
                0x0806a630        0x0 /opt/st/stm32cubeclt_1.20.0/GNU-tools-for-STM32/bin/../lib/gcc/arm-none-eabi/13.3.1/../../../../arm-none-eabi/lib/thumb/v8-m.main+fp/hard/libc_nano.a(libc_a-nano-svfprintf.o)
                                 0x11 (size before relaxing)
 .rodata._vfprintf_r.str1.1
                0x0806a630        0x0 /opt/st/stm32cubeclt_1.20.0/GNU-tools-for-STM32/bin/../lib/gcc/arm-none-eabi/13.3.1/../../../../arm-none-eabi/lib/thumb/v8-m.main+fp/hard/libc_nano.a(libc_a-nano-vfprintf.o)
                                 0x11 (size before relaxing)
 .rodata._setlocale_r.str1.1
                0x0806a630        0x0 /opt/st/stm32cubeclt_1.20.0/GNU-tools-for-STM32/bin/../lib/gcc/arm-none-eabi/13.3.1/../../../../arm-none-eabi/lib/thumb/v8-m.main+fp/hard/libc_nano.a(libc_a-locale.o)
                                  0x9 (size before relaxing)
 .rodata.str1.1
                0x0806a630        0x0 /opt/st/stm32cubeclt_1.20.0/GNU-tools-for-STM32/bin/../lib/gcc/arm-none-eabi/13.3.1/../../../../arm-none-eabi/lib/thumb/v8-m.main+fp/hard/libc_nano.a(libc_a-locale.o)
                                  0x2 (size before relaxing)
 .rodata.__assert_func.str1.1
                0x0806a630        0x0 /opt/st/stm32cubeclt_1.20.0/GNU-tools-for-STM32/bin/../lib/gcc/arm-none-eabi/13.3.1/../../../../arm-none-eabi/lib/thumb/v8-m.main+fp/hard/libc_nano.a(libc_a-assert.o)
                                 0x3d (size before relaxing)
 .rodata._ctype_
                0x0806a630      0x101 /opt/st/stm32cubeclt_1.20.0/GNU-tools-for-STM32/bin/../lib/gcc/arm-none-eabi/13.3.1/../../../../arm-none-eabi/lib/thumb/v8-m.main+fp/hard/libc_nano.a(libc_a-ctype_.o)
                0x0806a630                _ctype_
 *fill*         0x0806a731        0x3 
 .rodata.ln2LO  0x0806a734        0x8 /opt/st/stm32cubeclt_1.20.0/GNU-tools-for-STM32/bin/../lib/gcc/arm-none-eabi/13.3.1/../../../../arm-none-eabi/lib/thumb/v8-m.main+fp/hard/libm.a(libm_a-ef_exp.o)
 .rodata.ln2HI  0x0806a73c        0x8 /opt/st/stm32cubeclt_1.20.0/GNU-tools-for-STM32/bin/../lib/gcc/arm-none-eabi/13.3.1/../../../../arm-none-eabi/lib/thumb/v8-m.main+fp/hard/libm.a(libm_a-ef_exp.o)
 .rodata.halF   0x0806a744        0x8 /opt/st/stm32cubeclt_1.20.0/GNU-tools-for-STM32/bin/../lib/gcc/arm-none-eabi/13.3.1/../../../../arm-none-eabi/lib/thumb/v8-m.main+fp/hard/libm.a(libm_a-ef_exp.o)

.ARM.extab
 *(.ARM.extab* .gnu.linkonce.armextab.*)

.ARM            0x0806a74c        0x8
                0x0806a74c                        __exidx_start = .
 *(.ARM.exidx*)
 .ARM.exidx     0x0806a74c        0x8 /opt/st/stm32cubeclt_1.20.0/GNU-tools-for-STM32/bin/../lib/gcc/arm-none-eabi/13.3.1/../../../../arm-none-eabi/lib/thumb/v8-m.main+fp/hard/libc_nano.a(libc_a-strlen.o)
 .ARM.exidx     0x0806a754        0x0 /opt/st/stm32cubeclt_1.20.0/GNU-tools-for-STM32/bin/../lib/gcc/arm-none-eabi/13.3.1/thumb/v8-m.main+fp/hard/libgcc.a(_udivmoddi4.o)
                                  0x8 (size before relaxing)
                0x0806a754                        __exidx_end = .

.preinit_array  0x0806a754        0x0
                0x0806a754                        PROVIDE (__preinit_array_start = .)
 *(.preinit_array*)
                0x0806a754                        PROVIDE (__preinit_array_end = .)

.init_array     0x0806a754        0x4
                0x0806a754                        PROVIDE (__init_array_start = .)
 *(SORT_BY_NAME(.init_array.*))
 *(.init_array*)
 .init_array    0x0806a754        0x4 /opt/st/stm32cubeclt_1.20.0/GNU-tools-for-STM32/bin/../lib/gcc/arm-none-eabi/13.3.1/thumb/v8-m.main+fp/hard/crtbegin.o
                0x0806a758                        PROVIDE (__init_array_end = .)

.fini_array     0x0806a758        0x4
                [!provide]                        PROVIDE (__fini_array_start = .)
 *(SORT_BY_NAME(.fini_array.*))
 *(.fini_array*)
 .fini_array    0x0806a758        0x4 /opt/st/stm32cubeclt_1.20.0/GNU-tools-for-STM32/bin/../lib/gcc/arm-none-eabi/13.3.1/thumb/v8-m.main+fp/hard/crtbegin.o
                [!provide]                        PROVIDE (__fini_array_end = .)
                0x0806a75c                        _sidata = LOADADDR (.data)

.rel.dyn        0x0806a75c        0x0
 .rel.iplt      0x0806a75c        0x0 /opt/st/stm32cubeclt_1.20.0/GNU-tools-for-STM32/bin/../lib/gcc/arm-none-eabi/13.3.1/thumb/v8-m.main+fp/hard/crtbegin.o

.data           0x20000000      0xec8 load address 0x0806a75c
                0x20000000                        _sdata = .
 *(.data)
 *(.data*)
 .data.COM_USART
                0x20000000        0x4 build/stm32u5xx_nucleo.o
                0x20000000                COM_USART
 .data.uwTickFreq
                0x20000004        0x1 build/stm32u5xx_hal.o
                0x20000004                uwTickFreq
 *fill*         0x20000005        0x3 
 .data.uwTickPrio
                0x20000008        0x4 build/stm32u5xx_hal.o
                0x20000008                uwTickPrio
 .data.SystemCoreClock
                0x2000000c        0x4 build/system_stm32u5xx.o
                0x2000000c                SystemCoreClock
 .data.g_network_data_map_weights
                0x20000010       0x1c build/network_data.o
                0x20000010                g_network_data_map_weights
 .data.__compound_literal.1
                0x2000002c       0x10 build/network_data.o
 .data.g_network_data_map_activations
                0x2000003c       0x1c build/network_data.o
                0x2000003c                g_network_data_map_activations
 .data.__compound_literal.0
                0x20000058       0x10 build/network_data.o
 .data.g_network
                0x20000068       0x4c build/network.o
 .data.__compound_literal.124
                0x200000b4       0x18 build/network.o
 .data.__compound_literal.123
                0x200000cc        0xc build/network.o
 .data.__compound_literal.119
                0x200000d8        0x4 build/network.o
 .data.__compound_literal.118
                0x200000dc        0xc build/network.o
 .data.__compound_literal.114
                0x200000e8        0x4 build/network.o
 .data.__compound_literal.113
                0x200000ec       0x1c build/network.o
 .data.__compound_literal.112
                0x20000108       0x10 build/network.o
 .data.__compound_literal.111
                0x20000118       0x1c build/network.o
 .data.__compound_literal.110
                0x20000134       0x10 build/network.o
 .data.gemm_0_layer
                0x20000144       0x1c build/network.o
 .data.__compound_literal.109
                0x20000160       0x30 build/network.o
 .data.__compound_literal.107
                0x20000190        0x8 build/network.o
 .data.__compound_literal.106
                0x20000198        0x4 build/network.o
 .data.__compound_literal.105
                0x2000019c        0x4 build/network.o
 .data.nl_0_nl_layer
                0x200001a0       0x20 build/network.o
 .data.__compound_literal.104
                0x200001c0       0x30 build/network.o
 .data.__compound_literal.101
                0x200001f0        0x4 build/network.o
 .data.__compound_literal.100
                0x200001f4        0x4 build/network.o
 .data.gemm_1_layer
                0x200001f8       0x1c build/network.o
 .data.__compound_literal.99
                0x20000214       0x30 build/network.o
 .data.__compound_literal.97
                0x20000244        0x8 build/network.o
 .data.__compound_literal.96
                0x2000024c        0x4 build/network.o
 .data.__compound_literal.95
                0x20000250        0x4 build/network.o
 .data.nl_1_nl_layer
                0x20000254       0x20 build/network.o
 .data.__compound_literal.94
                0x20000274       0x30 build/network.o
 .data.__compound_literal.91
                0x200002a4        0x4 build/network.o
 .data.__compound_literal.90
                0x200002a8        0x4 build/network.o
 .data.gemm_2_layer
                0x200002ac       0x1c build/network.o
 .data.__compound_literal.89
                0x200002c8       0x30 build/network.o
 .data.__compound_literal.87
                0x200002f8        0x8 build/network.o
 .data.__compound_literal.86
                0x20000300        0x4 build/network.o
 .data.__compound_literal.85
                0x20000304        0x4 build/network.o
 .data.nl_2_nl_layer
                0x20000308       0x20 build/network.o
 .data.__compound_literal.84
                0x20000328       0x30 build/network.o
 .data.__compound_literal.81
                0x20000358        0x4 build/network.o
 .data.__compound_literal.80
                0x2000035c        0x4 build/network.o
 .data.gemm_3_layer
                0x20000360       0x1c build/network.o
 .data.__compound_literal.79
                0x2000037c       0x30 build/network.o
 .data.__compound_literal.77
                0x200003ac        0x8 build/network.o
 .data.__compound_literal.76
                0x200003b4        0x4 build/network.o
 .data.__compound_literal.75
                0x200003b8        0x4 build/network.o
 .data.nl_3_nl_layer
                0x200003bc       0x20 build/network.o
 .data.__compound_literal.74
                0x200003dc       0x30 build/network.o
 .data.__compound_literal.71
                0x2000040c        0x4 build/network.o
 .data.__compound_literal.70
                0x20000410        0x4 build/network.o
 .data.gemm_4_layer
                0x20000414       0x1c build/network.o
 .data.__compound_literal.69
                0x20000430       0x30 build/network.o
 .data.__compound_literal.67
                0x20000460        0x8 build/network.o
 .data.__compound_literal.66
                0x20000468        0x4 build/network.o
 .data.__compound_literal.65
                0x2000046c        0x4 build/network.o
 .data.nl_4_nl_layer
                0x20000470       0x20 build/network.o
 .data.__compound_literal.64
                0x20000490       0x30 build/network.o
 .data.__compound_literal.61
                0x200004c0        0x4 build/network.o
 .data.__compound_literal.60
                0x200004c4        0x4 build/network.o
 .data.gemm_5_layer
                0x200004c8       0x1c build/network.o
 .data.__compound_literal.59
                0x200004e4       0x30 build/network.o
 .data.__compound_literal.57
                0x20000514        0x8 build/network.o
 .data.__compound_literal.56
                0x2000051c        0x4 build/network.o
 .data.__compound_literal.55
                0x20000520        0x4 build/network.o
 .data.nl_6_layer
                0x20000524       0x24 build/network.o
 .data.__compound_literal.54
                0x20000548       0x30 build/network.o
 .data.__compound_literal.51
                0x20000578        0x4 build/network.o
 .data.__compound_literal.50
                0x2000057c        0x4 build/network.o
 .data.serving_default_keras_tensor_1030_output
                0x20000580       0x1c build/network.o
 .data.__compound_literal.49
                0x2000059c       0x10 build/network.o
 .data.__compound_literal.48
                0x200005ac       0x10 build/network.o
 .data.nl_6_output
                0x200005bc       0x1c build/network.o
 .data.__compound_literal.47
                0x200005d8       0x10 build/network.o
 .data.__compound_literal.46
                0x200005e8       0x10 build/network.o
 .data.nl_4_nl_output
                0x200005f8       0x1c build/network.o
 .data.__compound_literal.45
                0x20000614       0x10 build/network.o
 .data.__compound_literal.44
                0x20000624       0x10 build/network.o
 .data.nl_3_nl_output
                0x20000634       0x1c build/network.o
 .data.__compound_literal.43
                0x20000650       0x10 build/network.o
 .data.__compound_literal.42
                0x20000660       0x10 build/network.o
 .data.nl_2_nl_output
                0x20000670       0x1c build/network.o
 .data.__compound_literal.41
                0x2000068c       0x10 build/network.o
 .data.__compound_literal.40
                0x2000069c       0x10 build/network.o
 .data.nl_1_nl_output
                0x200006ac       0x1c build/network.o
 .data.__compound_literal.39
                0x200006c8       0x10 build/network.o
 .data.__compound_literal.38
                0x200006d8       0x10 build/network.o
 .data.nl_0_nl_output
                0x200006e8       0x1c build/network.o
 .data.__compound_literal.37
                0x20000704       0x10 build/network.o
 .data.__compound_literal.36
                0x20000714       0x10 build/network.o
 .data.gemm_5_weights
                0x20000724       0x1c build/network.o
 .data.__compound_literal.35
                0x20000740       0x10 build/network.o
 .data.__compound_literal.34
                0x20000750       0x10 build/network.o
 .data.gemm_5_output
                0x20000760       0x1c build/network.o
 .data.__compound_literal.33
                0x2000077c       0x10 build/network.o
 .data.__compound_literal.32
                0x2000078c       0x10 build/network.o
 .data.gemm_5_bias
                0x2000079c       0x1c build/network.o
 .data.__compound_literal.31
                0x200007b8       0x10 build/network.o
 .data.__compound_literal.30
                0x200007c8       0x10 build/network.o
 .data.gemm_4_weights
                0x200007d8       0x1c build/network.o
 .data.__compound_literal.29
                0x200007f4       0x10 build/network.o
 .data.__compound_literal.28
                0x20000804       0x10 build/network.o
 .data.gemm_4_output
                0x20000814       0x1c build/network.o
 .data.__compound_literal.27
                0x20000830       0x10 build/network.o
 .data.__compound_literal.26
                0x20000840       0x10 build/network.o
 .data.gemm_4_bias
                0x20000850       0x1c build/network.o
 .data.__compound_literal.25
                0x2000086c       0x10 build/network.o
 .data.__compound_literal.24
                0x2000087c       0x10 build/network.o
 .data.gemm_3_weights
                0x2000088c       0x1c build/network.o
 .data.__compound_literal.23
                0x200008a8       0x10 build/network.o
 .data.__compound_literal.22
                0x200008b8       0x10 build/network.o
 .data.gemm_3_output
                0x200008c8       0x1c build/network.o
 .data.__compound_literal.21
                0x200008e4       0x10 build/network.o
 .data.__compound_literal.20
                0x200008f4       0x10 build/network.o
 .data.gemm_3_bias
                0x20000904       0x1c build/network.o
 .data.__compound_literal.19
                0x20000920       0x10 build/network.o
 .data.__compound_literal.18
                0x20000930       0x10 build/network.o
 .data.gemm_2_weights
                0x20000940       0x1c build/network.o
 .data.__compound_literal.17
                0x2000095c       0x10 build/network.o
 .data.__compound_literal.16
                0x2000096c       0x10 build/network.o
 .data.gemm_2_output
                0x2000097c       0x1c build/network.o
 .data.__compound_literal.15
                0x20000998       0x10 build/network.o
 .data.__compound_literal.14
                0x200009a8       0x10 build/network.o
 .data.gemm_2_bias
                0x200009b8       0x1c build/network.o
 .data.__compound_literal.13
                0x200009d4       0x10 build/network.o
 .data.__compound_literal.12
                0x200009e4       0x10 build/network.o
 .data.gemm_1_weights
                0x200009f4       0x1c build/network.o
 .data.__compound_literal.11
                0x20000a10       0x10 build/network.o
 .data.__compound_literal.10
                0x20000a20       0x10 build/network.o
 .data.gemm_1_output
                0x20000a30       0x1c build/network.o
 .data.__compound_literal.9
                0x20000a4c       0x10 build/network.o
 .data.__compound_literal.8
                0x20000a5c       0x10 build/network.o
 .data.gemm_1_bias
                0x20000a6c       0x1c build/network.o
 .data.__compound_literal.7
                0x20000a88       0x10 build/network.o
 .data.__compound_literal.6
                0x20000a98       0x10 build/network.o
 .data.gemm_0_weights
                0x20000aa8       0x1c build/network.o
 .data.__compound_literal.5
                0x20000ac4       0x10 build/network.o
 .data.__compound_literal.4
                0x20000ad4       0x10 build/network.o
 .data.gemm_0_output
                0x20000ae4       0x1c build/network.o
 .data.__compound_literal.3
                0x20000b00       0x10 build/network.o
 .data.__compound_literal.2
                0x20000b10       0x10 build/network.o
 .data.gemm_0_bias