Archive member included to satisfy reference by file (symbol)

/opt/st/stm32cubeclt_1.20.0/GNU-tools-for-STM32/bin/../lib/gcc/arm-none-eabi/13.3.1/../../../../arm-none-eabi/lib/thumb/v8-m.main+fp/hard/libc_nano.a(libc_a-exit.o)
                              /opt/st/stm32cubeclt_1.20.0/GNU-tools-for-STM32/bin/../lib/gcc/arm-none-eabi/13.3.1/../../../../arm-none-eabi/lib/thumb/v8-m.main+fp/hard/crt0.o (exit)
/opt/st/stm32cubeclt_1.20.0/GNU-tools-for-STM32/bin/../lib/gcc/arm-none-eabi/13.3.1/../../../../arm-none-eabi/lib/thumb/v8-m.main+fp/hard/libc_nano.a(libc_a-findfp.o)
                              /opt/st/stm32cubeclt_1.20.0/GNU-tools-for-STM32/bin/../lib/gcc/arm-none-eabi/13.3.1/../../../../arm-none-eabi/lib/thumb/v8-m.main+fp/hard/libc_nano.a(libc_a-exit.o) (__stdio_exit_handler)
/opt/st/stm32cubeclt_1.20.0/GNU-tools-for-STM32/bin/../lib/gcc/arm-none-eabi/13.3.1/../../../../arm-none-eabi/lib/thumb/v8-m.main+fp/hard/libc_nano.a(libc_a-fwalk.o)
                              /opt/st/stm32cubeclt_1.20.0/GNU-tools-for-STM32/bin/../lib/gcc/arm-none-eabi/13.3.1/../../../../arm-none-eabi/lib/thumb/v8-m.main+fp/hard/libc_nano.a(libc_a-findfp.o) (_fwalk_sglue)
/opt/st/stm32cubeclt_1.20.0/GNU-tools-for-STM32/bin/../lib/gcc/arm-none-eabi/13.3.1/../../../../arm-none-eabi/lib/thumb/v8-m.main+fp/hard/libc_nano.a(libc_a-printf.o)
                              build/main.o (printf)
/opt/st/stm32cubeclt_1.20.0/GNU-tools-for-STM32/bin/../lib/gcc/arm-none-eabi/13.3.1/../../../../arm-none-eabi/lib/thumb/v8-m.main+fp/hard/libc_nano.a(libc_a-stdio.o)
                              /opt/st/stm32cubeclt_1.20.0/GNU-tools-for-STM32/bin/../lib/gcc/arm-none-eabi/13.3.1/../../../../arm-none-eabi/lib/thumb/v8-m.main+fp/hard/libc_nano.a(libc_a-findfp.o) (__sread)
/opt/st/stm32cubeclt_1.20.0/GNU-tools-for-STM32/bin/../lib/gcc/arm-none-eabi/13.3.1/../../../../arm-none-eabi/lib/thumb/v8-m.main+fp/hard/libc_nano.a(libc_a-memset.o)
                              /opt/st/stm32cubeclt_1.20.0/GNU-tools-for-STM32/bin/../lib/gcc/arm-none-eabi/13.3.1/../../../../arm-none-eabi/lib/thumb/v8-m.main+fp/hard/crt0.o (memset)
/opt/st/stm32cubeclt_1.20.0/GNU-tools-for-STM32/bin/../lib/gcc/arm-none-eabi/13.3.1/../../../../arm-none-eabi/lib/thumb/v8-m.main+fp/hard/libc_nano.a(libc_a-closer.o)
                              /opt/st/stm32cubeclt_1.20.0/GNU-tools-for-STM32/bin/../lib/gcc/arm-none-eabi/13.3.1/../../../../arm-none-eabi/lib/thumb/v8-m.main+fp/hard/libc_nano.a(libc_a-stdio.o) (_close_r)
/opt/st/stm32cubeclt_1.20.0/GNU-tools-for-STM32/bin/../lib/gcc/arm-none-eabi/13.3.1/../../../../arm-none-eabi/lib/thumb/v8-m.main+fp/hard/libc_nano.a(libc_a-reent.o)
                              /opt/st/stm32cubeclt_1.20.0/GNU-tools-for-STM32/bin/../lib/gcc/arm-none-eabi/13.3.1/../../../../arm-none-eabi/lib/thumb/v8-m.main+fp/hard/libc_nano.a(libc_a-closer.o) (errno)
/opt/st/stm32cubeclt_1.20.0/GNU-tools-for-STM32/bin/../lib/gcc/arm-none-eabi/13.3.1/../../../../arm-none-eabi/lib/thumb/v8-m.main+fp/hard/libc_nano.a(libc_a-impure.o)
                              /opt/st/stm32cubeclt_1.20.0/GNU-tools-for-STM32/bin/../lib/gcc/arm-none-eabi/13.3.1/../../../../arm-none-eabi/lib/thumb/v8-m.main+fp/hard/libc_nano.a(libc_a-printf.o) (_impure_ptr)
/opt/st/stm32cubeclt_1.20.0/GNU-tools-for-STM32/bin/../lib/gcc/arm-none-eabi/13.3.1/../../../../arm-none-eabi/lib/thumb/v8-m.main+fp/hard/libc_nano.a(libc_a-lseekr.o)
                              /opt/st/stm32cubeclt_1.20.0/GNU-tools-for-STM32/bin/../lib/gcc/arm-none-eabi/13.3.1/../../../../arm-none-eabi/lib/thumb/v8-m.main+fp/hard/libc_nano.a(libc_a-stdio.o) (_lseek_r)
/opt/st/stm32cubeclt_1.20.0/GNU-tools-for-STM32/bin/../lib/gcc/arm-none-eabi/13.3.1/../../../../arm-none-eabi/lib/thumb/v8-m.main+fp/hard/libc_nano.a(libc_a-readr.o)
                              /opt/st/stm32cubeclt_1.20.0/GNU-tools-for-STM32/bin/../lib/gcc/arm-none-eabi/13.3.1/../../../../arm-none-eabi/lib/thumb/v8-m.main+fp/hard/libc_nano.a(libc_a-stdio.o) (_read_r)
/opt/st/stm32cubeclt_1.20.0/GNU-tools-for-STM32/bin/../lib/gcc/arm-none-eabi/13.3.1/../../../../arm-none-eabi/lib/thumb/v8-m.main+fp/hard/libc_nano.a(libc_a-writer.o)
                              /opt/st/stm32cubeclt_1.20.0/GNU-tools-for-STM32/bin/../lib/gcc/arm-none-eabi/13.3.1/../../../../arm-none-eabi/lib/thumb/v8-m.main+fp/hard/libc_nano.a(libc_a-stdio.o) (_write_r)
/opt/st/stm32cubeclt_1.20.0/GNU-tools-for-STM32/bin/../lib/gcc/arm-none-eabi/13.3.1/../../../../arm-none-eabi/lib/thumb/v8-m.main+fp/hard/libc_nano.a(libc_a-errno.o)
                              build/sysmem.o (__errno)
/opt/st/stm32cubeclt_1.20.0/GNU-tools-for-STM32/bin/../lib/gcc/arm-none-eabi/13.3.1/../../../../arm-none-eabi/lib/thumb/v8-m.main+fp/hard/libc_nano.a(libc_a-init.o)
                              /opt/st/stm32cubeclt_1.20.0/GNU-tools-for-STM32/bin/../lib/gcc/arm-none-eabi/13.3.1/../../../../arm-none-eabi/lib/thumb/v8-m.main+fp/hard/crt0.o (__libc_init_array)
[...]
Memory Configuration

Name             Origin             Length             Attributes
RAM              0x20000000         0x00040000         xrw
SRAM4            0x28000000         0x00004000         xrw
FLASH            0x08000000         0x00080000         xr
*default*        0x00000000         0xffffffff

Linker script and memory map

LOAD /opt/st/stm32cubeclt_1.20.0/GNU-tools-for-STM32/bin/../lib/gcc/arm-none-eabi/13.3.1/thumb/v8-m.main+fp/hard/crti.o
LOAD /opt/st/stm32cubeclt_1.20.0/GNU-tools-for-STM32/bin/../lib/gcc/arm-none-eabi/13.3.1/thumb/v8-m.main+fp/hard/crtbegin.o
LOAD /opt/st/stm32cubeclt_1.20.0/GNU-tools-for-STM32/bin/../lib/gcc/arm-none-eabi/13.3.1/../../../../arm-none-eabi/lib/thumb/v8-m.main+fp/hard/crt0.o
LOAD build/main.o
LOAD build/stm32u5xx_it.o
LOAD build/stm32u5xx_hal_msp.o
LOAD build/stm32u5xx_nucleo.o
LOAD build/stm32u5xx_hal_cortex.o
LOAD build/stm32u5xx_hal_icache.o
LOAD build/stm32u5xx_hal.o
LOAD build/stm32u5xx_hal_i2c.o
LOAD build/stm32u5xx_hal_i2c_ex.o
LOAD build/stm32u5xx_hal_rcc.o
LOAD build/stm32u5xx_hal_rcc_ex.o
LOAD build/stm32u5xx_hal_flash.o
LOAD build/stm32u5xx_hal_flash_ex.o
LOAD build/stm32u5xx_hal_gpio.o
LOAD build/stm32u5xx_hal_dma.o
LOAD build/stm32u5xx_hal_dma_ex.o
LOAD build/stm32u5xx_hal_exti.o
LOAD build/stm32u5xx_hal_pwr.o
LOAD build/stm32u5xx_hal_pwr_ex.o
LOAD build/stm32u5xx_hal_gtzc.o
LOAD build/stm32u5xx_hal_usart.o
LOAD build/stm32u5xx_hal_usart_ex.o
LOAD build/stm32u5xx_hal_uart_ex.o
LOAD build/stm32u5xx_hal_uart.o
LOAD build/system_stm32u5xx.o
LOAD build/sysmem.o
LOAD build/syscalls.o
LOAD build/startup_stm32u545xx.o
LOAD /opt/st/stm32cubeclt_1.20.0/GNU-tools-for-STM32/bin/../lib/gcc/arm-none-eabi/13.3.1/../../../../arm-none-eabi/lib/thumb/v8-m.main+fp/hard/libc_nano.a
LOAD /opt/st/stm32cubeclt_1.20.0/GNU-tools-for-STM32/bin/../lib/gcc/arm-none-eabi/13.3.1/../../../../arm-none-eabi/lib/thumb/v8-m.main+fp/hard/libm.a
LOAD /opt/st/stm32cubeclt_1.20.0/GNU-tools-for-STM32/bin/../lib/gcc/arm-none-eabi/13.3.1/../../../../arm-none-eabi/lib/thumb/v8-m.main+fp/hard/libnosys.a
START GROUP
LOAD /opt/st/stm32cubeclt_1.20.0/GNU-tools-for-STM32/bin/../lib/gcc/arm-none-eabi/13.3.1/thumb/v8-m.main+fp/hard/libgcc.a
LOAD /opt/st/stm32cubeclt_1.20.0/GNU-tools-for-STM32/bin/../lib/gcc/arm-none-eabi/13.3.1/../../../../arm-none-eabi/lib/thumb/v8-m.main+fp/hard/libc_nano.a
END GROUP
START GROUP
LOAD /opt/st/stm32cubeclt_1.20.0/GNU-tools-for-STM32/bin/../lib/gcc/arm-none-eabi/13.3.1/thumb/v8-m.main+fp/hard/libgcc.a
LOAD /opt/st/stm32cubeclt_1.20.0/GNU-tools-for-STM32/bin/../lib/gcc/arm-none-eabi/13.3.1/../../../../arm-none-eabi/lib/thumb/v8-m.main+fp/hard/libc_nano.a
END GROUP
LOAD /opt/st/stm32cubeclt_1.20.0/GNU-tools-for-STM32/bin/../lib/gcc/arm-none-eabi/13.3.1/thumb/v8-m.main+fp/hard/crtend.o
LOAD /opt/st/stm32cubeclt_1.20.0/GNU-tools-for-STM32/bin/../lib/gcc/arm-none-eabi/13.3.1/thumb/v8-m.main+fp/hard/crtn.o
                0x20040000                        _estack = (ORIGIN (RAM) + LENGTH (RAM))
                0x00000200                        _Min_Heap_Size = 0x200
                0x00000400                        _Min_Stack_Size = 0x400

.isr_vector     0x08000000      0x238
 *(.isr_vector)
 .isr_vector    0x08000000      0x238 build/startup_stm32u545xx.o
                0x08000000                g_pfnVectors

.text           0x08000238     0x4920
 *(.text)
 .text          0x08000238       0x40 /opt/st/stm32cubeclt_1.20.0/GNU-tools-for-STM32/bin/../lib/gcc/arm-none-eabi/13.3.1/thumb/v8-m.main+fp/hard/crtbegin.o
 .text          0x08000278       0x30 /opt/st/stm32cubeclt_1.20.0/GNU-tools-for-STM32/bin/../lib/gcc/arm-none-eabi/13.3.1/thumb/v8-m.main+fp/hard/libgcc.a(_aeabi_uldivmod.o)
                0x08000278                __aeabi_uldivmod
 .text          0x080002a8      0x348 /opt/st/stm32cubeclt_1.20.0/GNU-tools-for-STM32/bin/../lib/gcc/arm-none-eabi/13.3.1/thumb/v8-m.main+fp/hard/libgcc.a(_udivmoddi4.o)
                0x080002a8                __udivmoddi4
 .text          0x080005f0        0x4 /opt/st/stm32cubeclt_1.20.0/GNU-tools-for-STM32/bin/../lib/gcc/arm-none-eabi/13.3.1/thumb/v8-m.main+fp/hard/libgcc.a(_dvmd_tls.o)
                0x080005f0                __aeabi_ldiv0
                0x080005f0                __aeabi_idiv0
 *(.text*)
 .text.BSP_PB_Callback
                0x080005f4       0x10 build/main.o
                0x080005f4                BSP_PB_Callback
 .text.Error_Handler
                0x08000604        0x4 build/main.o
                0x08000604                Error_Handler
 .text.SystemPower_Config
                0x08000608       0x10 build/main.o
 .text.MX_ICACHE_Init
                0x08000618       0x1a build/main.o
 .text.SystemClock_Config
                0x08000632       0x68 build/main.o
                0x08000632                SystemClock_Config
 *fill*         0x0800069a        0x2 
 .text.main     0x0800069c       0x68 build/main.o
                0x0800069c                main
 .text.NMI_Handler
                0x08000704        0x2 build/stm32u5xx_it.o
                0x08000704                NMI_Handler
 .text.HardFault_Handler
                0x08000706        0x2 build/stm32u5xx_it.o
                0x08000706                HardFault_Handler
 .text.MemManage_Handler
                0x08000708        0x2 build/stm32u5xx_it.o
                0x08000708                MemManage_Handler
 .text.BusFault_Handler
                0x0800070a        0x2 build/stm32u5xx_it.o
                0x0800070a                BusFault_Handler
 .text.UsageFault_Handler
                0x0800070c        0x2 build/stm32u5xx_it.o
                0x0800070c                UsageFault_Handler
 .text.SVC_Handler
                0x0800070e        0x2 build/stm32u5xx_it.o
                0x0800070e                SVC_Handler
 .text.DebugMon_Handler
                0x08000710        0x2 build/stm32u5xx_it.o
                0x08000710                DebugMon_Handler
 .text.PendSV_Handler
                0x08000712        0x2 build/stm32u5xx_it.o
                0x08000712                PendSV_Handler
 .text.SysTick_Handler
                0x08000714        0x8 build/stm32u5xx_it.o
                0x08000714                SysTick_Handler
 .text.EXTI13_IRQHandler
                0x0800071c        0xa build/stm32u5xx_it.o
                0x0800071c                EXTI13_IRQHandler
 *fill*         0x08000726        0x2 
 .text.HAL_MspInit
                0x08000728       0x24 build/stm32u5xx_hal_msp.o
                0x08000728                HAL_MspInit
 .text.COM1_MspInit
                0x0800074c       0x8c build/stm32u5xx_nucleo.o
 .text.BSP_LED_Init
                0x080007d8       0x4c build/stm32u5xx_nucleo.o
                0x080007d8                BSP_LED_Init
 .text.BSP_LED_On
                0x08000824       0x1c build/stm32u5xx_nucleo.o
                0x08000824                BSP_LED_On
 .text.BSP_LED_Toggle
                0x08000840       0x1c build/stm32u5xx_nucleo.o
                0x08000840                BSP_LED_Toggle
 .text.BSP_PB_Init
                0x0800085c       0x94 build/stm32u5xx_nucleo.o
                0x0800085c                BSP_PB_Init
 .text.BSP_PB_IRQHandler
                0x080008f0       0x18 build/stm32u5xx_nucleo.o
                0x080008f0                BSP_PB_IRQHandler
 .text.BUTTON_USER_EXTI_Callback
                0x08000908        0xa build/stm32u5xx_nucleo.o
 *fill*         0x08000912        0x2 
 .text.MX_USART1_Init
                0x08000914       0x34 build/stm32u5xx_nucleo.o
                0x08000914                MX_USART1_Init
 .text.BSP_COM_Init
                0x08000948       0x30 build/stm32u5xx_nucleo.o
                0x08000948                BSP_COM_Init
 .text.__io_putchar
                0x08000978       0x30 build/stm32u5xx_nucleo.o
                0x08000978                __io_putchar
 .text.__NVIC_EnableIRQ
                0x080009a8       0x1c build/stm32u5xx_hal_cortex.o
 .text.__NVIC_SetPriority
                0x080009c4       0x28 build/stm32u5xx_hal_cortex.o
 .text.NVIC_EncodePriority
                0x080009ec       0x3e build/stm32u5xx_hal_cortex.o
 *fill*         0x08000a2a        0x2 
 .text.HAL_NVIC_SetPriorityGrouping
                0x08000a2c       0x24 build/stm32u5xx_hal_cortex.o
                0x08000a2c                HAL_NVIC_SetPriorityGrouping
 .text.HAL_NVIC_SetPriority
                0x08000a50       0x20 build/stm32u5xx_hal_cortex.o
                0x08000a50                HAL_NVIC_SetPriority
 .text.HAL_NVIC_EnableIRQ
                0x08000a70        0x8 build/stm32u5xx_hal_cortex.o
                0x08000a70                HAL_NVIC_EnableIRQ
 .text.HAL_SYSTICK_Config
                0x08000a78       0x20 build/stm32u5xx_hal_cortex.o
                0x08000a78                HAL_SYSTICK_Config
 .text.HAL_SYSTICK_CLKSourceConfig
                0x08000a98       0x7c build/stm32u5xx_hal_cortex.o
                0x08000a98                HAL_SYSTICK_CLKSourceConfig
 .text.HAL_SYSTICK_GetCLKSourceConfig
                0x08000b14       0x34 build/stm32u5xx_hal_cortex.o
                0x08000b14                HAL_SYSTICK_GetCLKSourceConfig
 .text.HAL_ICACHE_ConfigAssociativityMode
                0x08000b48       0x24 build/stm32u5xx_hal_icache.o
                0x08000b48                HAL_ICACHE_ConfigAssociativityMode
 .text.HAL_ICACHE_Enable
                0x08000b6c       0x14 build/stm32u5xx_hal_icache.o
                0x08000b6c                HAL_ICACHE_Enable
 .text.HAL_InitTick
                0x08000b80       0xac build/stm32u5xx_hal.o
                0x08000b80                HAL_InitTick
 .text.HAL_Init
                0x08000c2c       0x54 build/stm32u5xx_hal.o
                0x08000c2c                HAL_Init
 .text.HAL_IncTick
                0x08000c80       0x18 build/stm32u5xx_hal.o
                0x08000c80                HAL_IncTick
 .text.HAL_GetTick
                0x08000c98        0xc build/stm32u5xx_hal.o
                0x08000c98                HAL_GetTick
 .text.RCC_SetFlashLatencyFromMSIRange
                0x08000ca4       0xc4 build/stm32u5xx_hal_rcc.o
 .text.HAL_RCC_GetSysClockFreq
                0x08000d68      0x184 build/stm32u5xx_hal_rcc.o
                0x08000d68                HAL_RCC_GetSysClockFreq
 .text.HAL_RCC_ClockConfig
                0x08000eec      0x30c build/stm32u5xx_hal_rcc.o
                0x08000eec                HAL_RCC_ClockConfig
 .text.HAL_RCC_GetHCLKFreq
                0x080011f8       0x28 build/stm32u5xx_hal_rcc.o
                0x080011f8                HAL_RCC_GetHCLKFreq
 .text.HAL_RCC_OscConfig
                0x08001220      0xaa0 build/stm32u5xx_hal_rcc.o
                0x08001220                HAL_RCC_OscConfig
 .text.HAL_RCC_GetPCLK1Freq
                0x08001cc0       0x20 build/stm32u5xx_hal_rcc.o
                0x08001cc0                HAL_RCC_GetPCLK1Freq
 .text.HAL_RCC_GetPCLK2Freq
                0x08001ce0       0x20 build/stm32u5xx_hal_rcc.o
                0x08001ce0                HAL_RCC_GetPCLK2Freq
 .text.HAL_RCC_GetPCLK3Freq
                0x08001d00       0x20 build/stm32u5xx_hal_rcc.o
                0x08001d00                HAL_RCC_GetPCLK3Freq
 .text.HAL_RCCEx_GetPLL1ClockFreq
                0x08001d20      0x21c build/stm32u5xx_hal_rcc_ex.o
                0x08001d20                HAL_RCCEx_GetPLL1ClockFreq
 .text.HAL_RCCEx_GetPLL2ClockFreq
                0x08001f3c      0x21c build/stm32u5xx_hal_rcc_ex.o
                0x08001f3c                HAL_RCCEx_GetPLL2ClockFreq
 .text.HAL_RCCEx_GetPLL3ClockFreq
                0x08002158      0x21c build/stm32u5xx_hal_rcc_ex.o
                0x08002158                HAL_RCCEx_GetPLL3ClockFreq
 .text.HAL_RCCEx_GetPeriphCLKFreq
                0x08002374      0xebc build/stm32u5xx_hal_rcc_ex.o
                0x08002374                HAL_RCCEx_GetPeriphCLKFreq
 .text.HAL_GPIO_Init
                0x08003230      0x228 build/stm32u5xx_hal_gpio.o
                0x08003230                HAL_GPIO_Init
 .text.HAL_GPIO_WritePin
                0x08003458        0xa build/stm32u5xx_hal_gpio.o
                0x08003458                HAL_GPIO_WritePin
 .text.HAL_GPIO_TogglePin
                0x08003462       0x12 build/stm32u5xx_hal_gpio.o
                0x08003462                HAL_GPIO_TogglePin
 .text.HAL_EXTI_RegisterCallback
                0x08003474       0x22 build/stm32u5xx_hal_exti.o
                0x08003474                HAL_EXTI_RegisterCallback
 .text.HAL_EXTI_GetHandle
                0x08003496        0xc build/stm32u5xx_hal_exti.o
                0x08003496                HAL_EXTI_GetHandle
 *fill*         0x080034a2        0x2 
 .text.HAL_EXTI_IRQHandler
                0x080034a4       0x40 build/stm32u5xx_hal_exti.o
                0x080034a4                HAL_EXTI_IRQHandler
 .text.HAL_PWREx_ControlVoltageScaling
                0x080034e4       0xa0 build/stm32u5xx_hal_pwr_ex.o
                0x080034e4                HAL_PWREx_ControlVoltageScaling
 .text.HAL_PWREx_GetVoltageRange
                0x08003584       0x10 build/stm32u5xx_hal_pwr_ex.o
                0x08003584                HAL_PWREx_GetVoltageRange
 .text.HAL_PWREx_ConfigSupply
                0x08003594       0x6c build/stm32u5xx_hal_pwr_ex.o
                0x08003594                HAL_PWREx_ConfigSupply
 .text.UART_EndRxTransfer
                0x08003600       0x56 build/stm32u5xx_hal_uart.o
 .text.HAL_UART_MspInit
                0x08003656        0x2 build/stm32u5xx_hal_uart.o
                0x08003656                HAL_UART_MspInit
 .text.UART_SetConfig
                0x08003658      0x1c8 build/stm32u5xx_hal_uart.o
                0x08003658                UART_SetConfig
 .text.UART_AdvFeatureConfig
                0x08003820       0xca build/stm32u5xx_hal_uart.o
                0x08003820                UART_AdvFeatureConfig
 .text.UART_WaitOnFlagUntilTimeout
                0x080038ea       0x9e build/stm32u5xx_hal_uart.o
                0x080038ea                UART_WaitOnFlagUntilTimeout
 .text.HAL_UART_Transmit
                0x08003988       0xd2 build/stm32u5xx_hal_uart.o
                0x08003988                HAL_UART_Transmit
 .text.UART_CheckIdleState
                0x08003a5a       0xca build/stm32u5xx_hal_uart.o
                0x08003a5a                UART_CheckIdleState
 .text.HAL_UART_Init
                0x08003b24       0x66 build/stm32u5xx_hal_uart.o
                0x08003b24                HAL_UART_Init
 *fill*         0x08003b8a        0x2 
 .text.SystemInit
                0x08003b8c       0x44 build/system_stm32u5xx.o
                0x08003b8c                SystemInit
 .text._sbrk    0x08003bd0       0x48 build/sysmem.o
                0x08003bd0                _sbrk
 .text._read    0x08003c18       0x20 build/syscalls.o
                0x08003c18                _read
 .text._write   0x08003c38       0x1c build/syscalls.o
                0x08003c38                _write
 .text._close   0x08003c54        0x6 build/syscalls.o
                0x08003c54                _close
 .text._fstat   0x08003c5a        0xa build/syscalls.o
                0x08003c5a                _fstat
 .text._isatty  0x08003c64        0x4 build/syscalls.o
                0x08003c64                _isatty
 .text._lseek   0x08003c68        0x4 build/syscalls.o
                0x08003c68                _lseek
 .text.Reset_Handler
                0x08003c6c       0x50 build/startup_stm32u545xx.o
                0x08003c6c                Reset_Handler
 .text.Default_Handler
                0x08003cbc        0x2 build/startup_stm32u545xx.o
                0x08003cbc                EXTI2_IRQHandler
                0x08003cbc                TIM8_TRG_COM_IRQHandler
                0x08003cbc                TIM8_CC_IRQHandler
                0x08003cbc                EXTI5_IRQHandler
                0x08003cbc                FLASH_S_IRQHandler
                0x08003cbc                TIM1_CC_IRQHandler
                0x08003cbc                TSC_IRQHandler
                0x08003cbc                TAMP_IRQHandler
                0x08003cbc                TIM6_IRQHandler
                0x08003cbc                EXTI12_IRQHandler
                0x08003cbc                CORDIC_IRQHandler
                0x08003cbc                EXTI3_IRQHandler
                0x08003cbc                LPTIM4_IRQHandler
                0x08003cbc                GPDMA1_Channel5_IRQHandler
                0x08003cbc                EXTI8_IRQHandler
                0x08003cbc                LPTIM2_IRQHandler
                0x08003cbc                I2C3_ER_IRQHandler
                0x08003cbc                PWR_S3WU_IRQHandler
                0x08003cbc                LPDMA1_Channel3_IRQHandler
                0x08003cbc                LPTIM3_IRQHandler
                0x08003cbc                EXTI0_IRQHandler
                0x08003cbc                I2C2_EV_IRQHandler
                0x08003cbc                FPU_IRQHandler
                0x08003cbc                GPDMA1_Channel3_IRQHandler
                0x08003cbc                GPDMA1_Channel7_IRQHandler
                0x08003cbc                FDCAN1_IT1_IRQHandler
                0x08003cbc                RAMCFG_IRQHandler
                0x08003cbc                GPDMA1_Channel9_IRQHandler
                0x08003cbc                DCACHE1_IRQHandler
                0x08003cbc                SPI1_IRQHandler
                0x08003cbc                OCTOSPI1_IRQHandler
                0x08003cbc                GPDMA1_Channel2_IRQHandler
                0x08003cbc                TIM8_UP_IRQHandler
                0x08003cbc                RCC_S_IRQHandler
                0x08003cbc                MDF1_FLT1_IRQHandler
                0x08003cbc                ADC1_IRQHandler
                0x08003cbc                PKA_IRQHandler
                0x08003cbc                EXTI15_IRQHandler
                0x08003cbc                TIM17_IRQHandler
                0x08003cbc                USART3_IRQHandler
                0x08003cbc                RTC_IRQHandler
                0x08003cbc                EXTI9_IRQHandler
                0x08003cbc                UART5_IRQHandler
                0x08003cbc                TIM4_IRQHandler
                0x08003cbc                I2C1_EV_IRQHandler
                0x08003cbc                GPDMA1_Channel12_IRQHandler
                0x08003cbc                GPDMA1_Channel1_IRQHandler
                0x08003cbc                TIM16_IRQHandler
                0x08003cbc                GPDMA1_Channel15_IRQHandler
                0x08003cbc                UART4_IRQHandler
                0x08003cbc                SecureFault_Handler
                0x08003cbc                TIM3_IRQHandler
                0x08003cbc                RCC_IRQHandler
                0x08003cbc                TIM1_TRG_COM_IRQHandler
                0x08003cbc                Default_Handler
                0x08003cbc                GPDMA1_Channel8_IRQHandler
                0x08003cbc                FMAC_IRQHandler
                0x08003cbc                OTFDEC1_IRQHandler
                0x08003cbc                GPDMA1_Channel11_IRQHandler
                0x08003cbc                TIM7_IRQHandler
                0x08003cbc                SDMMC1_IRQHandler
                0x08003cbc                SAES_IRQHandler
                0x08003cbc                TIM5_IRQHandler
                0x08003cbc                GPDMA1_Channel0_IRQHandler
                0x08003cbc                TIM15_IRQHandler
                0x08003cbc                I2C3_EV_IRQHandler
                0x08003cbc                USB_IRQHandler
                0x08003cbc                LPDMA1_Channel0_IRQHandler
                0x08003cbc                PVD_PVM_IRQHandler
                0x08003cbc                SPI2_IRQHandler
                0x08003cbc                LPDMA1_Channel1_IRQHandler
                0x08003cbc                EXTI14_IRQHandler
                0x08003cbc                EXTI11_IRQHandler
                0x08003cbc                CRS_IRQHandler
                0x08003cbc                GPDMA1_Channel14_IRQHandler
                0x08003cbc                LSECSSD_IRQHandler
                0x08003cbc                EXTI4_IRQHandler
                0x08003cbc                RTC_S_IRQHandler
                0x08003cbc                GPDMA1_Channel13_IRQHandler
                0x08003cbc                RNG_IRQHandler
                0x08003cbc                COMP_IRQHandler
                0x08003cbc                TIM1_UP_IRQHandler
                0x08003cbc                ADC4_IRQHandler
                0x08003cbc                WWDG_IRQHandler
                0x08003cbc                I2C4_EV_IRQHandler
                0x08003cbc                ADF1_IRQHandler
                0x08003cbc                IWDG_IRQHandler
                0x08003cbc                LPUART1_IRQHandler
                0x08003cbc                MDF1_FLT0_IRQHandler
                0x08003cbc                FDCAN1_IT0_IRQHandler
                0x08003cbc                TIM2_IRQHandler
                0x08003cbc                GPDMA1_Channel4_IRQHandler
                0x08003cbc                EXTI7_IRQHandler
                0x08003cbc                TIM1_BRK_IRQHandler
                0x08003cbc                EXTI1_IRQHandler
                0x08003cbc                AES_IRQHandler
                0x08003cbc                DAC1_IRQHandler
                0x08003cbc                GTZC_IRQHandler
                0x08003cbc                GPDMA1_Channel6_IRQHandler
                0x08003cbc                I2C2_ER_IRQHandler
                0x08003cbc                TIM8_BRK_IRQHandler
                0x08003cbc                FLASH_IRQHandler
                0x08003cbc                USART1_IRQHandler
                0x08003cbc                EXTI10_IRQHandler
                0x08003cbc                SPI3_IRQHandler
                0x08003cbc                LPDMA1_Channel2_IRQHandler
                0x08003cbc                I2C1_ER_IRQHandler
                0x08003cbc                EXTI6_IRQHandler
                0x08003cbc                LPTIM1_IRQHandler
                0x08003cbc                DCMI_PSSI_IRQHandler
                0x08003cbc                I2C4_ER_IRQHandler
                0x08003cbc                GPDMA1_Channel10_IRQHandler
                0x08003cbc                ICACHE_IRQHandler
                0x08003cbc                SAI1_IRQHandler
                0x08003cbc                HASH_IRQHandler
 *fill*         0x08003cbe        0x2 
 .text.std      0x08003cc0       0x6c /opt/st/stm32cubeclt_1.20.0/GNU-tools-for-STM32/bin/../lib/gcc/arm-none-eabi/13.3.1/../../../../arm-none-eabi/lib/thumb/v8-m.main+fp/hard/libc_nano.a(libc_a-findfp.o)
 .text.stdio_exit_handler
                0x08003d2c       0x18 /opt/st/stm32cubeclt_1.20.0/GNU-tools-for-STM32/bin/../lib/gcc/arm-none-eabi/13.3.1/../../../../arm-none-eabi/lib/thumb/v8-m.main+fp/hard/libc_nano.a(libc_a-findfp.o)
 .text.cleanup_stdio
                0x08003d44       0x40 /opt/st/stm32cubeclt_1.20.0/GNU-tools-for-STM32/bin/../lib/gcc/arm-none-eabi/13.3.1/../../../../arm-none-eabi/lib/thumb/v8-m.main+fp/hard/libc_nano.a(libc_a-findfp.o)
 .text.global_stdio_init.part.0
                0x08003d84       0x3c /opt/st/stm32cubeclt_1.20.0/GNU-tools-for-STM32/bin/../lib/gcc/arm-none-eabi/13.3.1/../../../../arm-none-eabi/lib/thumb/v8-m.main+fp/hard/libc_nano.a(libc_a-findfp.o)
 .text.__sfp_lock_acquire
                0x08003dc0        0xc /opt/st/stm32cubeclt_1.20.0/GNU-tools-for-STM32/bin/../lib/gcc/arm-none-eabi/13.3.1/../../../../arm-none-eabi/lib/thumb/v8-m.main+fp/hard/libc_nano.a(libc_a-findfp.o)
                0x08003dc0                __sfp_lock_acquire
 .text.__sfp_lock_release
                0x08003dcc        0xc /opt/st/stm32cubeclt_1.20.0/GNU-tools-for-STM32/bin/../lib/gcc/arm-none-eabi/13.3.1/../../../../arm-none-eabi/lib/thumb/v8-m.main+fp/hard/libc_nano.a(libc_a-findfp.o)
                0x08003dcc                __sfp_lock_release
 .text.__sinit  0x08003dd8       0x30 /opt/st/stm32cubeclt_1.20.0/GNU-tools-for-STM32/bin/../lib/gcc/arm-none-eabi/13.3.1/../../../../arm-none-eabi/lib/thumb/v8-m.main+fp/hard/libc_nano.a(libc_a-findfp.o)
                0x08003dd8                __sinit
 .text._fwalk_sglue
                0x08003e08       0x3c /opt/st/stm32cubeclt_1.20.0/GNU-tools-for-STM32/bin/../lib/gcc/arm-none-eabi/13.3.1/../../../../arm-none-eabi/lib/thumb/v8-m.main+fp/hard/libc_nano.a(libc_a-fwalk.o)
                0x08003e08                _fwalk_sglue
 .text.printf   0x08003e44       0x24 /opt/st/stm32cubeclt_1.20.0/GNU-tools-for-STM32/bin/../lib/gcc/arm-none-eabi/13.3.1/../../../../arm-none-eabi/lib/thumb/v8-m.main+fp/hard/libc_nano.a(libc_a-printf.o)
                0x08003e44                printf
                0x08003e44                iprintf
 .text.__sread  0x08003e68       0x22 /opt/st/stm32cubeclt_1.20.0/GNU-tools-for-STM32/bin/../lib/gcc/arm-none-eabi/13.3.1/../../../../arm-none-eabi/lib/thumb/v8-m.main+fp/hard/libc_nano.a(libc_a-stdio.o)
                0x08003e68                __sread
 .text.__swrite
                0x08003e8a       0x38 /opt/st/stm32cubeclt_1.20.0/GNU-tools-for-STM32/bin/../lib/gcc/arm-none-eabi/13.3.1/../../../../arm-none-eabi/lib/thumb/v8-m.main+fp/hard/libc_nano.a(libc_a-stdio.o)
                0x08003e8a                __swrite
 .text.__sseek  0x08003ec2       0x24 /opt/st/stm32cubeclt_1.20.0/GNU-tools-for-STM32/bin/../lib/gcc/arm-none-eabi/13.3.1/../../../../arm-none-eabi/lib/thumb/v8-m.main+fp/hard/libc_nano.a(libc_a-stdio.o)
                0x08003ec2                __sseek
 .text.__sclose
                0x08003ee6        0x8 /opt/st/stm32cubeclt_1.20.0/GNU-tools-for-STM32/bin/../lib/gcc/arm-none-eabi/13.3.1/../../../../arm-none-eabi/lib/thumb/v8-m.main+fp/hard/libc_nano.a(libc_a-stdio.o)
                0x08003ee6                __sclose
 .text.memset   0x08003eee       0x10 /opt/st/stm32cubeclt_1.20.0/GNU-tools-for-STM32/bin/../lib/gcc/arm-none-eabi/13.3.1/../../../../arm-none-eabi/lib/thumb/v8-m.main+fp/hard/libc_nano.a(libc_a-memset.o)
                0x08003eee                memset
 *fill*         0x08003efe        0x2 
 .text._close_r
                0x08003f00       0x20 /opt/st/stm32cubeclt_1.20.0/GNU-tools-for-STM32/bin/../lib/gcc/arm-none-eabi/13.3.1/../../../../arm-none-eabi/lib/thumb/v8-m.main+fp/hard/libc_nano.a(libc_a-closer.o)
                0x08003f00                _close_r
 .text._lseek_r
                0x08003f20       0x24 /opt/st/stm32cubeclt_1.20.0/GNU-tools-for-STM32/bin/../lib/gcc/arm-none-eabi/13.3.1/../../../../arm-none-eabi/lib/thumb/v8-m.main+fp/hard/libc_nano.a(libc_a-lseekr.o)
                0x08003f20                _lseek_r
 .text._read_r  0x08003f44       0x24 /opt/st/stm32cubeclt_1.20.0/GNU-tools-for-STM32/bin/../lib/gcc/arm-none-eabi/13.3.1/../../../../arm-none-eabi/lib/thumb/v8-m.main+fp/hard/libc_nano.a(libc_a-readr.o)
                0x08003f44                _read_r
 .text._write_r
                0x08003f68       0x24 /opt/st/stm32cubeclt_1.20.0/GNU-tools-for-STM32/bin/../lib/gcc/arm-none-eabi/13.3.1/../../../../arm-none-eabi/lib/thumb/v8-m.main+fp/hard/libc_nano.a(libc_a-writer.o)
                0x08003f68                _write_r
 .text.__errno  0x08003f8c        0xc /opt/st/stm32cubeclt_1.20.0/GNU-tools-for-STM32/bin/../lib/gcc/arm-none-eabi/13.3.1/../../../../arm-none-eabi/lib/thumb/v8-m.main+fp/hard/libc_nano.a(libc_a-errno.o)
                0x08003f8c                __errno
 .text.__libc_init_array
                0x08003f98       0x48 /opt/st/stm32cubeclt_1.20.0/GNU-tools-for-STM32/bin/../lib/gcc/arm-none-eabi/13.3.1/../../../../arm-none-eabi/lib/thumb/v8-m.main+fp/hard/libc_nano.a(libc_a-init.o)
                0x08003f98                __libc_init_array
 .text.__retarget_lock_init_recursive
                0x08003fe0        0x2 /opt/st/stm32cubeclt_1.20.0/GNU-tools-for-STM32/bin/../lib/gcc/arm-none-eabi/13.3.1/../../../../arm-none-eabi/lib/thumb/v8-m.main+fp/hard/libc_nano.a(libc_a-lock.o)
                0x08003fe0                __retarget_lock_init_recursive
 .text.__retarget_lock_acquire_recursive
                0x08003fe2        0x2 /opt/st/stm32cubeclt_1.20.0/GNU-tools-for-STM32/bin/../lib/gcc/arm-none-eabi/13.3.1/../../../../arm-none-eabi/lib/thumb/v8-m.main+fp/hard/libc_nano.a(libc_a-lock.o)
                0x08003fe2                __retarget_lock_acquire_recursive
 .text.__retarget_lock_release_recursive
                0x08003fe4        0x2 /opt/st/stm32cubeclt_1.20.0/GNU-tools-for-STM32/bin/../lib/gcc/arm-none-eabi/13.3.1/../../../../arm-none-eabi/lib/thumb/v8-m.main+fp/hard/libc_nano.a(libc_a-lock.o)
                0x08003fe4                __retarget_lock_release_recursive
 *fill*         0x08003fe6        0x2 
 .text._free_r  0x08003fe8       0x94 /opt/st/stm32cubeclt_1.20.0/GNU-tools-for-STM32/bin/../lib/gcc/arm-none-eabi/13.3.1/../../../../arm-none-eabi/lib/thumb/v8-m.main+fp/hard/libc_nano.a(libc_a-freer.o)
                0x08003fe8                _free_r
 .text.sbrk_aligned
                0x0800407c       0x44 /opt/st/stm32cubeclt_1.20.0/GNU-tools-for-STM32/bin/../lib/gcc/arm-none-eabi/13.3.1/../../../../arm-none-eabi/lib/thumb/v8-m.main+fp/hard/libc_nano.a(libc_a-mallocr.o)
 .text._malloc_r
                0x080040c0      0x100 /opt/st/stm32cubeclt_1.20.0/GNU-tools-for-STM32/bin/../lib/gcc/arm-none-eabi/13.3.1/../../../../arm-none-eabi/lib/thumb/v8-m.main+fp/hard/libc_nano.a(libc_a-mallocr.o)
                0x080040c0                _malloc_r
 .text.__malloc_lock
                0x080041c0        0xc /opt/st/stm32cubeclt_1.20.0/GNU-tools-for-STM32/bin/../lib/gcc/arm-none-eabi/13.3.1/../../../../arm-none-eabi/lib/thumb/v8-m.main+fp/hard/libc_nano.a(libc_a-mlock.o)
                0x080041c0                __malloc_lock
 .text.__malloc_unlock
                0x080041cc        0xc /opt/st/stm32cubeclt_1.20.0/GNU-tools-for-STM32/bin/../lib/gcc/arm-none-eabi/13.3.1/../../../../arm-none-eabi/lib/thumb/v8-m.main+fp/hard/libc_nano.a(libc_a-mlock.o)
                0x080041cc                __malloc_unlock
 .text.__sfputc_r
                0x080041d8       0x2e /opt/st/stm32cubeclt_1.20.0/GNU-tools-for-STM32/bin/../lib/gcc/arm-none-eabi/13.3.1/../../../../arm-none-eabi/lib/thumb/v8-m.main+fp/hard/libc_nano.a(libc_a-nano-vfprintf.o)
 .text.__sfputs_r
                0x08004206       0x24 /opt/st/stm32cubeclt_1.20.0/GNU-tools-for-STM32/bin/../lib/gcc/arm-none-eabi/13.3.1/../../../../arm-none-eabi/lib/thumb/v8-m.main+fp/hard/libc_nano.a(libc_a-nano-vfprintf.o)
                0x08004206                __sfputs_r
 *fill*         0x0800422a        0x2 
 .text._vfprintf_r
                0x0800422c      0x230 /opt/st/stm32cubeclt_1.20.0/GNU-tools-for-STM32/bin/../lib/gcc/arm-none-eabi/13.3.1/../../../../arm-none-eabi/lib/thumb/v8-m.main+fp/hard/libc_nano.a(libc_a-nano-vfprintf.o)
                0x0800422c                _vfiprintf_r
                0x0800422c                _vfprintf_r
 .text._printf_common
                0x0800445c       0xe4 /opt/st/stm32cubeclt_1.20.0/GNU-tools-for-STM32/bin/../lib/gcc/arm-none-eabi/13.3.1/../../../../arm-none-eabi/lib/thumb/v8-m.main+fp/hard/libc_nano.a(libc_a-nano-vfprintf_i.o)
                0x0800445c                _printf_common
 .text._printf_i
                0x08004540      0x23c /opt/st/stm32cubeclt_1.20.0/GNU-tools-for-STM32/bin/../lib/gcc/arm-none-eabi/13.3.1/../../../../arm-none-eabi/lib/thumb/v8-m.main+fp/hard/libc_nano.a(libc_a-nano-vfprintf_i.o)
                0x08004540                _printf_i
 .text.__sflush_r
                0x0800477c      0x108 /opt/st/stm32cubeclt_1.20.0/GNU-tools-for-STM32/bin/../lib/gcc/arm-none-eabi/13.3.1/../../../../arm-none-eabi/lib/thumb/v8-m.main+fp/hard/libc_nano.a(libc_a-fflush.o)
                0x0800477c                __sflush_r
 .text._fflush_r
                0x08004884       0x50 /opt/st/stm32cubeclt_1.20.0/GNU-tools-for-STM32/bin/../lib/gcc/arm-none-eabi/13.3.1/../../../../arm-none-eabi/lib/thumb/v8-m.main+fp/hard/libc_nano.a(libc_a-fflush.o)
                0x08004884                _fflush_r
 .text.__swbuf_r
                0x080048d4       0x7c /opt/st/stm32cubeclt_1.20.0/GNU-tools-for-STM32/bin/../lib/gcc/arm-none-eabi/13.3.1/../../../../arm-none-eabi/lib/thumb/v8-m.main+fp/hard/libc_nano.a(libc_a-wbuf.o)
                0x080048d4                __swbuf_r
 .text.__swsetup_r
                0x08004950       0xac /opt/st/stm32cubeclt_1.20.0/GNU-tools-for-STM32/bin/../lib/gcc/arm-none-eabi/13.3.1/../../../../arm-none-eabi/lib/thumb/v8-m.main+fp/hard/libc_nano.a(libc_a-wsetup.o)
                0x08004950                __swsetup_r
 .text._sbrk_r  0x080049fc       0x20 /opt/st/stm32cubeclt_1.20.0/GNU-tools-for-STM32/bin/../lib/gcc/arm-none-eabi/13.3.1/../../../../arm-none-eabi/lib/thumb/v8-m.main+fp/hard/libc_nano.a(libc_a-sbrkr.o)
                0x080049fc                _sbrk_r
 .text.memchr   0x08004a1c       0x1c /opt/st/stm32cubeclt_1.20.0/GNU-tools-for-STM32/bin/../lib/gcc/arm-none-eabi/13.3.1/../../../../arm-none-eabi/lib/thumb/v8-m.main+fp/hard/libc_nano.a(libc_a-memchr-stub.o)
                0x08004a1c                memchr
 .text.__swhatbuf_r
                0x08004a38       0x4a /opt/st/stm32cubeclt_1.20.0/GNU-tools-for-STM32/bin/../lib/gcc/arm-none-eabi/13.3.1/../../../../arm-none-eabi/lib/thumb/v8-m.main+fp/hard/libc_nano.a(libc_a-makebuf.o)
                0x08004a38                __swhatbuf_r
 .text.__smakebuf_r
                0x08004a82       0x78 /opt/st/stm32cubeclt_1.20.0/GNU-tools-for-STM32/bin/../lib/gcc/arm-none-eabi/13.3.1/../../../../arm-none-eabi/lib/thumb/v8-m.main+fp/hard/libc_nano.a(libc_a-makebuf.o)
                0x08004a82                __smakebuf_r
 *fill*         0x08004afa        0x2 
 .text._fstat_r
                0x08004afc       0x24 /opt/st/stm32cubeclt_1.20.0/GNU-tools-for-STM32/bin/../lib/gcc/arm-none-eabi/13.3.1/../../../../arm-none-eabi/lib/thumb/v8-m.main+fp/hard/libc_nano.a(libc_a-fstatr.o)
                0x08004afc                _fstat_r
 .text._isatty_r
                0x08004b20       0x20 /opt/st/stm32cubeclt_1.20.0/GNU-tools-for-STM32/bin/../lib/gcc/arm-none-eabi/13.3.1/../../../../arm-none-eabi/lib/thumb/v8-m.main+fp/hard/libc_nano.a(libc_a-isattyr.o)
                0x08004b20                _isatty_r
 *(.glue_7)
 .glue_7        0x08004b40        0x0 linker stubs
 *(.glue_7t)
 .glue_7t       0x08004b40        0x0 linker stubs
 *(.eh_frame)
 .eh_frame      0x08004b40        0x0 /opt/st/stm32cubeclt_1.20.0/GNU-tools-for-STM32/bin/../lib/gcc/arm-none-eabi/13.3.1/thumb/v8-m.main+fp/hard/crtbegin.o
 *(.init)
 .init          0x08004b40        0x4 /opt/st/stm32cubeclt_1.20.0/GNU-tools-for-STM32/bin/../lib/gcc/arm-none-eabi/13.3.1/thumb/v8-m.main+fp/hard/crti.o
                0x08004b40                _init
 .init          0x08004b44        0x8 /opt/st/stm32cubeclt_1.20.0/GNU-tools-for-STM32/bin/../lib/gcc/arm-none-eabi/13.3.1/thumb/v8-m.main+fp/hard/crtn.o
 *(.fini)
 .fini          0x08004b4c        0x4 /opt/st/stm32cubeclt_1.20.0/GNU-tools-for-STM32/bin/../lib/gcc/arm-none-eabi/13.3.1/thumb/v8-m.main+fp/hard/crti.o
                0x08004b4c                _fini
 .fini          0x08004b50        0x8 /opt/st/stm32cubeclt_1.20.0/GNU-tools-for-STM32/bin/../lib/gcc/arm-none-eabi/13.3.1/thumb/v8-m.main+fp/hard/crtn.o
                0x08004b58                        _etext = .

.vfp11_veneer   0x08004b58        0x0
 .vfp11_veneer  0x08004b58        0x0 linker stubs

.v4_bx          0x08004b58        0x0
 .v4_bx         0x08004b58        0x0 linker stubs

.iplt           0x08004b58        0x0
 .iplt          0x08004b58        0x0 /opt/st/stm32cubeclt_1.20.0/GNU-tools-for-STM32/bin/../lib/gcc/arm-none-eabi/13.3.1/thumb/v8-m.main+fp/hard/crtbegin.o

.rodata         0x08004b58      0x13f
 *(.rodata)
 *(.rodata*)
 .rodata.main.str1.4
                0x08004b58       0x1b build/main.o
 *fill*         0x08004b73        0x1 
 .rodata.LPGPIO_Map
                0x08004b74       0x80 build/stm32u5xx_hal_gpio.o
 .rodata.UARTPrescTable
                0x08004bf4       0x18 build/stm32u5xx_hal_uart.o
                0x08004bf4                UARTPrescTable
 .rodata.MSIRangeTable
                0x08004c0c       0x40 build/system_stm32u5xx.o
                0x08004c0c                MSIRangeTable
 .rodata.APBPrescTable
                0x08004c4c        0x8 build/system_stm32u5xx.o
                0x08004c4c                APBPrescTable
 .rodata.AHBPrescTable
                0x08004c54       0x10 build/system_stm32u5xx.o
                0x08004c54                AHBPrescTable
 .rodata._vfprintf_r.str1.1
                0x08004c64       0x33 /opt/st/stm32cubeclt_1.20.0/GNU-tools-for-STM32/bin/../lib/gcc/arm-none-eabi/13.3.1/../../../../arm-none-eabi/lib/thumb/v8-m.main+fp/hard/libc_nano.a(libc_a-nano-vfprintf.o)
                                 0x11 (size before relaxing)
 .rodata._printf_i.str1.1
                0x08004c97        0x0 /opt/st/stm32cubeclt_1.20.0/GNU-tools-for-STM32/bin/../lib/gcc/arm-none-eabi/13.3.1/../../../../arm-none-eabi/lib/thumb/v8-m.main+fp/hard/libc_nano.a(libc_a-nano-vfprintf_i.o)
                                 0x22 (size before relaxing)

.ARM.extab
 *(.ARM.extab* .gnu.linkonce.armextab.*)

.ARM            0x08004c98        0x8
                0x08004c98                        __exidx_start = .
 *(.ARM.exidx*)
 .ARM.exidx     0x08004c98        0x8 /opt/st/stm32cubeclt_1.20.0/GNU-tools-for-STM32/bin/../lib/gcc/arm-none-eabi/13.3.1/thumb/v8-m.main+fp/hard/libgcc.a(_udivmoddi4.o)
                0x08004ca0                        __exidx_end = .

.preinit_array  0x08004ca0        0x0
                0x08004ca0                        PROVIDE (__preinit_array_start = .)
 *(.preinit_array*)
                0x08004ca0                        PROVIDE (__preinit_array_end = .)

.init_array     0x08004ca0        0x4
                0x08004ca0                        PROVIDE (__init_array_start = .)
 *(SORT_BY_NAME(.init_array.*))
 *(.init_array*)
 .init_array    0x08004ca0        0x4 /opt/st/stm32cubeclt_1.20.0/GNU-tools-for-STM32/bin/../lib/gcc/arm-none-eabi/13.3.1/thumb/v8-m.main+fp/hard/crtbegin.o
                0x08004ca4                        PROVIDE (__init_array_end = .)

.fini_array     0x08004ca4        0x4
                [!provide]                        PROVIDE (__fini_array_start = .)
 *(SORT_BY_NAME(.fini_array.*))
 *(.fini_array*)
 .fini_array    0x08004ca4        0x4 /opt/st/stm32cubeclt_1.20.0/GNU-tools-for-STM32/bin/../lib/gcc/arm-none-eabi/13.3.1/thumb/v8-m.main+fp/hard/crtbegin.o
                [!provide]                        PROVIDE (__fini_array_end = .)
                0x08004ca8                        _sidata = LOADADDR (.data)

.rel.dyn        0x08004ca8        0x0
 .rel.iplt      0x08004ca8        0x0 /opt/st/stm32cubeclt_1.20.0/GNU-tools-for-STM32/bin/../lib/gcc/arm-none-eabi/13.3.1/thumb/v8-m.main+fp/hard/crtbegin.o

.data           0x20000000       0x6c load address 0x08004ca8
                0x20000000                        _sdata = .
 *(.data)
 *(.data*)
 .data.COM_USART
                0x20000000        0x4 build/stm32u5xx_nucleo.o
                0x20000000                COM_USART
 .data.uwTickFreq
                0x20000004        0x1 build/stm32u5xx_hal.o
                0x20000004                uwTickFreq
 *fill*         0x20000005        0x3 
 .data.uwTickPrio
                0x20000008        0x4 build/stm32u5xx_hal.o
                0x20000008                uwTickPrio
 .data.SystemCoreClock
                0x2000000c        0x4 build/system_stm32u5xx.o
                0x2000000c                SystemCoreClock
 .data.__sglue  0x20000010        0xc /opt/st/stm32cubeclt_1.20.0/GNU-tools-for-STM32/bin/../lib/gcc/arm-none-eabi/13.3.1/../../../../arm-none-eabi/lib/thumb/v8-m.main+fp/hard/libc_nano.a(libc_a-findfp.o)
                0x20000010                __sglue
 .data._impure_ptr
                0x2000001c        0x4 /opt/st/stm32cubeclt_1.20.0/GNU-tools-for-STM32/bin/../lib/gcc/arm-none-eabi/13.3.1/../../../../arm-none-eabi/lib/thumb/v8-m.main+fp/hard/libc_nano.a(libc_a-impure.o)
                0x2000001c                _impure_ptr
 .data._impure_data
                0x20000020       0x4c /opt/st/stm32cubeclt_1.20.0/GNU-tools-for-STM32/bin/../lib/gcc/arm-none-eabi/13.3.1/../../../../arm-none-eabi/lib/thumb/v8-m.main+fp/hard/libc_nano.a(libc_a-impure.o)
                0x20000020                _impure_data
 *(.RamFunc)
 *(.RamFunc*)

.igot.plt       0x2000006c        0x0 load address 0x08004d14
 .igot.plt      0x2000006c        0x0 /opt/st/stm32cubeclt_1.20.0/GNU-tools-for-STM32/bin/../lib/gcc/arm-none-eabi/13.3.1/thumb/v8-m.main+fp/hard/crtbegin.o

.tdata          0x2000006c        0x0 load address 0x08004d14
 *(.tdata .tdata.* .gnu.linkonce.td.*)
                0x2000006c                        . = ALIGN (0x4)
                0x2000006c                        _edata = .
                [!provide]                        PROVIDE (__data_end = .)
                [!provide]                        PROVIDE (__tdata_end = .)
                [!provide]                        PROVIDE (__tdata_start = ADDR (.tdata))
                [!provide]                        PROVIDE (__tdata_size = (__tdata_end - __tdata_start))
                [!provide]                        PROVIDE (__data_start = ADDR (.data))
                [!provide]                        PROVIDE (__data_size = (__data_end - __data_start))
                [!provide]                        PROVIDE (__tdata_source = LOADADDR (.tdata))
                [!provide]                        PROVIDE (__tdata_source_end = (LOADADDR (.tdata) + SIZEOF (.tdata)))
                [!provide]                        PROVIDE (__tdata_source_size = (__tdata_source_end - __tdata_source))
                [!provide]                        PROVIDE (__data_source = LOADADDR (.data))
                [!provide]                        PROVIDE (__data_source_end = __tdata_source_end)
                [!provide]                        PROVIDE (__data_source_size = (__data_source_end - __data_source))

.tbss           0x2000006c        0x0 load address 0x08004d14
                0x2000006c                        _sbss = .
                0x2000006c                        __bss_start__ = _sbss
 *(.tbss .tbss.*)
                0x2000006c                        . = ALIGN (0x4)
                [!provide]                        PROVIDE (__tbss_end = .)
                [!provide]                        PROVIDE (__tbss_start = ADDR (.tbss))
                [!provide]                        PROVIDE (__tbss_size = (__tbss_end - __tbss_start))
                [!provide]                        PROVIDE (__tbss_offset = (ADDR (.tbss) - ADDR (.tdata)))
                [!provide]                        PROVIDE (__tls_base = __tdata_start)
                [!provide]                        PROVIDE (__tls_end = __tbss_end)
                [!provide]                        PROVIDE (__tls_size = (__tls_end - __tls_base))
                [!provide]                        PROVIDE (__tls_align = MAX (ALIGNOF (.tdata), ALIGNOF (.tbss)))
                [!provide]                        PROVIDE (__tls_size_align = (((__tls_size + __tls_align) - 0x1) & ~ ((__tls_align - 0x1))))
                [!provide]                        PROVIDE (__arm32_tls_tcb_offset = MAX (0x8, __tls_align))
                [!provide]                        PROVIDE (__arm64_tls_tcb_offset = MAX (0x10, __tls_align))

.bss            0x2000006c      0x228 load address 0x08004d14
 *(.bss)
 .bss           0x2000006c       0x1c /opt/st/stm32cubeclt_1.20.0/GNU-tools-for-STM32/bin/../lib/gcc/arm-none-eabi/13.3.1/thumb/v8-m.main+fp/hard/crtbegin.o
 *(.bss*)
 .bss.BspButtonState
                0x20000088        0x4 build/main.o
                0x20000088                BspButtonState
 .bss.BspCOMInit
                0x2000008c       0x10 build/main.o
                0x2000008c                BspCOMInit
 .bss.COM_ActiveLogPort
                0x2000009c        0x1 build/stm32u5xx_nucleo.o
 *fill*         0x2000009d        0x3 
 .bss.hcom_uart
                0x200000a0       0x94 build/stm32u5xx_nucleo.o
                0x200000a0                hcom_uart
 .bss.hpb_exti  0x20000134        0xc build/stm32u5xx_nucleo.o
                0x20000134                hpb_exti
 .bss.uwTick    0x20000140        0x4 build/stm32u5xx_hal.o
                0x20000140                uwTick
 .bss.__sbrk_heap_end
                0x20000144        0x4 build/sysmem.o
 .bss.__sf      0x20000148      0x138 /opt/st/stm32cubeclt_1.20.0/GNU-tools-for-STM32/bin/../lib/gcc/arm-none-eabi/13.3.1/../../../../arm-none-eabi/lib/thumb/v8-m.main+fp/hard/libc_nano.a(libc_a-findfp.o)
                0x20000148                __sf
 .bss.__stdio_exit_handler
                0x20000280        0x4 /opt/st/stm32cubeclt_1.20.0/GNU-tools-for-STM32/bin/../lib/gcc/arm-none-eabi/13.3.1/../../../../arm-none-eabi/lib/thumb/v8-m.main+fp/hard/libc_nano.a(libc_a-findfp.o)
                0x20000280                __stdio_exit_handler
 .bss.errno     0x20000284        0x4 /opt/st/stm32cubeclt_1.20.0/GNU-tools-for-STM32/bin/../lib/gcc/arm-none-eabi/13.3.1/../../../../arm-none-eabi/lib/thumb/v8-m.main+fp/hard/libc_nano.a(libc_a-reent.o)
                0x20000284                errno
 .bss.__lock___malloc_recursive_mutex
                0x20000288        0x1 /opt/st/stm32cubeclt_1.20.0/GNU-tools-for-STM32/bin/../lib/gcc/arm-none-eabi/13.3.1/../../../../arm-none-eabi/lib/thumb/v8-m.main+fp/hard/libc_nano.a(libc_a-lock.o)
                0x20000288                __lock___malloc_recursive_mutex
 .bss.__lock___sfp_recursive_mutex
                0x20000289        0x1 /opt/st/stm32cubeclt_1.20.0/GNU-tools-for-STM32/bin/../lib/gcc/arm-none-eabi/13.3.1/../../../../arm-none-eabi/lib/thumb/v8-m.main+fp/hard/libc_nano.a(libc_a-lock.o)
                0x20000289                __lock___sfp_recursive_mutex
 *fill*         0x2000028a        0x2 
 .bss.__malloc_sbrk_start
                0x2000028c        0x4 /opt/st/stm32cubeclt_1.20.0/GNU-tools-for-STM32/bin/../lib/gcc/arm-none-eabi/13.3.1/../../../../arm-none-eabi/lib/thumb/v8-m.main+fp/hard/libc_nano.a(libc_a-mallocr.o)
                0x2000028c                __malloc_sbrk_start
 .bss.__malloc_free_list
                0x20000290        0x4 /opt/st/stm32cubeclt_1.20.0/GNU-tools-for-STM32/bin/../lib/gcc/arm-none-eabi/13.3.1/../../../../arm-none-eabi/lib/thumb/v8-m.main+fp/hard/libc_nano.a(libc_a-mallocr.o)
                0x20000290                __malloc_free_list
 *(COMMON)
                0x20000294                        . = ALIGN (0x4)
                0x20000294                        _ebss = .
                0x20000294                        __bss_end__ = _ebss
                [!provide]                        PROVIDE (__bss_end = .)
                [!provide]                        PROVIDE (__non_tls_bss_start = ADDR (.bss))
                [!provide]                        PROVIDE (__bss_start = __tbss_start)
                [!provide]                        PROVIDE (__bss_size = (__bss_end - __bss_start))

._user_heap_stack
                0x20000294      0x604 load address 0x08004d14
                0x20000298                        . = ALIGN (0x8)
 *fill*         0x20000294        0x4 
                [!provide]                        PROVIDE (end = .)
                0x20000298                        PROVIDE (_end = .)
                0x20000498                        . = (. + _Min_Heap_Size)
 *fill*         0x20000298      0x200 
                0x20000898                        . = (. + _Min_Stack_Size)
 *fill*         0x20000498      0x400 
                0x20000898                        . = ALIGN (0x8)

/DISCARD/
 libc.a:*(*)
 libm.a:*(*)
 libgcc.a:*(*)

.ARM.attributes
                0x00000000       0x36
 *(.ARM.attributes)
 .ARM.attributes
                0x00000000       0x26 /opt/st/stm32cubeclt_1.20.0/GNU-tools-for-STM32/bin/../lib/gcc/arm-none-eabi/13.3.1/thumb/v8-m.main+fp/hard/crti.o
 .ARM.attributes
                0x00000026       0x38 /opt/st/stm32cubeclt_1.20.0/GNU-tools-for-STM32/bin/../lib/gcc/arm-none-eabi/13.3.1/thumb/v8-m.main+fp/hard/crtbegin.o
 .ARM.attributes
                0x0000005e       0x3a build/main.o
 .ARM.attributes
                0x00000098       0x3a build/stm32u5xx_it.o
 .ARM.attributes
                0x000000d2       0x3a build/stm32u5xx_hal_msp.o
 .ARM.attributes
                0x0000010c       0x3a build/stm32u5xx_nucleo.o
 .ARM.attributes
                0x00000146       0x3a build/stm32u5xx_hal_cortex.o
 .ARM.attributes
                0x00000180       0x3a build/stm32u5xx_hal_icache.o
 .ARM.attributes
                0x000001ba       0x3a build/stm32u5xx_hal.o
 .ARM.attributes
                0x000001f4       0x3a build/stm32u5xx_hal_rcc.o
 .ARM.attributes
                0x0000022e       0x3a build/stm32u5xx_hal_rcc_ex.o
 .ARM.attributes
                0x00000268       0x3a build/stm32u5xx_hal_gpio.o
 .ARM.attributes
                0x000002a2       0x3a build/stm32u5xx_hal_exti.o
 .ARM.attributes
                0x000002dc       0x3a build/stm32u5xx_hal_pwr_ex.o
 .ARM.attributes
                0x00000316       0x3a build/stm32u5xx_hal_uart.o
 .ARM.attributes
                0x00000350       0x3a build/system_stm32u5xx.o
 .ARM.attributes
                0x0000038a       0x3a build/sysmem.o
 .ARM.attributes
                0x000003c4       0x3a build/syscalls.o
 .ARM.attributes
                0x000003fe       0x24 build/startup_stm32u545xx.o
 .ARM.attributes
                0x00000422       0x38 /opt/st/stm32cubeclt_1.20.0/GNU-tools-for-STM32/bin/../lib/gcc/arm-none-eabi/13.3.1/../../../../arm-none-eabi/lib/thumb/v8-m.main+fp/hard/libc_nano.a(libc_a-findfp.o)
 .ARM.attributes
                0x0000045a       0x38 /opt/st/stm32cubeclt_1.20.0/GNU-tools-for-STM32/bin/../lib/gcc/arm-none-eabi/13.3.1/../../../../arm-none-eabi/lib/thumb/v8-m.main+fp/hard/libc_nano.a(libc_a-fwalk.o)
 .ARM.attributes
                0x00000492       0x38 /opt/st/stm32cubeclt_1.20.0/GNU-tools-for-STM32/bin/../lib/gcc/arm-none-eabi/13.3.1/../../../../arm-none-eabi/lib/thumb/v8-m.main+fp/hard/libc_nano.a(libc_a-printf.o)
 .ARM.attributes
                0x000004ca       0x38 /opt/st/stm32cubeclt_1.20.0/GNU-tools-for-STM32/bin/../lib/gcc/arm-none-eabi/13.3.1/../../../../arm-none-eabi/lib/thumb/v8-m.main+fp/hard/libc_nano.a(libc_a-stdio.o)
 .ARM.attributes
                0x00000502       0x38 /opt/st/stm32cubeclt_1.20.0/GNU-tools-for-STM32/bin/../lib/gcc/arm-none-eabi/13.3.1/../../../../arm-none-eabi/lib/thumb/v8-m.main+fp/hard/libc_nano.a(libc_a-memset.o)
 .ARM.attributes
                0x0000053a       0x38 /opt/st/stm32cubeclt_1.20.0/GNU-tools-for-STM32/bin/../lib/gcc/arm-none-eabi/13.3.1/../../../../arm-none-eabi/lib/thumb/v8-m.main+fp/hard/libc_nano.a(libc_a-closer.o)
 .ARM.attributes
                0x00000572       0x38 /opt/st/stm32cubeclt_1.20.0/GNU-tools-for-STM32/bin/../lib/gcc/arm-none-eabi/13.3.1/../../../../arm-none-eabi/lib/thumb/v8-m.main+fp/hard/libc_nano.a(libc_a-reent.o)
 .ARM.attributes
                0x000005aa       0x38 /opt/st/stm32cubeclt_1.20.0/GNU-tools-for-STM32/bin/../lib/gcc/arm-none-eabi/13.3.1/../../../../arm-none-eabi/lib/thumb/v8-m.main+fp/hard/libc_nano.a(libc_a-impure.o)
 .ARM.attributes
                0x000005e2       0x38 /opt/st/stm32cubeclt_1.20.0/GNU-tools-for-STM32/bin/../lib/gcc/arm-none-eabi/13.3.1/../../../../arm-none-eabi/lib/thumb/v8-m.main+fp/hard/libc_nano.a(libc_a-lseekr.o)
 .ARM.attributes
                0x0000061a       0x38 /opt/st/stm32cubeclt_1.20.0/GNU-tools-for-STM32/bin/../lib/gcc/arm-none-eabi/13.3.1/../../../../arm-none-eabi/lib/thumb/v8-m.main+fp/hard/libc_nano.a(libc_a-readr.o)
 .ARM.attributes
                0x00000652       0x38 /opt/st/stm32cubeclt_1.20.0/GNU-tools-for-STM32/bin/../lib/gcc/arm-none-eabi/13.3.1/../../../../arm-none-eabi/lib/thumb/v8-m.main+fp/hard/libc_nano.a(libc_a-writer.o)
 .ARM.attributes
                0x0000068a       0x38 /opt/st/stm32cubeclt_1.20.0/GNU-tools-for-STM32/bin/../lib/gcc/arm-none-eabi/13.3.1/../../../../arm-none-eabi/lib/thumb/v8-m.main+fp/hard/libc_nano.a(libc_a-errno.o)
 .ARM.attributes
                0x000006c2       0x38 /opt/st/stm32cubeclt_1.20.0/GNU-tools-for-STM32/bin/../lib/gcc/arm-none-eabi/13.3.1/../../../../arm-none-eabi/lib/thumb/v8-m.main+fp/hard/libc_nano.a(libc_a-init.o)
 .ARM.attributes
                0x000006fa       0x38 /opt/st/stm32cubeclt_1.20.0/GNU-tools-for-STM32/bin/../lib/gcc/arm-none-eabi/13.3.1/../../../../arm-none-eabi/lib/thumb/v8-m.main+fp/hard/libc_nano.a(libc_a-lock.o)
 .ARM.attributes
                0x00000732       0x38 /opt/st/stm32cubeclt_1.20.0/GNU-tools-for-STM32/bin/../lib/gcc/arm-none-eabi/13.3.1/../../../../arm-none-eabi/lib/thumb/v8-m.main+fp/hard/libc_nano.a(libc_a-freer.o)
 .ARM.attributes
                0x0000076a       0x38 /opt/st/stm32cubeclt_1.20.0/GNU-tools-for-STM32/bin/../lib/gcc/arm-none-eabi/13.3.1/../../../../arm-none-eabi/lib/thumb/v8-m.main+fp/hard/libc_nano.a(libc_a-mallocr.o)
 .ARM.attributes
                0x000007a2       0x38 /opt/st/stm32cubeclt_1.20.0/GNU-tools-for-STM32/bin/../lib/gcc/arm-none-eabi/13.3.1/../../../../arm-none-eabi/lib/thumb/v8-m.main+fp/hard/libc_nano.a(libc_a-mlock.o)
 .ARM.attributes
                0x000007da       0x38 /opt/st/stm32cubeclt_1.20.0/GNU-tools-for-STM32/bin/../lib/gcc/arm-none-eabi/13.3.1/../../../../arm-none-eabi/lib/thumb/v8-m.main+fp/hard/libc_nano.a(libc_a-nano-vfprintf.o)
 .ARM.attributes
                0x00000812       0x38 /opt/st/stm32cubeclt_1.20.0/GNU-tools-for-STM32/bin/../lib/gcc/arm-none-eabi/13.3.1/../../../../arm-none-eabi/lib/thumb/v8-m.main+fp/hard/libc_nano.a(libc_a-nano-vfprintf_i.o)
 .ARM.attributes
                0x0000084a       0x38 /opt/st/stm32cubeclt_1.20.0/GNU-tools-for-STM32/bin/../lib/gcc/arm-none-eabi/13.3.1/../../../../arm-none-eabi/lib/thumb/v8-m.main+fp/hard/libc_nano.a(libc_a-fflush.o)
 .ARM.attributes
                0x00000882       0x38 /opt/st/stm32cubeclt_1.20.0/GNU-tools-for-STM32/bin/../lib/gcc/arm-none-eabi/13.3.1/../../../../arm-none-eabi/lib/thumb/v8-m.main+fp/hard/libc_nano.a(libc_a-wbuf.o)
 .ARM.attributes
                0x000008ba       0x38 /opt/st/stm32cubeclt_1.20.0/GNU-tools-for-STM32/bin/../lib/gcc/arm-none-eabi/13.3.1/../../../../arm-none-eabi/lib/thumb/v8-m.main+fp/hard/libc_nano.a(libc_a-wsetup.o)
 .ARM.attributes
                0x000008f2       0x38 /opt/st/stm32cubeclt_1.20.0/GNU-tools-for-STM32/bin/../lib/gcc/arm-none-eabi/13.3.1/../../../../arm-none-eabi/lib/thumb/v8-m.main+fp/hard/libc_nano.a(libc_a-sbrkr.o)
 .ARM.attributes
                0x0000092a       0x38 /opt/st/stm32cubeclt_1.20.0/GNU-tools-for-STM32/bin/../lib/gcc/arm-none-eabi/13.3.1/../../../../arm-none-eabi/lib/thumb/v8-m.main+fp/hard/libc_nano.a(libc_a-memchr-stub.o)
 .ARM.attributes
                0x00000962       0x38 /opt/st/stm32cubeclt_1.20.0/GNU-tools-for-STM32/bin/../lib/gcc/arm-none-eabi/13.3.1/../../../../arm-none-eabi/lib/thumb/v8-m.main+fp/hard/libc_nano.a(libc_a-makebuf.o)
 .ARM.attributes
                0x0000099a       0x38 /opt/st/stm32cubeclt_1.20.0/GNU-tools-for-STM32/bin/../lib/gcc/arm-none-eabi/13.3.1/../../../../arm-none-eabi/lib/thumb/v8-m.main+fp/hard/libc_nano.a(libc_a-fstatr.o)
 .ARM.attributes
                0x000009d2       0x38 /opt/st/stm32cubeclt_1.20.0/GNU-tools-for-STM32/bin/../lib/gcc/arm-none-eabi/13.3.1/../../../../arm-none-eabi/lib/thumb/v8-m.main+fp/hard/libc_nano.a(libc_a-isattyr.o)
 .ARM.attributes
                0x00000a0a       0x26 /opt/st/stm32cubeclt_1.20.0/GNU-tools-for-STM32/bin/../lib/gcc/arm-none-eabi/13.3.1/thumb/v8-m.main+fp/hard/libgcc.a(_aeabi_uldivmod.o)
 .ARM.attributes
                0x00000a30       0x38 /opt/st/stm32cubeclt_1.20.0/GNU-tools-for-STM32/bin/../lib/gcc/arm-none-eabi/13.3.1/thumb/v8-m.main+fp/hard/libgcc.a(_udivmoddi4.o)
 .ARM.attributes
                0x00000a68       0x26 /opt/st/stm32cubeclt_1.20.0/GNU-tools-for-STM32/bin/../lib/gcc/arm-none-eabi/13.3.1/thumb/v8-m.main+fp/hard/libgcc.a(_dvmd_tls.o)
 .ARM.attributes
                0x00000a8e       0x26 /opt/st/stm32cubeclt_1.20.0/GNU-tools-for-STM32/bin/../lib/gcc/arm-none-eabi/13.3.1/thumb/v8-m.main+fp/hard/crtn.o
OUTPUT(build/test.elf elf32-littlearm)
LOAD linker stubs

.debug_info     0x00000000    0x13b38
 .debug_info    0x00000000      0x8dd build/main.o
 .debug_info    0x000008dd      0x1d5 build/stm32u5xx_it.o
 .debug_info    0x00000ab2      0x533 build/stm32u5xx_hal_msp.o
 .debug_info    0x00000fe5     0x2149 build/stm32u5xx_nucleo.o
 .debug_info    0x0000312e     0x1b05 build/stm32u5xx_hal_cortex.o
 .debug_info    0x00004c33      0x63b build/stm32u5xx_hal_icache.o
 .debug_info    0x0000526e     0x1463 build/stm32u5xx_hal.o
 .debug_info    0x000066d1     0x18f0 build/stm32u5xx_hal_rcc.o
 .debug_info    0x00007fc1     0x1e95 build/stm32u5xx_hal_rcc_ex.o
 .debug_info    0x00009e56      0xa29 build/stm32u5xx_hal_gpio.o
 .debug_info    0x0000a87f      0x919 build/stm32u5xx_hal_exti.o
 .debug_info    0x0000b198     0x1151 build/stm32u5xx_hal_pwr_ex.o
 .debug_info    0x0000c2e9     0x63c7 build/stm32u5xx_hal_uart.o
 .debug_info    0x000126b0      0xa79 build/system_stm32u5xx.o
 .debug_info    0x00013129      0x18c build/sysmem.o
 .debug_info    0x000132b5      0x853 build/syscalls.o
 .debug_info    0x00013b08       0x30 build/startup_stm32u545xx.o

.debug_abbrev   0x00000000     0x23c8
 .debug_abbrev  0x00000000      0x23e build/main.o
 .debug_abbrev  0x0000023e       0xde build/stm32u5xx_it.o
 .debug_abbrev  0x0000031c       0xc8 build/stm32u5xx_hal_msp.o
 .debug_abbrev  0x000003e4      0x36d build/stm32u5xx_nucleo.o
 .debug_abbrev  0x00000751      0x3ca build/stm32u5xx_hal_cortex.o
 .debug_abbrev  0x00000b1b      0x234 build/stm32u5xx_hal_icache.o
 .debug_abbrev  0x00000d4f      0x2d0 build/stm32u5xx_hal.o
 .debug_abbrev  0x0000101f      0x2be build/stm32u5xx_hal_rcc.o
 .debug_abbrev  0x000012dd      0x27e build/stm32u5xx_hal_rcc_ex.o
 .debug_abbrev  0x0000155b      0x2d5 build/stm32u5xx_hal_gpio.o
 .debug_abbrev  0x00001830      0x1e3 build/stm32u5xx_hal_exti.o
 .debug_abbrev  0x00001a13      0x243 build/stm32u5xx_hal_pwr_ex.o
 .debug_abbrev  0x00001c56      0x365 build/stm32u5xx_hal_uart.o
 .debug_abbrev  0x00001fbb      0x11b build/system_stm32u5xx.o
 .debug_abbrev  0x000020d6       0xeb build/sysmem.o
 .debug_abbrev  0x000021c1      0x1ea build/syscalls.o
 .debug_abbrev  0x000023ab       0x1d build/startup_stm32u545xx.o

.debug_loc      0x00000000     0xe61e
 .debug_loc     0x00000000       0xa6 build/main.o
 .debug_loc     0x000000a6       0x40 build/stm32u5xx_it.o
 .debug_loc     0x000000e6       0x2c build/stm32u5xx_hal_msp.o
 .debug_loc     0x00000112      0x96d build/stm32u5xx_nucleo.o
 .debug_loc     0x00000a7f      0xa40 build/stm32u5xx_hal_cortex.o
 .debug_loc     0x000014bf      0x546 build/stm32u5xx_hal_icache.o
 .debug_loc     0x00001a05      0x387 build/stm32u5xx_hal.o
 .debug_loc     0x00001d8c      0xffb build/stm32u5xx_hal_rcc.o
 .debug_loc     0x00002d87     0x27d3 build/stm32u5xx_hal_rcc_ex.o
 .debug_loc     0x0000555a      0x989 build/stm32u5xx_hal_gpio.o
 .debug_loc     0x00005ee3      0xfb2 build/stm32u5xx_hal_exti.o
 .debug_loc     0x00006e95      0xd4c build/stm32u5xx_hal_pwr_ex.o
 .debug_loc     0x00007be1     0x62b5 build/stm32u5xx_hal_uart.o
 .debug_loc     0x0000de96      0x175 build/system_stm32u5xx.o
 .debug_loc     0x0000e00b       0x90 build/sysmem.o
 .debug_loc     0x0000e09b      0x583 build/syscalls.o

.debug_aranges  0x00000000      0xcc8
 .debug_aranges
                0x00000000       0x48 build/main.o
 .debug_aranges
                0x00000048       0x68 build/stm32u5xx_it.o
 .debug_aranges
                0x000000b0       0x20 build/stm32u5xx_hal_msp.o
 .debug_aranges
                0x000000d0       0xc8 build/stm32u5xx_nucleo.o
 .debug_aranges
                0x00000198      0x110 build/stm32u5xx_hal_cortex.o
 .debug_aranges
                0x000002a8       0xa8 build/stm32u5xx_hal_icache.o
 .debug_aranges
                0x00000350      0x148 build/stm32u5xx_hal.o
 .debug_aranges
                0x00000498       0xa8 build/stm32u5xx_hal_rcc.o
 .debug_aranges
                0x00000540      0x160 build/stm32u5xx_hal_rcc_ex.o
 .debug_aranges
                0x000006a0       0x78 build/stm32u5xx_hal_gpio.o
 .debug_aranges
                0x00000718       0x70 build/stm32u5xx_hal_exti.o
 .debug_aranges
                0x00000788      0x1e0 build/stm32u5xx_hal_pwr_ex.o
 .debug_aranges
                0x00000968      0x248 build/stm32u5xx_hal_uart.o
 .debug_aranges
                0x00000bb0       0x28 build/system_stm32u5xx.o
 .debug_aranges
                0x00000bd8       0x20 build/sysmem.o
 .debug_aranges
                0x00000bf8       0xa8 build/syscalls.o
 .debug_aranges
                0x00000ca0       0x28 build/startup_stm32u545xx.o

.debug_ranges   0x00000000      0xce0
 .debug_ranges  0x00000000       0x38 build/main.o
 .debug_ranges  0x00000038       0x58 build/stm32u5xx_it.o
 .debug_ranges  0x00000090       0x10 build/stm32u5xx_hal_msp.o
 .debug_ranges  0x000000a0       0xb8 build/stm32u5xx_nucleo.o
 .debug_ranges  0x00000158      0x100 build/stm32u5xx_hal_cortex.o
 .debug_ranges  0x00000258       0x98 build/stm32u5xx_hal_icache.o
 .debug_ranges  0x000002f0      0x138 build/stm32u5xx_hal.o
 .debug_ranges  0x00000428      0x150 build/stm32u5xx_hal_rcc.o
 .debug_ranges  0x00000578      0x170 build/stm32u5xx_hal_rcc_ex.o
 .debug_ranges  0x000006e8       0x98 build/stm32u5xx_hal_gpio.o
 .debug_ranges  0x00000780       0x60 build/stm32u5xx_hal_exti.o
 .debug_ranges  0x000007e0      0x1d0 build/stm32u5xx_hal_pwr_ex.o
 .debug_ranges  0x000009b0      0x250 build/stm32u5xx_hal_uart.o
 .debug_ranges  0x00000c00       0x18 build/system_stm32u5xx.o
 .debug_ranges  0x00000c18       0x10 build/sysmem.o
 .debug_ranges  0x00000c28       0x98 build/syscalls.o
 .debug_ranges  0x00000cc0       0x20 build/startup_stm32u545xx.o

.debug_line     0x00000000     0xdaff
 .debug_line    0x00000000      0x40a build/main.o
 .debug_line    0x0000040a      0x189 build/stm32u5xx_it.o
 .debug_line    0x00000593      0x14e build/stm32u5xx_hal_msp.o
 .debug_line    0x000006e1      0x752 build/stm32u5xx_nucleo.o
 .debug_line    0x00000e33      0x8fa build/stm32u5xx_hal_cortex.o
 .debug_line    0x0000172d      0x567 build/stm32u5xx_hal_icache.o
 .debug_line    0x00001c94      0x782 build/stm32u5xx_hal.o
 .debug_line    0x00002416     0x1745 build/stm32u5xx_hal_rcc.o
 .debug_line    0x00003b5b     0x2725 build/stm32u5xx_hal_rcc_ex.o
 .debug_line    0x00006280      0x9da build/stm32u5xx_hal_gpio.o
 .debug_line    0x00006c5a      0x89f build/stm32u5xx_hal_exti.o
 .debug_line    0x000074f9      0xdf3 build/stm32u5xx_hal_pwr_ex.o
 .debug_line    0x000082ec     0x4e9d build/stm32u5xx_hal_uart.o
 .debug_line    0x0000d189      0x36f build/system_stm32u5xx.o
 .debug_line    0x0000d4f8      0x1bd build/sysmem.o
 .debug_line    0x0000d6b5      0x3d6 build/syscalls.o
 .debug_line    0x0000da8b       0x74 build/startup_stm32u545xx.o

.debug_str      0x00000000     0x4cf3
 .debug_str     0x00000000     0x4cf3 build/main.o
                                0x6fd (size before relaxing)
 .debug_str     0x00004cf3        0x0 build/stm32u5xx_it.o
                                0x280 (size before relaxing)
 .debug_str     0x00004cf3        0x0 build/stm32u5xx_hal_msp.o
                                0x3fe (size before relaxing)
 .debug_str     0x00004cf3        0x0 build/stm32u5xx_nucleo.o
                               0x1718 (size before relaxing)
 .debug_str     0x00004cf3        0x0 build/stm32u5xx_hal_cortex.o
                               0x118b (size before relaxing)
 .debug_str     0x00004cf3        0x0 build/stm32u5xx_hal_icache.o
                                0x4e2 (size before relaxing)
 .debug_str     0x00004cf3        0x0 build/stm32u5xx_hal.o
                               0x11ee (size before relaxing)
 .debug_str     0x00004cf3        0x0 build/stm32u5xx_hal_rcc.o
                                0xb9a (size before relaxing)
 .debug_str     0x00004cf3        0x0 build/stm32u5xx_hal_rcc_ex.o
                               0x1131 (size before relaxing)
 .debug_str     0x00004cf3        0x0 build/stm32u5xx_hal_gpio.o
                                0x503 (size before relaxing)
 .debug_str     0x00004cf3        0x0 build/stm32u5xx_hal_exti.o
                                0x4be (size before relaxing)
 .debug_str     0x00004cf3        0x0 build/stm32u5xx_hal_pwr_ex.o
                                0xbaf (size before relaxing)
 .debug_str     0x00004cf3        0x0 build/stm32u5xx_hal_uart.o
                               0x111a (size before relaxing)
 .debug_str     0x00004cf3        0x0 build/system_stm32u5xx.o
                                0x58e (size before relaxing)
 .debug_str     0x00004cf3        0x0 build/sysmem.o
                                0x21d (size before relaxing)
 .debug_str     0x00004cf3        0x0 build/syscalls.o
                                0x3f1 (size before relaxing)
 .debug_str     0x00004cf3        0x0 build/startup_stm32u545xx.o
                                 0x71 (size before relaxing)

.comment        0x00000000       0x43
 .comment       0x00000000       0x43 build/main.o
                                 0x44 (size before relaxing)
 .comment       0x00000043        0x0 build/stm32u5xx_it.o
                                 0x44 (size before relaxing)
 .comment       0x00000043        0x0 build/stm32u5xx_hal_msp.o
                                 0x44 (size before relaxing)
 .comment       0x00000043        0x0 build/stm32u5xx_nucleo.o
                                 0x44 (size before relaxing)
 .comment       0x00000043        0x0 build/stm32u5xx_hal_cortex.o
                                 0x44 (size before relaxing)
 .comment       0x00000043        0x0 build/stm32u5xx_hal_icache.o
                                 0x44 (size before relaxing)
 .comment       0x00000043        0x0 build/stm32u5xx_hal.o
                                 0x44 (size before relaxing)
 .comment       0x00000043        0x0 build/stm32u5xx_hal_rcc.o
                                 0x44 (size before relaxing)
 .comment       0x00000043        0x0 build/stm32u5xx_hal_rcc_ex.o
                                 0x44 (size before relaxing)
 .comment       0x00000043        0x0 build/stm32u5xx_hal_gpio.o
                                 0x44 (size before relaxing)
 .comment       0x00000043        0x0 build/stm32u5xx_hal_exti.o
                                 0x44 (size before relaxing)
 .comment       0x00000043        0x0 build/stm32u5xx_hal_pwr_ex.o
                                 0x44 (size before relaxing)
 .comment       0x00000043        0x0 build/stm32u5xx_hal_uart.o
                                 0x44 (size before relaxing)
 .comment       0x00000043        0x0 build/system_stm32u5xx.o
                                 0x44 (size before relaxing)
 .comment       0x00000043        0x0 build/sysmem.o
                                 0x44 (size before relaxing)
 .comment       0x00000043        0x0 build/syscalls.o
                                 0x44 (size before relaxing)

.debug_frame    0x00000000     0x26ac
 .debug_frame   0x00000000       0x98 build/main.o
 .debug_frame   0x00000098       0xc0 build/stm32u5xx_it.o
 .debug_frame   0x00000158       0x28 build/stm32u5xx_hal_msp.o
 .debug_frame   0x00000180      0x270 build/stm32u5xx_nucleo.o
 .debug_frame   0x000003f0      0x254 build/stm32u5xx_hal_cortex.o
 .debug_frame   0x00000644      0x168 build/stm32u5xx_hal_icache.o
 .debug_frame   0x000007ac      0x2a8 build/stm32u5xx_hal.o
 .debug_frame   0x00000a54      0x204 build/stm32u5xx_hal_rcc.o
 .debug_frame   0x00000c58      0x374 build/stm32u5xx_hal_rcc_ex.o
 .debug_frame   0x00000fcc      0x128 build/stm32u5xx_hal_gpio.o
 .debug_frame   0x000010f4      0x128 build/stm32u5xx_hal_exti.o
 .debug_frame   0x0000121c      0x3b8 build/stm32u5xx_hal_pwr_ex.o
 .debug_frame   0x000015d4      0x684 build/stm32u5xx_hal_uart.o
 .debug_frame   0x00001c58       0x3c build/system_stm32u5xx.o
 .debug_frame   0x00001c94       0x28 build/sysmem.o
 .debug_frame   0x00001cbc      0x190 build/syscalls.o
 .debug_frame   0x00001e4c      0x144 /opt/st/stm32cubeclt_1.20.0/GNU-tools-for-STM32/bin/../lib/gcc/arm-none-eabi/13.3.1/../../../../arm-none-eabi/lib/thumb/v8-m.main+fp/hard/libc_nano.a(libc_a-findfp.o)
 .debug_frame   0x00001f90       0x34 /opt/st/stm32cubeclt_1.20.0/GNU-tools-for-STM32/bin/../lib/gcc/arm-none-eabi/13.3.1/../../../../arm-none-eabi/lib/thumb/v8-m.main+fp/hard/libc_nano.a(libc_a-fwalk.o)
 .debug_frame   0x00001fc4       0x6c /opt/st/stm32cubeclt_1.20.0/GNU-tools-for-STM32/bin/../lib/gcc/arm-none-eabi/13.3.1/../../../../arm-none-eabi/lib/thumb/v8-m.main+fp/hard/libc_nano.a(libc_a-printf.o)
 .debug_frame   0x00002030       0x88 /opt/st/stm32cubeclt_1.20.0/GNU-tools-for-STM32/bin/../lib/gcc/arm-none-eabi/13.3.1/../../../../arm-none-eabi/lib/thumb/v8-m.main+fp/hard/libc_nano.a(libc_a-stdio.o)
 .debug_frame   0x000020b8       0x20 /opt/st/stm32cubeclt_1.20.0/GNU-tools-for-STM32/bin/../lib/gcc/arm-none-eabi/13.3.1/../../../../arm-none-eabi/lib/thumb/v8-m.main+fp/hard/libc_nano.a(libc_a-memset.o)
 .debug_frame   0x000020d8       0x2c /opt/st/stm32cubeclt_1.20.0/GNU-tools-for-STM32/bin/../lib/gcc/arm-none-eabi/13.3.1/../../../../arm-none-eabi/lib/thumb/v8-m.main+fp/hard/libc_nano.a(libc_a-closer.o)
 .debug_frame   0x00002104       0x38 /opt/st/stm32cubeclt_1.20.0/GNU-tools-for-STM32/bin/../lib/gcc/arm-none-eabi/13.3.1/../../../../arm-none-eabi/lib/thumb/v8-m.main+fp/hard/libc_nano.a(libc_a-reent.o)
 .debug_frame   0x0000213c       0x2c /opt/st/stm32cubeclt_1.20.0/GNU-tools-for-STM32/bin/../lib/gcc/arm-none-eabi/13.3.1/../../../../arm-none-eabi/lib/thumb/v8-m.main+fp/hard/libc_nano.a(libc_a-lseekr.o)
 .debug_frame   0x00002168       0x2c /opt/st/stm32cubeclt_1.20.0/GNU-tools-for-STM32/bin/../lib/gcc/arm-none-eabi/13.3.1/../../../../arm-none-eabi/lib/thumb/v8-m.main+fp/hard/libc_nano.a(libc_a-readr.o)
 .debug_frame   0x00002194       0x2c /opt/st/stm32cubeclt_1.20.0/GNU-tools-for-STM32/bin/../lib/gcc/arm-none-eabi/13.3.1/../../../../arm-none-eabi/lib/thumb/v8-m.main+fp/hard/libc_nano.a(libc_a-writer.o)
 .debug_frame   0x000021c0       0x20 /opt/st/stm32cubeclt_1.20.0/GNU-tools-for-STM32/bin/../lib/gcc/arm-none-eabi/13.3.1/../../../../arm-none-eabi/lib/thumb/v8-m.main+fp/hard/libc_nano.a(libc_a-errno.o)
 .debug_frame   0x000021e0       0x2c /opt/st/stm32cubeclt_1.20.0/GNU-tools-for-STM32/bin/../lib/gcc/arm-none-eabi/13.3.1/../../../../arm-none-eabi/lib/thumb/v8-m.main+fp/hard/libc_nano.a(libc_a-init.o)
 .debug_frame   0x0000220c       0xb0 /opt/st/stm32cubeclt_1.20.0/GNU-tools-for-STM32/bin/../lib/gcc/arm-none-eabi/13.3.1/../../../../arm-none-eabi/lib/thumb/v8-m.main+fp/hard/libc_nano.a(libc_a-lock.o)
 .debug_frame   0x000022bc       0x38 /opt/st/stm32cubeclt_1.20.0/GNU-tools-for-STM32/bin/../lib/gcc/arm-none-eabi/13.3.1/../../../../arm-none-eabi/lib/thumb/v8-m.main+fp/hard/libc_nano.a(libc_a-freer.o)
 .debug_frame   0x000022f4       0x50 /opt/st/stm32cubeclt_1.20.0/GNU-tools-for-STM32/bin/../lib/gcc/arm-none-eabi/13.3.1/../../../../arm-none-eabi/lib/thumb/v8-m.main+fp/hard/libc_nano.a(libc_a-mallocr.o)
 .debug_frame   0x00002344       0x30 /opt/st/stm32cubeclt_1.20.0/GNU-tools-for-STM32/bin/../lib/gcc/arm-none-eabi/13.3.1/../../../../arm-none-eabi/lib/thumb/v8-m.main+fp/hard/libc_nano.a(libc_a-mlock.o)
 .debug_frame   0x00002374       0xa8 /opt/st/stm32cubeclt_1.20.0/GNU-tools-for-STM32/bin/../lib/gcc/arm-none-eabi/13.3.1/../../../../arm-none-eabi/lib/thumb/v8-m.main+fp/hard/libc_nano.a(libc_a-nano-vfprintf.o)
 .debug_frame   0x0000241c       0x60 /opt/st/stm32cubeclt_1.20.0/GNU-tools-for-STM32/bin/../lib/gcc/arm-none-eabi/13.3.1/../../../../arm-none-eabi/lib/thumb/v8-m.main+fp/hard/libc_nano.a(libc_a-nano-vfprintf_i.o)
 .debug_frame   0x0000247c       0x5c /opt/st/stm32cubeclt_1.20.0/GNU-tools-for-STM32/bin/../lib/gcc/arm-none-eabi/13.3.1/../../../../arm-none-eabi/lib/thumb/v8-m.main+fp/hard/libc_nano.a(libc_a-fflush.o)
 .debug_frame   0x000024d8       0x40 /opt/st/stm32cubeclt_1.20.0/GNU-tools-for-STM32/bin/../lib/gcc/arm-none-eabi/13.3.1/../../../../arm-none-eabi/lib/thumb/v8-m.main+fp/hard/libc_nano.a(libc_a-wbuf.o)
 .debug_frame   0x00002518       0x2c /opt/st/stm32cubeclt_1.20.0/GNU-tools-for-STM32/bin/../lib/gcc/arm-none-eabi/13.3.1/../../../../arm-none-eabi/lib/thumb/v8-m.main+fp/hard/libc_nano.a(libc_a-wsetup.o)
 .debug_frame   0x00002544       0x2c /opt/st/stm32cubeclt_1.20.0/GNU-tools-for-STM32/bin/../lib/gcc/arm-none-eabi/13.3.1/../../../../arm-none-eabi/lib/thumb/v8-m.main+fp/hard/libc_nano.a(libc_a-sbrkr.o)
 .debug_frame   0x00002570       0x28 /opt/st/stm32cubeclt_1.20.0/GNU-tools-for-STM32/bin/../lib/gcc/arm-none-eabi/13.3.1/../../../../arm-none-eabi/lib/thumb/v8-m.main+fp/hard/libc_nano.a(libc_a-memchr-stub.o)
 .debug_frame   0x00002598       0x58 /opt/st/stm32cubeclt_1.20.0/GNU-tools-for-STM32/bin/../lib/gcc/arm-none-eabi/13.3.1/../../../../arm-none-eabi/lib/thumb/v8-m.main+fp/hard/libc_nano.a(libc_a-makebuf.o)
 .debug_frame   0x000025f0       0x2c /opt/st/stm32cubeclt_1.20.0/GNU-tools-for-STM32/bin/../lib/gcc/arm-none-eabi/13.3.1/../../../../arm-none-eabi/lib/thumb/v8-m.main+fp/hard/libc_nano.a(libc_a-fstatr.o)
 .debug_frame   0x0000261c       0x2c /opt/st/stm32cubeclt_1.20.0/GNU-tools-for-STM32/bin/../lib/gcc/arm-none-eabi/13.3.1/../../../../arm-none-eabi/lib/thumb/v8-m.main+fp/hard/libc_nano.a(libc_a-isattyr.o)
 .debug_frame   0x00002648       0x2c /opt/st/stm32cubeclt_1.20.0/GNU-tools-for-STM32/bin/../lib/gcc/arm-none-eabi/13.3.1/thumb/v8-m.main+fp/hard/libgcc.a(_aeabi_uldivmod.o)
 .debug_frame   0x00002674       0x38 /opt/st/stm32cubeclt_1.20.0/GNU-tools-for-STM32/bin/../lib/gcc/arm-none-eabi/13.3.1/thumb/v8-m.main+fp/hard/libgcc.a(_udivmoddi4.o)

Cross Reference Table

Symbol                                            File
ADC1_IRQHandler                                   build/startup_stm32u545xx.o
ADC4_IRQHandler                                   build/startup_stm32u545xx.o
ADF1_IRQHandler                                   build/startup_stm32u545xx.o
AES_IRQHandler                                    build/startup_stm32u545xx.o
AHBPrescTable                                     build/system_stm32u5xx.o
                                                  build/stm32u5xx_hal_rcc.o
                                                  build/stm32u5xx_hal.o
APBPrescTable                                     build/system_stm32u5xx.o
                                                  build/stm32u5xx_hal_rcc.o
BSP_COM_DeInit                                    build/stm32u5xx_nucleo.o
BSP_COM_Init                                      build/stm32u5xx_nucleo.o
                                                  build/main.o
BSP_COM_SelectLogPort                             build/stm32u5xx_nucleo.o
BSP_GetBoardID                                    build/stm32u5xx_nucleo.o
BSP_GetBoardName                                  build/stm32u5xx_nucleo.o
BSP_GetVersion                                    build/stm32u5xx_nucleo.o
BSP_LED_DeInit                                    build/stm32u5xx_nucleo.o
BSP_LED_GetState                                  build/stm32u5xx_nucleo.o
BSP_LED_Init                                      build/stm32u5xx_nucleo.o
                                                  build/main.o
BSP_LED_Off                                       build/stm32u5xx_nucleo.o
BSP_LED_On                                        build/stm32u5xx_nucleo.o
                                                  build/main.o
BSP_LED_Toggle                                    build/stm32u5xx_nucleo.o
                                                  build/main.o
BSP_PB_Callback                                   build/main.o
BSP_PB_DeInit                                     build/stm32u5xx_nucleo.o
BSP_PB_GetState                                   build/stm32u5xx_nucleo.o
BSP_PB_IRQHandler                                 build/stm32u5xx_nucleo.o
                                                  build/stm32u5xx_it.o
BSP_PB_Init                                       build/stm32u5xx_nucleo.o
                                                  build/main.o
BspButtonState                                    build/main.o
BspCOMInit                                        build/main.o
BusFault_Handler                                  build/stm32u5xx_it.o
COMP_IRQHandler                                   build/startup_stm32u545xx.o
COM_USART                                         build/stm32u5xx_nucleo.o
CORDIC_IRQHandler                                 build/startup_stm32u545xx.o
CRS_IRQHandler                                    build/startup_stm32u545xx.o
DAC1_IRQHandler                                   build/startup_stm32u545xx.o
DCACHE1_IRQHandler                                build/startup_stm32u545xx.o
DCMI_PSSI_IRQHandler                              build/startup_stm32u545xx.o
DebugMon_Handler                                  build/stm32u5xx_it.o
Default_Handler                                   build/startup_stm32u545xx.o
EXTI0_IRQHandler                                  build/startup_stm32u545xx.o
EXTI10_IRQHandler                                 build/startup_stm32u545xx.o
EXTI11_IRQHandler                                 build/startup_stm32u545xx.o
EXTI12_IRQHandler                                 build/startup_stm32u545xx.o
EXTI13_IRQHandler                                 build/stm32u5xx_it.o
EXTI14_IRQHandler                                 build/startup_stm32u545xx.o
EXTI15_IRQHandler                                 build/startup_stm32u545xx.o
EXTI1_IRQHandler                                  build/startup_stm32u545xx.o
EXTI2_IRQHandler                                  build/startup_stm32u545xx.o
EXTI3_IRQHandler                                  build/startup_stm32u545xx.o
EXTI4_IRQHandler                                  build/startup_stm32u545xx.o
EXTI5_IRQHandler                                  build/startup_stm32u545xx.o
EXTI6_IRQHandler                                  build/startup_stm32u545xx.o
EXTI7_IRQHandler                                  build/startup_stm32u545xx.o
EXTI8_IRQHandler                                  build/startup_stm32u545xx.o
EXTI9_IRQHandler                                  build/startup_stm32u545xx.o
Error_Handler                                     build/main.o
FDCAN1_IT0_IRQHandler                             build/startup_stm32u545xx.o
FDCAN1_IT1_IRQHandler                             build/startup_stm32u545xx.o
FLASH_IRQHandler                                  build/startup_stm32u545xx.o
FLASH_PageErase                                   build/stm32u5xx_hal_flash_ex.o
                                                  build/stm32u5xx_hal_flash.o
FLASH_S_IRQHandler                                build/startup_stm32u545xx.o
FLASH_WaitForLastOperation                        build/stm32u5xx_hal_flash.o
                                                  build/stm32u5xx_hal_flash_ex.o
FMAC_IRQHandler                                   build/startup_stm32u545xx.o
FPU_IRQHandler                                    build/startup_stm32u545xx.o
GPDMA1_Channel0_IRQHandler                        build/startup_stm32u545xx.o
GPDMA1_Channel10_IRQHandler                       build/startup_stm32u545xx.o
GPDMA1_Channel11_IRQHandler                       build/startup_stm32u545xx.o
GPDMA1_Channel12_IRQHandler                       build/startup_stm32u545xx.o
GPDMA1_Channel13_IRQHandler                       build/startup_stm32u545xx.o
GPDMA1_Channel14_IRQHandler                       build/startup_stm32u545xx.o
GPDMA1_Channel15_IRQHandler                       build/startup_stm32u545xx.o
GPDMA1_Channel1_IRQHandler                        build/startup_stm32u545xx.o
GPDMA1_Channel2_IRQHandler                        build/startup_stm32u545xx.o
GPDMA1_Channel3_IRQHandler                        build/startup_stm32u545xx.o
GPDMA1_Channel4_IRQHandler                        build/startup_stm32u545xx.o
GPDMA1_Channel5_IRQHandler                        build/startup_stm32u545xx.o
GPDMA1_Channel6_IRQHandler                        build/startup_stm32u545xx.o
GPDMA1_Channel7_IRQHandler                        build/startup_stm32u545xx.o
GPDMA1_Channel8_IRQHandler                        build/startup_stm32u545xx.o
GPDMA1_Channel9_IRQHandler                        build/startup_stm32u545xx.o
GTZC_IRQHandler                                   build/startup_stm32u545xx.o
HAL_DBGMCU_DisableDBGStandbyMode                  build/stm32u5xx_hal.o
HAL_DBGMCU_DisableDBGStopMode                     build/stm32u5xx_hal.o
HAL_DBGMCU_EnableDBGStandbyMode                   build/stm32u5xx_hal.o
HAL_DBGMCU_EnableDBGStopMode                      build/stm32u5xx_hal.o
HAL_DMAEx_ConfigDataHandling                      build/stm32u5xx_hal_dma_ex.o
HAL_DMAEx_ConfigRepeatBlock                       build/stm32u5xx_hal_dma_ex.o
HAL_DMAEx_ConfigTrigger                           build/stm32u5xx_hal_dma_ex.o
HAL_DMAEx_GetFifoLevel                            build/stm32u5xx_hal_dma_ex.o
HAL_DMAEx_List_BuildNode                          build/stm32u5xx_hal_dma_ex.o
HAL_DMAEx_List_ClearCircularMode                  build/stm32u5xx_hal_dma_ex.o
HAL_DMAEx_List_ConvertQToDynamic                  build/stm32u5xx_hal_dma_ex.o
HAL_DMAEx_List_ConvertQToStatic                   build/stm32u5xx_hal_dma_ex.o
HAL_DMAEx_List_DeInit                             build/stm32u5xx_hal_dma_ex.o
HAL_DMAEx_List_GetNodeConfig                      build/stm32u5xx_hal_dma_ex.o
HAL_DMAEx_List_Init                               build/stm32u5xx_hal_dma_ex.o
HAL_DMAEx_List_InsertNode                         build/stm32u5xx_hal_dma_ex.o
HAL_DMAEx_List_InsertNode_Head                    build/stm32u5xx_hal_dma_ex.o
HAL_DMAEx_List_InsertNode_Tail                    build/stm32u5xx_hal_dma_ex.o
HAL_DMAEx_List_InsertQ                            build/stm32u5xx_hal_dma_ex.o
HAL_DMAEx_List_InsertQ_Head                       build/stm32u5xx_hal_dma_ex.o
HAL_DMAEx_List_InsertQ_Tail                       build/stm32u5xx_hal_dma_ex.o
HAL_DMAEx_List_LinkQ                              build/stm32u5xx_hal_dma_ex.o
HAL_DMAEx_List_RemoveNode                         build/stm32u5xx_hal_dma_ex.o
HAL_DMAEx_List_RemoveNode_Head                    build/stm32u5xx_hal_dma_ex.o
HAL_DMAEx_List_RemoveNode_Tail                    build/stm32u5xx_hal_dma_ex.o
HAL_DMAEx_List_ReplaceNode                        build/stm32u5xx_hal_dma_ex.o
HAL_DMAEx_List_ReplaceNode_Head                   build/stm32u5xx_hal_dma_ex.o
HAL_DMAEx_List_ReplaceNode_Tail                   build/stm32u5xx_hal_dma_ex.o
HAL_DMAEx_List_ResetQ                             build/stm32u5xx_hal_dma_ex.o
HAL_DMAEx_List_SetCircularMode                    build/stm32u5xx_hal_dma_ex.o
HAL_DMAEx_List_SetCircularModeConfig              build/stm32u5xx_hal_dma_ex.o
HAL_DMAEx_List_Start                              build/stm32u5xx_hal_dma_ex.o
HAL_DMAEx_List_Start_IT                           build/stm32u5xx_hal_dma_ex.o
                                                  build/stm32u5xx_hal_uart.o
HAL_DMAEx_List_UnLinkQ                            build/stm32u5xx_hal_dma_ex.o
HAL_DMAEx_Resume                                  build/stm32u5xx_hal_dma_ex.o
                                                  build/stm32u5xx_hal_uart.o
HAL_DMAEx_Suspend                                 build/stm32u5xx_hal_dma_ex.o
                                                  build/stm32u5xx_hal_uart.o
HAL_DMAEx_Suspend_IT                              build/stm32u5xx_hal_dma_ex.o
HAL_DMA_Abort                                     build/stm32u5xx_hal_dma.o
                                                  build/stm32u5xx_hal_uart.o
HAL_DMA_Abort_IT                                  build/stm32u5xx_hal_dma.o
                                                  build/stm32u5xx_hal_uart.o
HAL_DMA_ConfigChannelAttributes                   build/stm32u5xx_hal_dma.o
HAL_DMA_DeInit                                    build/stm32u5xx_hal_dma.o
HAL_DMA_GetConfigChannelAttributes                build/stm32u5xx_hal_dma.o
HAL_DMA_GetError                                  build/stm32u5xx_hal_dma.o
                                                  build/stm32u5xx_hal_uart.o
HAL_DMA_GetLockChannelAttributes                  build/stm32u5xx_hal_dma.o
HAL_DMA_GetState                                  build/stm32u5xx_hal_dma.o
HAL_DMA_IRQHandler                                build/stm32u5xx_hal_dma.o
HAL_DMA_Init                                      build/stm32u5xx_hal_dma.o
HAL_DMA_PollForTransfer                           build/stm32u5xx_hal_dma.o
HAL_DMA_RegisterCallback                          build/stm32u5xx_hal_dma.o
HAL_DMA_Start                                     build/stm32u5xx_hal_dma.o
HAL_DMA_Start_IT                                  build/stm32u5xx_hal_dma.o
                                                  build/stm32u5xx_hal_uart.o
HAL_DMA_UnRegisterCallback                        build/stm32u5xx_hal_dma.o
HAL_DeInit                                        build/stm32u5xx_hal.o
HAL_Delay                                         build/stm32u5xx_hal.o
HAL_EXTI_ClearConfigLine                          build/stm32u5xx_hal_exti.o
HAL_EXTI_ClearPending                             build/stm32u5xx_hal_exti.o
HAL_EXTI_ConfigLineAttributes                     build/stm32u5xx_hal_exti.o
HAL_EXTI_GenerateSWI                              build/stm32u5xx_hal_exti.o
HAL_EXTI_GetConfigLine                            build/stm32u5xx_hal_exti.o
HAL_EXTI_GetConfigLineAttributes                  build/stm32u5xx_hal_exti.o
HAL_EXTI_GetHandle                                build/stm32u5xx_hal_exti.o
                                                  build/stm32u5xx_nucleo.o
HAL_EXTI_GetPending                               build/stm32u5xx_hal_exti.o
HAL_EXTI_IRQHandler                               build/stm32u5xx_hal_exti.o
                                                  build/stm32u5xx_nucleo.o
HAL_EXTI_RegisterCallback                         build/stm32u5xx_hal_exti.o
                                                  build/stm32u5xx_nucleo.o
HAL_EXTI_SetConfigLine                            build/stm32u5xx_hal_exti.o
HAL_FLASHEx_ConfigBBAttributes                    build/stm32u5xx_hal_flash_ex.o
HAL_FLASHEx_ConfigLowPowerRead                    build/stm32u5xx_hal_flash_ex.o
HAL_FLASHEx_ConfigPrivMode                        build/stm32u5xx_hal_flash_ex.o
HAL_FLASHEx_EnablePowerDown                       build/stm32u5xx_hal_flash_ex.o
HAL_FLASHEx_Erase                                 build/stm32u5xx_hal_flash_ex.o
HAL_FLASHEx_Erase_IT                              build/stm32u5xx_hal_flash_ex.o
HAL_FLASHEx_GetConfigBBAttributes                 build/stm32u5xx_hal_flash_ex.o
HAL_FLASHEx_GetLowPowerRead                       build/stm32u5xx_hal_flash_ex.o
HAL_FLASHEx_GetOperation                          build/stm32u5xx_hal_flash_ex.o
HAL_FLASHEx_GetPrivMode                           build/stm32u5xx_hal_flash_ex.o
HAL_FLASHEx_OBGetConfig                           build/stm32u5xx_hal_flash_ex.o
HAL_FLASHEx_OBProgram                             build/stm32u5xx_hal_flash_ex.o
HAL_FLASH_EndOfOperationCallback                  build/stm32u5xx_hal_flash.o
HAL_FLASH_GetError                                build/stm32u5xx_hal_flash.o
HAL_FLASH_IRQHandler                              build/stm32u5xx_hal_flash.o
HAL_FLASH_Lock                                    build/stm32u5xx_hal_flash.o
HAL_FLASH_OB_Launch                               build/stm32u5xx_hal_flash.o
HAL_FLASH_OB_Lock                                 build/stm32u5xx_hal_flash.o
HAL_FLASH_OB_Unlock                               build/stm32u5xx_hal_flash.o
HAL_FLASH_OperationErrorCallback                  build/stm32u5xx_hal_flash.o
HAL_FLASH_Program                                 build/stm32u5xx_hal_flash.o
HAL_FLASH_Program_IT                              build/stm32u5xx_hal_flash.o
HAL_FLASH_Unlock                                  build/stm32u5xx_hal_flash.o
HAL_GPIO_DeInit                                   build/stm32u5xx_hal_gpio.o
                                                  build/stm32u5xx_nucleo.o
HAL_GPIO_DisableHighSPeedLowVoltage               build/stm32u5xx_hal_gpio.o
HAL_GPIO_EXTI_Falling_Callback                    build/stm32u5xx_hal_gpio.o
HAL_GPIO_EXTI_IRQHandler                          build/stm32u5xx_hal_gpio.o
HAL_GPIO_EXTI_Rising_Callback                     build/stm32u5xx_hal_gpio.o
HAL_GPIO_EnableHighSPeedLowVoltage                build/stm32u5xx_hal_gpio.o
HAL_GPIO_Init                                     build/stm32u5xx_hal_gpio.o
                                                  build/stm32u5xx_hal_rcc.o
                                                  build/stm32u5xx_nucleo.o
HAL_GPIO_LockPin                                  build/stm32u5xx_hal_gpio.o
HAL_GPIO_ReadPin                                  build/stm32u5xx_hal_gpio.o
                                                  build/stm32u5xx_nucleo.o
HAL_GPIO_TogglePin                                build/stm32u5xx_hal_gpio.o
                                                  build/stm32u5xx_nucleo.o
HAL_GPIO_WriteMultipleStatePin                    build/stm32u5xx_hal_gpio.o
HAL_GPIO_WritePin                                 build/stm32u5xx_hal_gpio.o
                                                  build/stm32u5xx_nucleo.o
HAL_GetDEVID                                      build/stm32u5xx_hal.o
HAL_GetHalVersion                                 build/stm32u5xx_hal.o
HAL_GetREVID                                      build/stm32u5xx_hal.o
HAL_GetTick                                       build/stm32u5xx_hal.o
                                                  build/stm32u5xx_hal_uart.o
                                                  build/stm32u5xx_hal_uart_ex.o
                                                  build/stm32u5xx_hal_dma_ex.o
                                                  build/stm32u5xx_hal_dma.o
                                                  build/stm32u5xx_hal_flash_ex.o
                                                  build/stm32u5xx_hal_flash.o
                                                  build/stm32u5xx_hal_rcc_ex.o
                                                  build/stm32u5xx_hal_rcc.o
                                                  build/stm32u5xx_hal_icache.o
HAL_GetTickFreq                                   build/stm32u5xx_hal.o
HAL_GetTickPrio                                   build/stm32u5xx_hal.o
HAL_GetUIDw0                                      build/stm32u5xx_hal.o
HAL_GetUIDw1                                      build/stm32u5xx_hal.o
HAL_GetUIDw2                                      build/stm32u5xx_hal.o
HAL_HalfDuplex_EnableReceiver                     build/stm32u5xx_hal_uart.o
HAL_HalfDuplex_EnableTransmitter                  build/stm32u5xx_hal_uart.o
HAL_HalfDuplex_Init                               build/stm32u5xx_hal_uart.o
HAL_ICACHE_ConfigAssociativityMode                build/stm32u5xx_hal_icache.o
                                                  build/main.o
HAL_ICACHE_DeInit                                 build/stm32u5xx_hal_icache.o
HAL_ICACHE_Disable                                build/stm32u5xx_hal_icache.o
HAL_ICACHE_DisableRemapRegion                     build/stm32u5xx_hal_icache.o
HAL_ICACHE_Enable                                 build/stm32u5xx_hal_icache.o
                                                  build/main.o
HAL_ICACHE_EnableRemapRegion                      build/stm32u5xx_hal_icache.o
HAL_ICACHE_ErrorCallback                          build/stm32u5xx_hal_icache.o
HAL_ICACHE_IRQHandler                             build/stm32u5xx_hal_icache.o
HAL_ICACHE_Invalidate                             build/stm32u5xx_hal_icache.o
HAL_ICACHE_InvalidateCompleteCallback             build/stm32u5xx_hal_icache.o
HAL_ICACHE_Invalidate_IT                          build/stm32u5xx_hal_icache.o
HAL_ICACHE_IsEnabled                              build/stm32u5xx_hal_icache.o
HAL_ICACHE_Monitor_GetHitValue                    build/stm32u5xx_hal_icache.o
HAL_ICACHE_Monitor_GetMissValue                   build/stm32u5xx_hal_icache.o
HAL_ICACHE_Monitor_Reset                          build/stm32u5xx_hal_icache.o
HAL_ICACHE_Monitor_Start                          build/stm32u5xx_hal_icache.o
HAL_ICACHE_Monitor_Stop                           build/stm32u5xx_hal_icache.o
HAL_ICACHE_WaitForInvalidateComplete              build/stm32u5xx_hal_icache.o
HAL_IncTick                                       build/stm32u5xx_hal.o
                                                  build/stm32u5xx_it.o
HAL_Init                                          build/stm32u5xx_hal.o
                                                  build/main.o
HAL_InitTick                                      build/stm32u5xx_hal.o
                                                  build/stm32u5xx_hal_rcc.o
HAL_LIN_Init                                      build/stm32u5xx_hal_uart.o
HAL_LIN_SendBreak                                 build/stm32u5xx_hal_uart.o
HAL_MPU_ConfigMemoryAttributes                    build/stm32u5xx_hal_cortex.o
HAL_MPU_ConfigRegion                              build/stm32u5xx_hal_cortex.o
HAL_MPU_Disable                                   build/stm32u5xx_hal_cortex.o
HAL_MPU_DisableRegion                             build/stm32u5xx_hal_cortex.o
HAL_MPU_Enable                                    build/stm32u5xx_hal_cortex.o
HAL_MPU_EnableRegion                              build/stm32u5xx_hal_cortex.o
HAL_MspDeInit                                     build/stm32u5xx_hal.o
HAL_MspInit                                       build/stm32u5xx_hal_msp.o
HAL_MultiProcessorEx_AddressLength_Set            build/stm32u5xx_hal_uart_ex.o
HAL_MultiProcessor_DisableMuteMode                build/stm32u5xx_hal_uart.o
HAL_MultiProcessor_EnableMuteMode                 build/stm32u5xx_hal_uart.o
HAL_MultiProcessor_EnterMuteMode                  build/stm32u5xx_hal_uart.o
HAL_MultiProcessor_Init                           build/stm32u5xx_hal_uart.o
HAL_NVIC_ClearPendingIRQ                          build/stm32u5xx_hal_cortex.o
HAL_NVIC_DisableIRQ                               build/stm32u5xx_hal_cortex.o